Component: ARM Compiler 5.06 update 1 (build 61) Tool: armlink [4d35a8]

==============================================================================

Section Cross References

    cm0plus_startup.o(RESET) refers to cm0plus_startup.o(.text) for reset_handler
    cm0plus_startup.o(RESET) refers to mxd2660_uart1.o(i.UART1_int_IRQHandler) for UART1_int_IRQHandler
    cm0plus_startup.o(RESET) refers to mxd2660_spi_master.o(i.SPI0_int_IRQHandler) for SPI0_int_IRQHandler
    cm0plus_startup.o(RESET) refers to mxd2660_spi_master.o(i.SPI1_int_IRQHandler) for SPI1_int_IRQHandler
    cm0plus_startup.o(RESET) refers to mxd2660_dma.o(i.DMA_int_IRQ0Handler) for DMA_int_IRQ0Handler
    cm0plus_startup.o(RESET) refers to mxd2660_dma.o(i.DMA_int_IRQ1Handler) for DMA_int_IRQ1Handler
    cm0plus_startup.o(RESET) refers to mxd2660_iic.o(i.I2C0_int_IRQHandler) for I2C0_int_IRQHandler
    cm0plus_startup.o(RESET) refers to mxd2660_iic.o(i.I2C1_int_IRQHandler) for I2C1_int_IRQHandler
    cm0plus_startup.o(RESET) refers to mxd2660_7816.o(i._7816_int_IRQHandler) for _7816_int_IRQHandler
    cm0plus_startup.o(RESET) refers to mxd2660_timer.o(i.TMR0_int_IRQHandler) for TMR0_int_IRQHandler
    cm0plus_startup.o(RESET) refers to mxd2660_timer.o(i.TMR1_int_IRQHandler) for TMR1_int_IRQHandler
    cm0plus_startup.o(RESET) refers to mxd2660_timer.o(i.TMR2_int_IRQHandler) for TMR2_int_IRQHandler
    cm0plus_startup.o(RESET) refers to mxd2660_gpio.o(i.GPIO_0_int_IRQHandler) for GPIO_0_int_IRQHandler
    cm0plus_startup.o(RESET) refers to mxd2660_gpio.o(i.GPIO_1_int_IRQHandler) for GPIO_1_int_IRQHandler
    cm0plus_startup.o(RESET) refers to mxd2660_gpio.o(i.GPIO_2_int_IRQHandler) for GPIO_2_int_IRQHandler
    cm0plus_startup.o(.text) refers to entry.o(.ARM.Collect$$$$00000000) for __main
    sys.o(i.system_pins_wakeup_disable) refers to mxd2660_gpio.o(i.gpio_wakeup_disable_gpios) for gpio_wakeup_disable_gpios
    sys.o(i.system_pins_wakeup_disable) refers to utility.o(i.dly_us) for dly_us
    sys.o(i.system_pins_wakeup_enable) refers to mxd2660_gpio.o(i.gpio_wakeup_enable_gpios) for gpio_wakeup_enable_gpios
    sys.o(i.system_pins_wakeup_enable) refers to utility.o(i.dly_us) for dly_us
    sys.o(i.user_call_back_register) refers to err_debug.o(i.system_assert_debug) for system_assert_debug
    sys.o(i.user_call_back_register) refers to app_main.o(i.main_process) for main_process
    sys.o(i.user_call_back_register) refers to err_debug.o(i.os_stack_overflow) for os_stack_overflow
    sys.o(i.user_call_back_register) refers to app_main.o(i.save_info_before_sleep_cb) for save_info_before_sleep_cb
    sys.o(i.user_call_back_register) refers to app_main.o(i.recover_info_after_wakeup_cb) for recover_info_after_wakeup_cb
    sys.o(i.user_call_back_register) refers to debug.o(i.is_log_canbe_sleep) for is_log_canbe_sleep
    sys.o(i.user_call_back_register) refers to debug.o(i.uart1_Log_output) for uart1_Log_output
    sys.o(i.user_irq_register) refers to err_debug.o(i.HardFault_IRQ_Handler) for HardFault_IRQ_Handler
    sys.o(i.user_irq_register) refers to cm0plus_startup.o(.text) for UART0_int_IRQHandler
    sys.o(i.user_irq_register) refers to mxd2660_uart1.o(i.UART1_int_IRQHandler) for UART1_int_IRQHandler
    sys.o(i.user_irq_register) refers to mxd2660_spi_master.o(i.SPI0_int_IRQHandler) for SPI0_int_IRQHandler
    sys.o(i.user_irq_register) refers to mxd2660_spi_master.o(i.SPI1_int_IRQHandler) for SPI1_int_IRQHandler
    sys.o(i.user_irq_register) refers to mxd2660_dma.o(i.DMA_int_IRQ0Handler) for DMA_int_IRQ0Handler
    sys.o(i.user_irq_register) refers to mxd2660_dma.o(i.DMA_int_IRQ1Handler) for DMA_int_IRQ1Handler
    sys.o(i.user_irq_register) refers to mxd2660_iic.o(i.I2C0_int_IRQHandler) for I2C0_int_IRQHandler
    sys.o(i.user_irq_register) refers to mxd2660_iic.o(i.I2C1_int_IRQHandler) for I2C1_int_IRQHandler
    sys.o(i.user_irq_register) refers to mxd2660_7816.o(i._7816_int_IRQHandler) for _7816_int_IRQHandler
    sys.o(i.user_irq_register) refers to mxd2660_timer.o(i.TMR0_int_IRQHandler) for TMR0_int_IRQHandler
    sys.o(i.user_irq_register) refers to mxd2660_timer.o(i.TMR1_int_IRQHandler) for TMR1_int_IRQHandler
    sys.o(i.user_irq_register) refers to mxd2660_timer.o(i.TMR2_int_IRQHandler) for TMR2_int_IRQHandler
    sys.o(i.user_irq_register) refers to mxd2660_gpio.o(i.GPIO_0_int_IRQHandler) for GPIO_0_int_IRQHandler
    sys.o(i.user_irq_register) refers to mxd2660_gpio.o(i.GPIO_1_int_IRQHandler) for GPIO_1_int_IRQHandler
    sys.o(i.user_irq_register) refers to mxd2660_gpio.o(i.GPIO_2_int_IRQHandler) for GPIO_2_int_IRQHandler
    calendar.o(i.calc_new_date) refers to uidiv.o(.text) for __aeabi_uidivmod
    calendar.o(i.calc_new_date) refers to calendar.o(i.year_is_leap_year) for year_is_leap_year
    calendar.o(i.calendar_date_compare) refers to calendar.o(i.get_date_second) for get_date_second
    calendar.o(i.calendar_init) refers to calendar.o(i.update_system_date) for update_system_date
[...]
    rt_psh_req                               0x000125c9   Thumb Code     0  symbol.lib ABSOLUTE
    rt_psq_enq                               0x000125e9   Thumb Code     0  symbol.lib ABSOLUTE
    rt_put_dly                               0x00012629   Thumb Code     0  symbol.lib ABSOLUTE
    rt_put_prio                              0x00012679   Thumb Code     0  symbol.lib ABSOLUTE
    rt_put_rdy_first                         0x000126b5   Thumb Code     0  symbol.lib ABSOLUTE
    rt_resort_prio                           0x000126c9   Thumb Code     0  symbol.lib ABSOLUTE
    rt_resume                                0x000126f9   Thumb Code     0  symbol.lib ABSOLUTE
    rt_ret_val                               0x00012781   Thumb Code     0  symbol.lib ABSOLUTE
    rt_ret_val2                              0x00012787   Thumb Code     0  symbol.lib ABSOLUTE
    rt_rmv_dly                               0x0001278f   Thumb Code     0  symbol.lib ABSOLUTE
    rt_rmv_list                              0x000127b9   Thumb Code     0  symbol.lib ABSOLUTE
    rt_sem_delete                            0x000127ed   Thumb Code     0  symbol.lib ABSOLUTE
    rt_sem_init                              0x0001284d   Thumb Code     0  symbol.lib ABSOLUTE
    rt_sem_psh                               0x00012859   Thumb Code     0  symbol.lib ABSOLUTE
    rt_sem_send                              0x0001288d   Thumb Code     0  symbol.lib ABSOLUTE
    rt_sem_wait                              0x000128b9   Thumb Code     0  symbol.lib ABSOLUTE
    rt_stk_check                             0x000128fd   Thumb Code     0  symbol.lib ABSOLUTE
    rt_suspend                               0x00012925   Thumb Code     0  symbol.lib ABSOLUTE
    rt_switch_req                            0x0001294d   Thumb Code     0  symbol.lib ABSOLUTE
    rt_sys_init                              0x0001295d   Thumb Code     0  symbol.lib ABSOLUTE
    rt_sys_start                             0x00012a51   Thumb Code     0  symbol.lib ABSOLUTE
    rt_systick                               0x00012ab5   Thumb Code     0  symbol.lib ABSOLUTE
    rt_time_get                              0x00012b05   Thumb Code     0  symbol.lib ABSOLUTE
    rt_tsk_create                            0x00012b8d   Thumb Code     0  symbol.lib ABSOLUTE
    rt_tsk_delete                            0x00012c39   Thumb Code     0  symbol.lib ABSOLUTE
    rt_tsk_lock                              0x00012d91   Thumb Code     0  symbol.lib ABSOLUTE
    rt_tsk_pass                              0x00012de5   Thumb Code     0  symbol.lib ABSOLUTE
    rt_tsk_prio                              0x00012e11   Thumb Code     0  symbol.lib ABSOLUTE
    rt_tsk_self                              0x00012e91   Thumb Code     0  symbol.lib ABSOLUTE
    rt_tsk_unlock                            0x00012ea1   Thumb Code     0  symbol.lib ABSOLUTE
    svcDelay                                 0x00012ef5   Thumb Code     0  symbol.lib ABSOLUTE
    svcKernelInitialize                      0x00012f09   Thumb Code     0  symbol.lib ABSOLUTE
    svcKernelRunning                         0x00012f81   Thumb Code     0  symbol.lib ABSOLUTE
    svcKernelStart                           0x00012f8d   Thumb Code     0  symbol.lib ABSOLUTE
    svcKernelSysTick                         0x00012fd9   Thumb Code     0  symbol.lib ABSOLUTE
    svcMailCreate                            0x00013015   Thumb Code     0  symbol.lib ABSOLUTE
    svcMessageCreate                         0x00013063   Thumb Code     0  symbol.lib ABSOLUTE
    svcMessageGet                            0x0001308d   Thumb Code     0  symbol.lib ABSOLUTE
    svcMessagePut                            0x000130c9   Thumb Code     0  symbol.lib ABSOLUTE
    svcMutexCreate                           0x00013101   Thumb Code     0  symbol.lib ABSOLUTE
    svcMutexDelete                           0x00013121   Thumb Code     0  symbol.lib ABSOLUTE
    svcMutexRelease                          0x0001313d   Thumb Code     0  symbol.lib ABSOLUTE
    svcMutexWait                             0x00013161   Thumb Code     0  symbol.lib ABSOLUTE
    svcPoolCreate                            0x00013199   Thumb Code     0  symbol.lib ABSOLUTE
    svcSemaphoreCreate                       0x000131c9   Thumb Code     0  symbol.lib ABSOLUTE
    svcSemaphoreDelete                       0x000131f5   Thumb Code     0  symbol.lib ABSOLUTE
    svcSemaphoreRelease                      0x00013211   Thumb Code     0  symbol.lib ABSOLUTE
    svcSemaphoreWait                         0x0001323d   Thumb Code     0  symbol.lib ABSOLUTE
    svcSignalClear                           0x00013271   Thumb Code     0  symbol.lib ABSOLUTE
    svcSignalSet                             0x00013297   Thumb Code     0  symbol.lib ABSOLUTE
    svcSignalWait                            0x000132bd   Thumb Code     0  symbol.lib ABSOLUTE
    svcThreadCreate                          0x00013319   Thumb Code     0  symbol.lib ABSOLUTE
    svcThreadGetId                           0x00013391   Thumb Code     0  symbol.lib ABSOLUTE
    svcThreadGetPriority                     0x000133ad   Thumb Code     0  symbol.lib ABSOLUTE
    svcThreadSetPriority                     0x000133c1   Thumb Code     0  symbol.lib ABSOLUTE
    svcThreadTerminate                       0x000133f1   Thumb Code     0  symbol.lib ABSOLUTE
    svcThreadYield                           0x0001342d   Thumb Code     0  symbol.lib ABSOLUTE
    svcTimerCall                             0x00013437   Thumb Code     0  symbol.lib ABSOLUTE
    svcTimerCreate                           0x00013455   Thumb Code     0  symbol.lib ABSOLUTE
    svcTimerDelete                           0x00013495   Thumb Code     0  symbol.lib ABSOLUTE
    svcTimerStart                            0x000134bd   Thumb Code     0  symbol.lib ABSOLUTE
    svcTimerStop                             0x00013529   Thumb Code     0  symbol.lib ABSOLUTE
    sysMailAlloc                             0x00013551   Thumb Code     0  symbol.lib ABSOLUTE
    sysMailFree                              0x000135b5   Thumb Code     0  symbol.lib ABSOLUTE
    sysPoolAlloc                             0x0001361f   Thumb Code     0  symbol.lib ABSOLUTE
    sysPoolFree                              0x0001362b   Thumb Code     0  symbol.lib ABSOLUTE
    sysTimerTick                             0x00013641   Thumb Code     0  symbol.lib ABSOLUTE
    sysUserTimerUpdate                       0x00013699   Thumb Code     0  symbol.lib ABSOLUTE
    sysUserTimerWakeupTime                   0x000136c9   Thumb Code     0  symbol.lib ABSOLUTE
    os_maxtaskrun                            0x000136e0   Data           0  symbol.lib ABSOLUTE
    os_stackinfo                             0x000136e4   Data           0  symbol.lib ABSOLUTE
    os_rrobin                                0x000136e8   Data           0  symbol.lib ABSOLUTE
    os_tickfreq                              0x000136ec   Data           0  symbol.lib ABSOLUTE
    os_tickus_i                              0x000136f0   Data           0  symbol.lib ABSOLUTE
    os_tickus_f                              0x000136f2   Data           0  symbol.lib ABSOLUTE
    os_trv                                   0x000136f4   Data           0  symbol.lib ABSOLUTE
    os_flags                                 0x000136f8   Data           0  symbol.lib ABSOLUTE
    CMSIS_RTOS_API_Version                   0x000136fc   Data           0  symbol.lib ABSOLUTE
    CMSIS_RTOS_RTX_Version                   0x00013700   Data           0  symbol.lib ABSOLUTE
    os_clockrate                             0x00013704   Data           0  symbol.lib ABSOLUTE
    os_timernum                              0x00013708   Data           0  symbol.lib ABSOLUTE
    mp_tcb_size                              0x0001370c   Data           0  symbol.lib ABSOLUTE
    mp_stk_size                              0x00013710   Data           0  symbol.lib ABSOLUTE
    os_stack_sz                              0x00013714   Data           0  symbol.lib ABSOLUTE
    os_fifo_size                             0x00013718   Data           0  symbol.lib ABSOLUTE
    os_messageQ_def_osTimerMessageQ          0x0001371c   Data           0  symbol.lib ABSOLUTE
    mp_tmr_size                              0x00013724   Data           0  symbol.lib ABSOLUTE
    os_thread_def_ll_ctrl_task               0x00013728   Data           0  symbol.lib ABSOLUTE
    os_thread_def_st_ctrl_task               0x00013738   Data           0  symbol.lib ABSOLUTE
    os_thread_def_encrypt_task               0x00013748   Data           0  symbol.lib ABSOLUTE
    __asm___5_mem_c_d485bf6b____REV16        0x00013759   Thumb Code     0  symbol.lib ABSOLUTE
    __asm___6_rand_c_3182465e____REV16       0x0001375d   Thumb Code     0  symbol.lib ABSOLUTE
    __asm___10_pmu_ctrl_c_a96b3922____REV16  0x00013761   Thumb Code     0  symbol.lib ABSOLUTE
    __asm___9_pmu_phy_c_192fd7dc____REV16    0x00013765   Thumb Code     0  symbol.lib ABSOLUTE
    __asm___12_stack_main_c_53a58a3d____REV16 0x00013769   Thumb Code     0  symbol.lib ABSOLUTE
    __asm___7_timer_c_04967113____REV16      0x0001376d   Thumb Code     0  symbol.lib ABSOLUTE
    __asm___9_pmu_clk_c_711fc7bf____REV16    0x00013771   Thumb Code     0  symbol.lib ABSOLUTE
    __asm___5_mem_c_d485bf6b____REVSH        0x00013775   Thumb Code     0  symbol.lib ABSOLUTE
    __asm___6_rand_c_3182465e____REVSH       0x00013779   Thumb Code     0  symbol.lib ABSOLUTE
    __asm___10_pmu_ctrl_c_a96b3922____REVSH  0x0001377d   Thumb Code     0  symbol.lib ABSOLUTE
    __asm___9_pmu_phy_c_192fd7dc____REVSH    0x00013781   Thumb Code     0  symbol.lib ABSOLUTE
    __asm___12_stack_main_c_53a58a3d____REVSH 0x00013785   Thumb Code     0  symbol.lib ABSOLUTE
    __asm___7_timer_c_04967113____REVSH      0x00013789   Thumb Code     0  symbol.lib ABSOLUTE
    __asm___9_pmu_clk_c_711fc7bf____REVSH    0x0001378d   Thumb Code     0  symbol.lib ABSOLUTE
    PMU_int_IRQHandler                       0x000137d5   Thumb Code     0  symbol.lib ABSOLUTE
    _PMU_REGBSS                              0x00013841   Thumb Code     0  symbol.lib ABSOLUTE
    data_mem_init                            0x00013871   Thumb Code     0  symbol.lib ABSOLUTE
    delay_cycles                             0x00013909   Thumb Code     0  symbol.lib ABSOLUTE
    delay_us                                 0x00013919   Thumb Code     0  symbol.lib ABSOLUTE
    get_rand                                 0x00013925   Thumb Code     0  symbol.lib ABSOLUTE
    get_rand_128                             0x00013935   Thumb Code     0  symbol.lib ABSOLUTE
    get_rand_192                             0x0001395b   Thumb Code     0  symbol.lib ABSOLUTE
    get_rand_256                             0x00013981   Thumb Code     0  symbol.lib ABSOLUTE
    get_rand_r                               0x000139a9   Thumb Code     0  symbol.lib ABSOLUTE
    mem_ctrl_init                            0x000139e1   Thumb Code     0  symbol.lib ABSOLUTE
    pmu_16m_rc_clk_calibration               0x00013a35   Thumb Code     0  symbol.lib ABSOLUTE
    pmu_32k_rc_clk_calibration               0x00013b89   Thumb Code     0  symbol.lib ABSOLUTE
    pmu_32m_48m_pll_clk_calibration          0x00013c55   Thumb Code     0  symbol.lib ABSOLUTE
    pmu_change_to_32k_count                  0x00013cfd   Thumb Code     0  symbol.lib ABSOLUTE
    pmu_check_current_32k_clk_source         0x00013d49   Thumb Code     0  symbol.lib ABSOLUTE
    pmu_check_current_clock_source           0x00013d59   Thumb Code     0  symbol.lib ABSOLUTE
    pmu_check_sleep                          0x00013d81   Thumb Code     0  symbol.lib ABSOLUTE
    pmu_clear_peri_status                    0x00013f21   Thumb Code     0  symbol.lib ABSOLUTE
    pmu_clk_16m_sel_get                      0x00013f3d   Thumb Code     0  symbol.lib ABSOLUTE
    pmu_clk_16m_sel_set                      0x00013f4d   Thumb Code     0  symbol.lib ABSOLUTE
    pmu_clk_gate                             0x00013f61   Thumb Code     0  symbol.lib ABSOLUTE
    pmu_clk_high_divider                     0x00013f6d   Thumb Code     0  symbol.lib ABSOLUTE
    pmu_clk_switch                           0x0001402d   Thumb Code     0  symbol.lib ABSOLUTE
    pmu_clk_trig                             0x000140cd   Thumb Code     0  symbol.lib ABSOLUTE
    pmu_clk_turn_off                         0x000140e1   Thumb Code     0  symbol.lib ABSOLUTE
    pmu_clk_turn_on_curr                     0x00014121   Thumb Code     0  symbol.lib ABSOLUTE
    pmu_clk_turn_on_des                      0x00014199   Thumb Code     0  symbol.lib ABSOLUTE
    pmu_clk_wait_stable                      0x00014205   Thumb Code     0  symbol.lib ABSOLUTE
    pmu_init                                 0x00014279   Thumb Code     0  symbol.lib ABSOLUTE
    pmu_lower_power_manage                   0x0001431d   Thumb Code     0  symbol.lib ABSOLUTE
    pmu_phy_get_pmu_state                    0x000143b5   Thumb Code     0  symbol.lib ABSOLUTE
    pmu_phy_set_16m_schmitt_disable          0x000143c1   Thumb Code     0  symbol.lib ABSOLUTE
    pmu_phy_set_16mrc_cap                    0x000143d1   Thumb Code     0  symbol.lib ABSOLUTE
    pmu_phy_sleep_level                      0x000143e1   Thumb Code     0  symbol.lib ABSOLUTE
    pmu_set_peri_status                      0x000143f5   Thumb Code     0  symbol.lib ABSOLUTE
    pmu_shutdown_proc                        0x00014411   Thumb Code     0  symbol.lib ABSOLUTE
    pmu_switch_to_32k_rc                     0x0001441d   Thumb Code     0  symbol.lib ABSOLUTE
    pmu_switch_to_32k_xo                     0x00014469   Thumb Code     0  symbol.lib ABSOLUTE
    pmu_switch_to_dcxo                       0x000144f5   Thumb Code     0  symbol.lib ABSOLUTE
    pmu_switch_to_pll                        0x00014527   Thumb Code     0  symbol.lib ABSOLUTE
    pmu_switch_to_rc                         0x0001455d   Thumb Code     0  symbol.lib ABSOLUTE
    rand_init                                0x00014599   Thumb Code     0  symbol.lib ABSOLUTE
    rtc_check_big_compare                    0x000145a5   Thumb Code     0  symbol.lib ABSOLUTE
    sleep                                    0x000145e5   Thumb Code     0  symbol.lib ABSOLUTE
    software_reset                           0x00014639   Thumb Code     0  symbol.lib ABSOLUTE
    stack_embeded_adv_init                   0x0001464d   Thumb Code     0  symbol.lib ABSOLUTE
    stack_embeded_is_advertising             0x000146b9   Thumb Code     0  symbol.lib ABSOLUTE
    sys_chip_id_get                          0x000146d5   Thumb Code     0  symbol.lib ABSOLUTE
    sys_irq_init                             0x00014731   Thumb Code     0  symbol.lib ABSOLUTE
    sys_irq_register                         0x0001476d   Thumb Code     0  symbol.lib ABSOLUTE
    system_32k_clk_select                    0x000147ad   Thumb Code     0  symbol.lib ABSOLUTE
    system_assert                            0x000147e5   Thumb Code     0  symbol.lib ABSOLUTE
    system_clk_gate                          0x000147fd   Thumb Code     0  symbol.lib ABSOLUTE
    system_dcxo_clk_check_for_ltc            0x00014811   Thumb Code     0  symbol.lib ABSOLUTE
    system_flash_clk_sel                     0x00014831   Thumb Code     0  symbol.lib ABSOLUTE
    system_get_reset_source                  0x00014845   Thumb Code     0  symbol.lib ABSOLUTE
    system_high_clk_select                   0x00014855   Thumb Code     0  symbol.lib ABSOLUTE
    system_high_clk_set_xo_source            0x00014949   Thumb Code     0  symbol.lib ABSOLUTE
    system_power_dcdc_mode_set               0x00014981   Thumb Code     0  symbol.lib ABSOLUTE
    system_reset                             0x00014991   Thumb Code     0  symbol.lib ABSOLUTE
    system_set_32kxo_ppm                     0x000149c5   Thumb Code     0  symbol.lib ABSOLUTE
    system_set_cpu_clk                       0x000149e5   Thumb Code     0  symbol.lib ABSOLUTE
    system_set_freq_accuracy                 0x000149e9   Thumb Code     0  symbol.lib ABSOLUTE
    system_set_low_power_mode                0x00014a19   Thumb Code     0  symbol.lib ABSOLUTE
    system_set_radio_mode                    0x00014a31   Thumb Code     0  symbol.lib ABSOLUTE
    system_set_radio_tx_power                0x00014a49   Thumb Code     0  symbol.lib ABSOLUTE
    system_set_rf_tx_power                   0x00014a55   Thumb Code     0  symbol.lib ABSOLUTE
    timer_add                                0x00014a61   Thumb Code     0  symbol.lib ABSOLUTE
    timer_create                             0x00014a65   Thumb Code     0  symbol.lib ABSOLUTE
    timer_delete                             0x00014aa3   Thumb Code     0  symbol.lib ABSOLUTE
    timer_find_smallest                      0x00014aa9   Thumb Code     0  symbol.lib ABSOLUTE
    timer_init                               0x00014aed   Thumb Code     0  symbol.lib ABSOLUTE
    timer_list_manage                        0x00014b3d   Thumb Code     0  symbol.lib ABSOLUTE
    timer_set_compare                        0x00014b81   Thumb Code     0  symbol.lib ABSOLUTE
    timer_start                              0x00014b99   Thumb Code     0  symbol.lib ABSOLUTE
    timer_stop                               0x00014c45   Thumb Code     0  symbol.lib ABSOLUTE
    timer_update_compare                     0x00014c4d   Thumb Code     0  symbol.lib ABSOLUTE
    timerout_handler                         0x00014cad   Thumb Code     0  symbol.lib ABSOLUTE
    timeroverflow_handler                    0x00014d49   Thumb Code     0  symbol.lib ABSOLUTE
    user_app_header                          0x0002aff0   Data          16  app_main.o(.user.app.header)
    reset_handler                            0x0002b001   Thumb Code     4  cm0plus_startup.o(.text)
    I2S_int_IRQHandler                       0x0002b005   Thumb Code     0  cm0plus_startup.o(.text)
    KEYBOARD_int_IRQHandler                  0x0002b005   Thumb Code     0  cm0plus_startup.o(.text)
    UART0_int_IRQHandler                     0x0002b005   Thumb Code     0  cm0plus_startup.o(.text)
    __user_initial_stackheap                 0x0002b007   Thumb Code     0  cm0plus_startup.o(.text)
    __aeabi_uidiv                            0x0002b00d   Thumb Code     0  uidiv.o(.text)
    __aeabi_uidivmod                         0x0002b00d   Thumb Code    44  uidiv.o(.text)
    __aeabi_idiv                             0x0002b039   Thumb Code     0  idiv.o(.text)
    __aeabi_idivmod                          0x0002b039   Thumb Code    40  idiv.o(.text)
    __aeabi_memcpy                           0x0002b061   Thumb Code    36  memcpya.o(.text)
    __aeabi_memcpy4                          0x0002b061   Thumb Code     0  memcpya.o(.text)
    __aeabi_memcpy8                          0x0002b061   Thumb Code     0  memcpya.o(.text)
    __aeabi_memset                           0x0002b085   Thumb Code    14  memseta.o(.text)
    __aeabi_memset4                          0x0002b085   Thumb Code     0  memseta.o(.text)
    __aeabi_memset8                          0x0002b085   Thumb Code     0  memseta.o(.text)
    __aeabi_memclr                           0x0002b093   Thumb Code     4  memseta.o(.text)
    __aeabi_memclr4                          0x0002b093   Thumb Code     0  memseta.o(.text)
    __aeabi_memclr8                          0x0002b093   Thumb Code     0  memseta.o(.text)
    _memset$wrapper                          0x0002b097   Thumb Code    18  memseta.o(.text)
    __aeabi_uread4                           0x0002b0a9   Thumb Code    20  uread4.o(.text)
    __rt_uread4                              0x0002b0a9   Thumb Code     0  uread4.o(.text)
    _uread4                                  0x0002b0a9   Thumb Code     0  uread4.o(.text)
    __aeabi_llsl                             0x0002b0bd   Thumb Code    32  llshl.o(.text)
    _ll_shift_l                              0x0002b0bd   Thumb Code     0  llshl.o(.text)
    __aeabi_llsr                             0x0002b0dd   Thumb Code    34  llushr.o(.text)
    _ll_ushift_r                             0x0002b0dd   Thumb Code     0  llushr.o(.text)
    app_main                                 0x0002b101   Thumb Code    50  app_main.o(.ARM.__at_0x2B100)
    __aeabi_uldivmod                         0x0002b139   Thumb Code    96  uldiv.o(.text)
    __scatterload                            0x0002b199   Thumb Code    28  init.o(.text)
    __scatterload_rt2                        0x0002b199   Thumb Code     0  init.o(.text)
    __Vectors                                0x0002b1bc   Data           4  cm0plus_startup.o(RESET)
    __Vectors_End                            0x0002b27c   Data           0  cm0plus_startup.o(RESET)
    __main                                   0x0002b27d   Thumb Code     0  entry.o(.ARM.Collect$$$$00000000)
    _main_stk                                0x0002b27d   Thumb Code     0  entry2.o(.ARM.Collect$$$$00000001)
    _main_scatterload                        0x0002b281   Thumb Code     0  entry5.o(.ARM.Collect$$$$00000004)
    __main_after_scatterload                 0x0002b285   Thumb Code     0  entry5.o(.ARM.Collect$$$$00000004)
    _main_clock                              0x0002b285   Thumb Code     0  entry7b.o(.ARM.Collect$$$$00000008)
    _main_cpp_init                           0x0002b285   Thumb Code     0  entry8b.o(.ARM.Collect$$$$0000000A)
    _main_init                               0x0002b285   Thumb Code     0  entry9a.o(.ARM.Collect$$$$0000000B)
    __rt_final_cpp                           0x0002b28d   Thumb Code     0  entry10a.o(.ARM.Collect$$$$0000000D)
    __rt_final_exit                          0x0002b28d   Thumb Code     0  entry11a.o(.ARM.Collect$$$$0000000F)
    __asm___10_app_task_c_57459531____REV16  0x0002b291   Thumb Code     4  app_task.o(.rev16_text)
    __asm___10_app_task_c_57459531____REVSH  0x0002b295   Thumb Code     4  app_task.o(.revsh_text)
    DMA_int_IRQ0Handler                      0x0002b299   Thumb Code   120  mxd2660_dma.o(i.DMA_int_IRQ0Handler)
    DMA_int_IRQ1Handler                      0x0002b319   Thumb Code     2  mxd2660_dma.o(i.DMA_int_IRQ1Handler)
    GPIO_0_int_IRQHandler                    0x0002b31d   Thumb Code    38  mxd2660_gpio.o(i.GPIO_0_int_IRQHandler)
    GPIO_1_int_IRQHandler                    0x0002b351   Thumb Code    38  mxd2660_gpio.o(i.GPIO_1_int_IRQHandler)
    GPIO_2_int_IRQHandler                    0x0002b385   Thumb Code    38  mxd2660_gpio.o(i.GPIO_2_int_IRQHandler)
    HardFault_IRQ_Handler                    0x0002b3b9   Thumb Code   126  err_debug.o(i.HardFault_IRQ_Handler)
    I2C0_int_IRQHandler                      0x0002b529   Thumb Code    44  mxd2660_iic.o(i.I2C0_int_IRQHandler)
    I2C1_int_IRQHandler                      0x0002b561   Thumb Code    44  mxd2660_iic.o(i.I2C1_int_IRQHandler)
    LCM_init_oled                            0x0002b599   Thumb Code   164  lcm_00930.o(i.LCM_init_oled)
    LIS3DH_ReadReg                           0x0002b641   Thumb Code    10  lis3dh_driver.o(i.LIS3DH_ReadReg)
    LIS3DH_WriteReg                          0x0002b64b   Thumb Code    10  lis3dh_driver.o(i.LIS3DH_WriteReg)
    LIS3DH_cmd_proc                          0x0002b655   Thumb Code    58  lis3dh_driver.o(i.LIS3DH_cmd_proc)
    SPI0_SLV_IRQHandler                      0x0002b741   Thumb Code    72  mxd2660_spi_slave.o(i.SPI0_SLV_IRQHandler)
    SPI0_int_IRQHandler                      0x0002b791   Thumb Code    30  mxd2660_spi_master.o(i.SPI0_int_IRQHandler)
    SPI1_SLV_IRQHandler                      0x0002b7b9   Thumb Code    72  mxd2660_spi_slave.o(i.SPI1_SLV_IRQHandler)
    SPI1_int_IRQHandler                      0x0002b809   Thumb Code    30  mxd2660_spi_master.o(i.SPI1_int_IRQHandler)
    SPI_Mems_Read_Reg                        0x0002b831   Thumb Code    40  lis3dh_driver.o(i.SPI_Mems_Read_Reg)
    SPI_Mems_Write_Reg                       0x0002b85d   Thumb Code    26  lis3dh_driver.o(i.SPI_Mems_Write_Reg)
    TMR0_int_IRQHandler                      0x0002b879   Thumb Code   128  mxd2660_timer.o(i.TMR0_int_IRQHandler)
    TMR1_int_IRQHandler                      0x0002b905   Thumb Code   128  mxd2660_timer.o(i.TMR1_int_IRQHandler)
    TMR2_int_IRQHandler                      0x0002b991   Thumb Code   128  mxd2660_timer.o(i.TMR2_int_IRQHandler)
    UART1_int_IRQHandler                     0x0002ba1d   Thumb Code    38  mxd2660_uart1.o(i.UART1_int_IRQHandler)
    _7816_int_IRQHandler                     0x0002ba7d   Thumb Code    14  mxd2660_7816.o(i._7816_int_IRQHandler)
    _7816_reset                              0x0002ba99   Thumb Code    94  mxd2660_7816.o(i._7816_reset)
    __0printf$8                              0x0002bb01   Thumb Code    24  printf8.o(i.__0printf$8)
    __1printf$8                              0x0002bb01   Thumb Code     0  printf8.o(i.__0printf$8)
    __2printf                                0x0002bb01   Thumb Code     0  printf8.o(i.__0printf$8)
    __scatterload_copy                       0x0002bb21   Thumb Code    14  handlers.o(i.__scatterload_copy)
    __scatterload_null                       0x0002bb2f   Thumb Code     2  handlers.o(i.__scatterload_null)
    __scatterload_zeroinit                   0x0002bb31   Thumb Code    14  handlers.o(i.__scatterload_zeroinit)
    adValueFilter                            0x0002bfb5   Thumb Code    32  lts1303m.o(i.adValueFilter)
    adc_init                                 0x0002bfd9   Thumb Code   100  mxd2660_adc.o(i.adc_init)
    adc_io_read                              0x0002c049   Thumb Code    66  mxd2660_adc.o(i.adc_io_read)
    adc_read_callback                        0x0002c099   Thumb Code    36  lts1303m.o(i.adc_read_callback)
    ancs_all_characteristic_found_handler    0x0002c0c9   Thumb Code    44  ancs_service.o(i.ancs_all_characteristic_found_handler)
    ancs_data_ntf_handler                    0x0002c139   Thumb Code     2  ancs_service.o(i.ancs_data_ntf_handler)
    ancs_discover_svc_by_uuid                0x0002c13b   Thumb Code     8  ancs_service.o(i.ancs_discover_svc_by_uuid)
    ancs_init                                0x0002c143   Thumb Code     8  ancs_service.o(i.ancs_init)
    ancs_server_config_notify                0x0002c14b   Thumb Code     8  ancs_service.o(i.ancs_server_config_notify)
    ancs_source_ntf_handler                  0x0002c153   Thumb Code    14  ancs_service.o(i.ancs_source_ntf_handler)
    ancs_timeout_handler                     0x0002c161   Thumb Code    36  app_ble.o(i.ancs_timeout_handler)
    ancs_write_get_data_ntf                  0x0002c18d   Thumb Code    14  ancs_service.o(i.ancs_write_get_data_ntf)
    app_irq_init                             0x0002c1a1   Thumb Code   104  app_main.o(i.app_irq_init)
    app_task                                 0x0002c209   Thumb Code   100  app_task.o(i.app_task)
    app_task_init                            0x0002c27d   Thumb Code    46  app_task.o(i.app_task_init)
    ble_app_default_init                     0x0002c2cd   Thumb Code    80  app_ble.o(i.ble_app_default_init)
    ble_app_init                             0x0002c331   Thumb Code    60  app_ble.o(i.ble_app_init)
    ble_msg_proc                             0x0002c37d   Thumb Code   182  app_ble.o(i.ble_msg_proc)
    ble_peri_sendMsgToApp                    0x0002c469   Thumb Code    66  app_ble.o(i.ble_peri_sendMsgToApp)
    ble_profile_init                         0x0002c4b5   Thumb Code    12  app_main.o(i.ble_profile_init)
    bsp_ts1303_init                          0x0002c4c1   Thumb Code    38  lts1303m.o(i.bsp_ts1303_init)
    calc_new_date                            0x0002c4e9   Thumb Code   288  calendar.o(i.calc_new_date)
    calendar_init                            0x0002c61d   Thumb Code    24  calendar.o(i.calendar_init)
    delayCycles                              0x0002c639   Thumb Code    16  mxd2660_adc.o(i.delayCycles)
    delayUs                                  0x0002c649   Thumb Code    10  mxd2660_adc.o(i.delayUs)
    dly_cycles                               0x0002c6bb   Thumb Code    16  utility.o(i.dly_cycles)
    dly_us                                   0x0002c6cb   Thumb Code    10  utility.o(i.dly_us)
    fputc                                    0x0002c6d5   Thumb Code    36  debug.o(i.fputc)
    getArrayAverage                          0x0002c6f9   Thumb Code    54  lts1303m.o(i.getArrayAverage)
    getHeartRateDetection                    0x0002c731   Thumb Code   108  lts1303m.o(i.getHeartRateDetection)
    getHeartRateSmooth                       0x0002c7bd   Thumb Code    74  lts1303m.o(i.getHeartRateSmooth)
    getHeartRateWave                         0x0002c841   Thumb Code   428  lts1303m.o(i.getHeartRateWave)
    get_date_second                          0x0002cac1   Thumb Code   126  calendar.o(i.get_date_second)
    get_system_date                          0x0002cb55   Thumb Code    44  calendar.o(i.get_system_date)
    get_system_on_timer                      0x0002cb85   Thumb Code    42  calendar.o(i.get_system_on_timer)
    gpio_clear_bit                           0x0002cbb1   Thumb Code     6  mxd2660_gpio.o(i.gpio_clear_bit)
    gpio_config_hw_type                      0x0002cbbd   Thumb Code    54  mxd2660_gpio.o(i.gpio_config_hw_type)
    gpio_init_function                       0x0002cbf9   Thumb Code    42  mxd2660_gpio.o(i.gpio_init_function)
    gpio_init_high_impedance                 0x0002cc29   Thumb Code    36  mxd2660_gpio.o(i.gpio_init_high_impedance)
    gpio_init_input                          0x0002cc51   Thumb Code    44  mxd2660_gpio.o(i.gpio_init_input)
    gpio_init_output                         0x0002cc81   Thumb Code    62  mxd2660_gpio.o(i.gpio_init_output)
    gpio_read_input_bit                      0x0002ccc5   Thumb Code    16  mxd2660_gpio.o(i.gpio_read_input_bit)
    gpio_set_bit                             0x0002ccd9   Thumb Code     6  mxd2660_gpio.o(i.gpio_set_bit)
    gpio_wakeup_enable_gpios                 0x0002cce5   Thumb Code    76  mxd2660_gpio.o(i.gpio_wakeup_enable_gpios)
    heartDealLoop                            0x0002cd35   Thumb Code   132  lts1303m.o(i.heartDealLoop)
    heartRateInit                            0x0002ce25   Thumb Code    52  lts1303m.o(i.heartRateInit)
    heartRateStackInit                       0x0002ce6d   Thumb Code    14  lts1303m.o(i.heartRateStackInit)
    hw_timer1_handler                        0x0002ce81   Thumb Code    26  lts1303m.o(i.hw_timer1_handler)
    hw_timer_clr_cnt                         0x0002cea1   Thumb Code    26  mxd2660_timer.o(i.hw_timer_clr_cnt)
    hw_timer_config                          0x0002cec1   Thumb Code    74  lts1303m.o(i.hw_timer_config)
    hw_timer_config_clk                      0x0002cf31   Thumb Code    42  mxd2660_timer.o(i.hw_timer_config_clk)
    hw_timer_config_compare                  0x0002cf65   Thumb Code    30  mxd2660_timer.o(i.hw_timer_config_compare)
    hw_timer_config_timerout                 0x0002cf8d   Thumb Code    44  mxd2660_timer.o(i.hw_timer_config_timerout)
    hw_timer_handler                         0x0002cfb9   Thumb Code    56  mxd2660_timer.o(i.hw_timer_handler)
    hw_timer_init                            0x0002cff9   Thumb Code    56  mxd2660_timer.o(i.hw_timer_init)
    hw_timer_set_mask                        0x0002d035   Thumb Code    22  mxd2660_timer.o(i.hw_timer_set_mask)
    hw_timer_start                           0x0002d055   Thumb Code   122  mxd2660_timer.o(i.hw_timer_start)
    i2c0_master_irq_handler                  0x0002d0dd   Thumb Code   526  mxd2660_iic.o(i.i2c0_master_irq_handler)
    i2c0_slave_irq_handler                   0x0002d2f5   Thumb Code   172  mxd2660_iic_slave.o(i.i2c0_slave_irq_handler)
    i2c0_write                               0x0002d3a9   Thumb Code   202  mxd2660_iic.o(i.i2c0_write)
    i2c1_master_irq_handler                  0x0002d485   Thumb Code   536  mxd2660_iic.o(i.i2c1_master_irq_handler)
    i2c1_slave_irq_handler                   0x0002d6a5   Thumb Code   172  mxd2660_iic_slave.o(i.i2c1_slave_irq_handler)
    i2c_get_device_conf                      0x0002d759   Thumb Code    28  mxd2660_iic.o(i.i2c_get_device_conf)
    isHeartRateValid                         0x0002d779   Thumb Code    38  lts1303m.o(i.isHeartRateValid)
    isPeakBottom                             0x0002d7c9   Thumb Code    24  lts1303m.o(i.isPeakBottom)
    is_log_canbe_sleep                       0x0002d7e1   Thumb Code    18  debug.o(i.is_log_canbe_sleep)
    lcm_cmd_proc                             0x0002d7f9   Thumb Code    48  lcm_00930.o(i.lcm_cmd_proc)
    led_init                                 0x0002d82d   Thumb Code    34  led.o(i.led_init)
    little_endian_read_32bit                 0x0002d84f   Thumb Code    22  utility.o(i.little_endian_read_32bit)
    main                                     0x0002d865   Thumb Code    28  sys.o(i.main)
    main_process                             0x0002d881   Thumb Code    12  app_main.o(i.main_process)
    motor_timer_callback                     0x0002d88d   Thumb Code    16  wristband_application.o(i.motor_timer_callback)
    os_stack_overflow                        0x0002d8a1   Thumb Code    38  err_debug.o(i.os_stack_overflow)
    ota_init                                 0x0002d90d   Thumb Code    18  app_ota.o(i.ota_init)
    peripheral_init                          0x0002d929   Thumb Code   114  app_main.o(i.peripheral_init)
    power_manage_init                        0x0002d9c5   Thumb Code    36  app_main.o(i.power_manage_init)
    pushPulsePeakStack                       0x0002d9ed   Thumb Code    34  lts1303m.o(i.pushPulsePeakStack)
    recover_info_after_wakeup_cb             0x0002da19   Thumb Code    16  app_main.o(i.recover_info_after_wakeup_cb)
    regularPulseWave                         0x0002da29   Thumb Code    16  lts1303m.o(i.regularPulseWave)
    save_info_before_sleep_cb                0x0002da3d   Thumb Code    42  app_main.o(i.save_info_before_sleep_cb)
    sky1321_msg_proc                         0x0002da69   Thumb Code    88  wristband_application.o(i.sky1321_msg_proc)
    spi0_master_rx_only                      0x0002dac9   Thumb Code    30  mxd2660_spi_master.o(i.spi0_master_rx_only)
    spi0_master_trx                          0x0002dae7   Thumb Code    30  mxd2660_spi_master.o(i.spi0_master_trx)
    spi0_master_tx_rx_byte                   0x0002db05   Thumb Code    70  mxd2660_spi_master.o(i.spi0_master_tx_rx_byte)
    spi1_master_init                         0x0002db51   Thumb Code    34  mxd2660_spi_master.o(i.spi1_master_init)
    spi1_master_trx                          0x0002db85   Thumb Code    30  mxd2660_spi_master.o(i.spi1_master_trx)
    spi1_master_tx_rx_byte                   0x0002dba5   Thumb Code    70  mxd2660_spi_master.o(i.spi1_master_tx_rx_byte)
    sys_debug_en                             0x0002dbf1   Thumb Code     6  debug.o(i.sys_debug_en)
    sys_debug_init                           0x0002dbfd   Thumb Code    10  debug.o(i.sys_debug_init)
    system_assert_debug                      0x0002dc0d   Thumb Code    50  err_debug.o(i.system_assert_debug)
    system_pins_wakeup_enable                0x0002dc69   Thumb Code    14  sys.o(i.system_pins_wakeup_enable)
    uart1_Log_output                         0x0002dc79   Thumb Code    34  debug.o(i.uart1_Log_output)
    uart1_Log_print                          0x0002dca5   Thumb Code    60  debug.o(i.uart1_Log_print)
    uart1_init                               0x0002dced   Thumb Code    18  mxd2660_uart1.o(i.uart1_init)
    uart1_send                               0x0002dd0d   Thumb Code    28  mxd2660_uart1.o(i.uart1_send)
    updatePulsePeakStack                     0x0002dd2d   Thumb Code    18  lts1303m.o(i.updatePulsePeakStack)
    update_system_date                       0x0002dd49   Thumb Code    66  calendar.o(i.update_system_date)
    user_call_back_register                  0x0002dd91   Thumb Code    36  sys.o(i.user_call_back_register)
    user_flash_nvr_read                      0x0002dddd   Thumb Code    58  mxd2660_flash.o(i.user_flash_nvr_read)
    user_irq_register                        0x0002de25   Thumb Code    78  sys.o(i.user_irq_register)
    watch_dog_feed                           0x0002dec5   Thumb Code     8  mxd2660_watch_dog.o(i.watch_dog_feed)
    wristband_7816_cmd_proc                  0x0002ded1   Thumb Code    22  zx_7816.o(i.wristband_7816_cmd_proc)
    wristband_battay_check                   0x0002dee7   Thumb Code    24  wristband_application.o(i.wristband_battay_check)
    wristband_getAttrLen_CB                  0x0002df01   Thumb Code    16  wristband_service.o(i.wristband_getAttrLen_CB)
    wristband_init_service                   0x0002df15   Thumb Code    98  wristband_service.o(i.wristband_init_service)
    wristband_main_msg_proc                  0x0002df81   Thumb Code   264  wristband_application.o(i.wristband_main_msg_proc)
    wristband_motor_proc                     0x0002e08d   Thumb Code    84  wristband_application.o(i.wristband_motor_proc)
    wristband_msg_handler                    0x0002e0e9   Thumb Code   104  wristband_application.o(i.wristband_msg_handler)
    wristband_notify_AppSendToBle            0x0002e171   Thumb Code    52  wristband_service.o(i.wristband_notify_AppSendToBle)
    wristband_read_attrCB                    0x0002e1b1   Thumb Code    28  wristband_service.o(i.wristband_read_attrCB)
    wristband_set_data                       0x0002e1d1   Thumb Code    88  wristband_application.o(i.wristband_set_data)
    wristband_write_attrCB                   0x0002e229   Thumb Code    82  wristband_service.o(i.wristband_write_attrCB)
    year_is_leap_year                        0x0002e2d1   Thumb Code    42  calendar.o(i.year_is_leap_year)
    os_thread_def_app_task                   0x0002e2fc   Data          16  app_task.o(.constdata)
    os_pool_def_app_msg_pool                 0x0002e30c   Data          12  app_task.o(.constdata)
    os_pool_def_wristband_data_pool          0x0002e318   Data          12  app_task.o(.constdata)
    Region$$Table$$Base                      0x0002e37c   Number         0  anon$$obj.o(Region$$Table)
    Region$$Table$$Limit                     0x0002e39c   Number         0  anon$$obj.o(Region$$Table)
    g_code_num                               0x20000000   Data           0  symbol.lib ABSOLUTE
    g_code_addr                              0x20000004   Data           0  symbol.lib ABSOLUTE
    g_update_local_info                      0x20000008   Data           0  symbol.lib ABSOLUTE
    g_update_header                          0x20000010   Data           0  symbol.lib ABSOLUTE
    user_irq_func_table                      0x20000030   Data           0  symbol.lib ABSOLUTE
    sys_irq_func_table                       0x200000b0   Data           0  symbol.lib ABSOLUTE
    os_tmr                                   0x20000100   Data           0  symbol.lib ABSOLUTE
    m_tmr                                    0x20000104   Data           0  symbol.lib ABSOLUTE
    os_thread_def_main                       0x20000108   Data           0  symbol.lib ABSOLUTE
    osThreadId_osTimerThread                 0x20000118   Data           0  symbol.lib ABSOLUTE
    osMessageQId_osTimerMessageQ             0x2000011c   Data           0  symbol.lib ABSOLUTE
    os_tick_irqn                             0x20000124   Data           0  symbol.lib ABSOLUTE
    tc_state                                 0x20000128   Data           0  symbol.lib ABSOLUTE
    chunk_parser_state                       0x20000129   Data           0  symbol.lib ABSOLUTE
    ancs_attribute_id                        0x2000012a   Data           0  symbol.lib ABSOLUTE
    g_ancs_handle                            0x2000012c   Data           0  symbol.lib ABSOLUTE
    g_ancs_notify_config                     0x2000012e   Data           0  symbol.lib ABSOLUTE
    ancs_bytes_received                      0x20000130   Data           0  symbol.lib ABSOLUTE
    ancs_bytes_needed                        0x20000132   Data           0  symbol.lib ABSOLUTE
    ancs_attribute_len                       0x20000134   Data           0  symbol.lib ABSOLUTE
    ancs_service_found                       0x20000138   Data           0  symbol.lib ABSOLUTE
    ancs_service                             0x2000013c   Data           0  symbol.lib ABSOLUTE
    ancs_notification_source_characteristic  0x20000140   Data           0  symbol.lib ABSOLUTE
    ancs_control_point_characteristic        0x20000144   Data           0  symbol.lib ABSOLUTE
    ancs_data_source_characteristic          0x20000148   Data           0  symbol.lib ABSOLUTE
    ancs_characteristcs                      0x2000014c   Data           0  symbol.lib ABSOLUTE
    get_notification_attributes_message      0x20000150   Data           0  symbol.lib ABSOLUTE
    ancs_attribute_names                     0x20000158   Data           0  symbol.lib ABSOLUTE
    _rtc_current_counter_high                0x20000170   Data           0  symbol.lib ABSOLUTE
    _rtc_comp_current_counter_high           0x20000171   Data           0  symbol.lib ABSOLUTE
    _rtc_compare0_high                       0x20000172   Data           0  symbol.lib ABSOLUTE
    _rtc_current_counter_low                 0x20000174   Data           0  symbol.lib ABSOLUTE
    _rtc_comp_current_counter_low            0x20000178   Data           0  symbol.lib ABSOLUTE
    _rtc_compare0_low                        0x2000017c   Data           0  symbol.lib ABSOLUTE
    os_initialized                           0x20000180   Data           0  symbol.lib ABSOLUTE
    os_running                               0x20000181   Data           0  symbol.lib ABSOLUTE
    os_timer_head                            0x20000184   Data           0  symbol.lib ABSOLUTE
    os_rdy                                   0x20000188   Data           0  symbol.lib ABSOLUTE
    os_dly                                   0x200001a0   Data           0  symbol.lib ABSOLUTE
    os_robin                                 0x200001b8   Data           0  symbol.lib ABSOLUTE
    os_tsk                                   0x200001c0   Data           0  symbol.lib ABSOLUTE
    os_idle_TCB                              0x200001c8   Data           0  symbol.lib ABSOLUTE
    os_time                                  0x200001fc   Data           0  symbol.lib ABSOLUTE
    ll_ctrl_taskId                           0x20000200   Data           0  symbol.lib ABSOLUTE
    st_ctrl_taskId                           0x20000204   Data           0  symbol.lib ABSOLUTE
    encrypt_taskId                           0x20000208   Data           0  symbol.lib ABSOLUTE
    att_prepare_write_error_code             0x2000020c   Data           0  symbol.lib ABSOLUTE
    att_prepare_write_error_handle           0x2000020e   Data           0  symbol.lib ABSOLUTE
    att_db                                   0x20000210   Data           0  symbol.lib ABSOLUTE
    att_ir_le_device_db_index                0x20000214   Data           0  symbol.lib ABSOLUTE
    att_handle_value_indication_handle       0x20000218   Data           0  symbol.lib ABSOLUTE
    att_suppress_mtu_exchange_auto           0x2000021c   Data           0  symbol.lib ABSOLUTE
    att_ble_wakeup_during_latency            0x20000220   Data           0  symbol.lib ABSOLUTE
    att_ir_lookup_active                     0x20000224   Data           0  symbol.lib ABSOLUTE
    gap_random_adress_type                   0x20000228   Data           0  symbol.lib ABSOLUTE
    gap_random_adress_update_period          0x2000022c   Data           0  symbol.lib ABSOLUTE
    central_state                            0x20000230   Data           0  symbol.lib ABSOLUTE
    g_client_serv_state                      0x20000232   Data           0  symbol.lib ABSOLUTE
    g_client_serv_cnt                        0x20000234   Data           0  symbol.lib ABSOLUTE
    ui_value_pos                             0x20000238   Data           0  symbol.lib ABSOLUTE
    public_pts_address_type                  0x2000023c   Data           0  symbol.lib ABSOLUTE
    reconnection_address_set                 0x20000240   Data           0  symbol.lib ABSOLUTE
    public_pts_address                       0x20000244   Data           0  symbol.lib ABSOLUTE
    todos                                    0x2000024a   Data           0  symbol.lib ABSOLUTE
    con_handle                               0x2000024c   Data           0  symbol.lib ABSOLUTE
    gatt_ser_chg_client_configuration        0x20000250   Data           0  symbol.lib ABSOLUTE
    pGapRoles_AppCGs                         0x20000254   Data           0  symbol.lib ABSOLUTE
    advertisements_enabled                   0x20000258   Data           0  symbol.lib ABSOLUTE
    sm_auth_req                              0x2000025c   Data           0  symbol.lib ABSOLUTE
    sm_io_capabilities                       0x2000025d   Data           0  symbol.lib ABSOLUTE
    sm_persistent_irk_ready                  0x2000025e   Data           0  symbol.lib ABSOLUTE
    sm_timer_para                            0x2000025f   Data           0  symbol.lib ABSOLUTE
    sm_min_key_size                          0x20000260   Data           0  symbol.lib ABSOLUTE
    setup                                    0x20000264   Data           0  symbol.lib ABSOLUTE
    sm_get_oob_data                          0x20000268   Data           0  symbol.lib ABSOLUTE
    sm_timer_instance                        0x2000026c   Data           0  symbol.lib ABSOLUTE
    app_msg_id                               0x20000284   Data           0  symbol.lib ABSOLUTE
    ble_msg_id                               0x20000288   Data           0  symbol.lib ABSOLUTE
    ble_msg_pool_id                          0x2000028c   Data           0  symbol.lib ABSOLUTE
    ble_pool_id                              0x20000290   Data           0  symbol.lib ABSOLUTE
    g_write_addr                             0x20000294   Data           0  symbol.lib ABSOLUTE
    g_crc32                                  0x20000298   Data           0  symbol.lib ABSOLUTE
    g_ota_write_crc32                        0x2000029c   Data           0  symbol.lib ABSOLUTE
    otaCBs                                   0x200002a0   Data           0  symbol.lib ABSOLUTE
    scan_data                                0x200002ac   Data           0  symbol.lib ABSOLUTE
    adv_data                                 0x200002b8   Data           0  symbol.lib ABSOLUTE
    timer_head                               0x200002c8   Data           0  symbol.lib ABSOLUTE
    _rtc_prescal                             0x200002e0   Data           0  symbol.lib ABSOLUTE
    _rtc_int_handler                         0x200002e4   Data           0  symbol.lib ABSOLUTE
    os_thread_def_osTimerThread              0x200002fc   Data           0  symbol.lib ABSOLUTE
    os_messageQ_q_osTimerMessageQ            0x2000030c   Data           0  symbol.lib ABSOLUTE
    mp_tcb                                   0x2000031c   Data           0  symbol.lib ABSOLUTE
    mp_stk                                   0x20000498   Data           0  symbol.lib ABSOLUTE
    mp_idle_os_stk                           0x200004a8   Data           0  symbol.lib ABSOLUTE
    os_stack_mem                             0x20000a98   Data           0  symbol.lib ABSOLUTE
    os_fifo                                  0x20001680   Data           0  symbol.lib ABSOLUTE
    os_active_TCB                            0x20001704   Data           0  symbol.lib ABSOLUTE
    os_messageQ_q_app_msg                    0x20001720   Data           0  symbol.lib ABSOLUTE
    os_messageQ_q_ble_msg                    0x20001758   Data           0  symbol.lib ABSOLUTE
    os_pool_m_ble_msg_pool                   0x20001790   Data           0  symbol.lib ABSOLUTE
    os_pool_m_ble_pool                       0x200017ec   Data           0  symbol.lib ABSOLUTE
    ancs_notification_buffer                 0x20001ff8   Data           0  symbol.lib ABSOLUTE
    g_adv_cfg                                0x200020f8   Data           0  symbol.lib ABSOLUTE
    g_scan_cfg                               0x20002138   Data           0  symbol.lib ABSOLUTE
    g_init_cfg                               0x2000215c   Data           0  symbol.lib ABSOLUTE
    g_conn_cfg                               0x20002190   Data           0  symbol.lib ABSOLUTE
    g_common_cfg                             0x20002390   Data           0  symbol.lib ABSOLUTE
    g_dtm_cfg                                0x200025d4   Data           0  symbol.lib ABSOLUTE
    g_conn_new_itv                           0x200025e0   Data           0  symbol.lib ABSOLUTE
    curr_cnnct_idx                           0x200025e1   Data           0  symbol.lib ABSOLUTE
    g_llc_can_sleep                          0x200025e2   Data           0  symbol.lib ABSOLUTE
    data_pool                                0x200025e4   Data           0  symbol.lib ABSOLUTE
    Ctrl_PDU_Data                            0x20002d30   Data           0  symbol.lib ABSOLUTE
    Data_PDU_Data                            0x20002d48   Data           0  symbol.lib ABSOLUTE
    Adv_Data                                 0x20002dcc   Data           0  symbol.lib ABSOLUTE
    att_db_size                              0x20002ddc   Data           0  symbol.lib ABSOLUTE
    att_db_max_size                          0x20002dde   Data           0  symbol.lib ABSOLUTE
    att_db_next_handle                       0x20002de0   Data           0  symbol.lib ABSOLUTE
    att_db_storage                           0x20002de2   Data           0  symbol.lib ABSOLUTE
    att_gatt_client_db_storage               0x200031e2   Data           0  symbol.lib ABSOLUTE
    att_client_addr_type                     0x200034e2   Data           0  symbol.lib ABSOLUTE
    att_client_address                       0x200034e3   Data           0  symbol.lib ABSOLUTE
    att_client_waiting_for_can_send          0x200034e9   Data           0  symbol.lib ABSOLUTE
    pts_privacy_flag                         0x200034ec   Data           0  symbol.lib ABSOLUTE
    ui_attribute_handle                      0x200034ee   Data           0  symbol.lib ABSOLUTE
    ui_aggregate_handle                      0x200034f0   Data           0  symbol.lib ABSOLUTE
    ui_handles_count                         0x200034f4   Data           0  symbol.lib ABSOLUTE
    ui_handles_index                         0x200034f8   Data           0  symbol.lib ABSOLUTE
    current_pts_address_type                 0x200034fc   Data           0  symbol.lib ABSOLUTE
    current_pts_address                      0x20003500   Data           0  symbol.lib ABSOLUTE
    our_private_address                      0x20003506   Data           0  symbol.lib ABSOLUTE
    ui_presentation_format                   0x2000350c   Data           0  symbol.lib ABSOLUTE
    gap_scan_result                          0x20003513   Data           0  symbol.lib ABSOLUTE
    ui_handles                               0x20003610   Data           0  symbol.lib ABSOLUTE
    ui_value_data                            0x20003624   Data           0  symbol.lib ABSOLUTE
    gap_name_characteristic                  0x20003656   Data           0  symbol.lib ABSOLUTE
    gap_reconnection_address_characteristic  0x20003670   Data           0  symbol.lib ABSOLUTE
    gap_peripheral_privacy_flag_characteristic 0x2000368a   Data           0  symbol.lib ABSOLUTE
    signed_write_characteristic              0x200036a4   Data           0  symbol.lib ABSOLUTE
    service                                  0x200036be   Data           0  symbol.lib ABSOLUTE
    g_client_serv                            0x200036d4   Data           0  symbol.lib ABSOLUTE
    le_device_db_index                       0x200036e0   Data           0  symbol.lib ABSOLUTE
    gapRole_state                            0x200036e4   Data           0  symbol.lib ABSOLUTE
    master_addr_type                         0x200036e8   Data           0  symbol.lib ABSOLUTE
    master_address                           0x200036ec   Data           0  symbol.lib ABSOLUTE
    gatt_ser_chg                             0x200036f4   Data           0  symbol.lib ABSOLUTE
    gatt_serv_info                           0x200036f8   Data           0  symbol.lib ABSOLUTE
    le_devices                               0x20003758   Data           0  symbol.lib ABSOLUTE
    test_use_fixed_local_csrk                0x200038d8   Data           0  symbol.lib ABSOLUTE
    sm_accepted_stk_generation_methods       0x200038d9   Data           0  symbol.lib ABSOLUTE
    sm_max_encryption_key_size               0x200038da   Data           0  symbol.lib ABSOLUTE
    sm_min_encryption_key_size               0x200038db   Data           0  symbol.lib ABSOLUTE
    sm_slave_request_security                0x200038dc   Data           0  symbol.lib ABSOLUTE
    dkg_state                                0x200038dd   Data           0  symbol.lib ABSOLUTE
    rau_state                                0x200038de   Data           0  symbol.lib ABSOLUTE
    sm_cmac_state                            0x200038df   Data           0  symbol.lib ABSOLUTE
    sm_cmac_message_idx                      0x200038e0   Data           0  symbol.lib ABSOLUTE
    sm_cmac_block_current                    0x200038e1   Data           0  symbol.lib ABSOLUTE
    sm_cmac_block_count                      0x200038e2   Data           0  symbol.lib ABSOLUTE
    sm_address_resolution_addr_type          0x200038e3   Data           0  symbol.lib ABSOLUTE
    sm_address_resolution_mode               0x200038e4   Data           0  symbol.lib ABSOLUTE
    sm_aes128_state                          0x200038e5   Data           0  symbol.lib ABSOLUTE
    g_cmac_needed                            0x200038e6   Data           0  symbol.lib ABSOLUTE
    sm_cmac_message_len                      0x200038e8   Data           0  symbol.lib ABSOLUTE
    sm_cmac_done_handler                     0x200038ec   Data           0  symbol.lib ABSOLUTE
    sm_cmac_message                          0x200038f0   Data           0  symbol.lib ABSOLUTE
    sm_address_resolution_test               0x200038f4   Data           0  symbol.lib ABSOLUTE
    sm_address_resolution_ah_calculation_active 0x200038f8   Data           0  symbol.lib ABSOLUTE
    sm_bond_info_save_by_app                 0x200038fc   Data           0  symbol.lib ABSOLUTE
    sm_address_resolution_address            0x20003900   Data           0  symbol.lib ABSOLUTE
    sm_random_address                        0x20003906   Data           0  symbol.lib ABSOLUTE
    g_tx_temp_buffer                         0x2000390c   Data           0  symbol.lib ABSOLUTE
    sm_persistent_er                         0x20003950   Data           0  symbol.lib ABSOLUTE
    sm_persistent_ir                         0x20003960   Data           0  symbol.lib ABSOLUTE
    sm_persistent_dhk                        0x20003970   Data           0  symbol.lib ABSOLUTE
    sm_persistent_irk                        0x20003980   Data           0  symbol.lib ABSOLUTE
    sm_cmac_k                                0x20003990   Data           0  symbol.lib ABSOLUTE
    sm_cmac_x                                0x200039a0   Data           0  symbol.lib ABSOLUTE
    sm_cmac_m_last                           0x200039b0   Data           0  symbol.lib ABSOLUTE
    sm_random_context                        0x200039c0   Data           0  symbol.lib ABSOLUTE
    the_setup                                0x200039c4   Data           0  symbol.lib ABSOLUTE
    g_notify_flag                            0x20003ae4   Data           0  symbol.lib ABSOLUTE
    gap_appearance                           0x20003ae6   Data           0  symbol.lib ABSOLUTE
    g_gap_scan_para                          0x20003ae8   Data           0  symbol.lib ABSOLUTE
    g_gap_adv_para                           0x20003af0   Data           0  symbol.lib ABSOLUTE
    gap_device_name                          0x20003b10   Data           0  symbol.lib ABSOLUTE
    g_gap_connect_para                       0x20003b24   Data           0  symbol.lib ABSOLUTE
    gap_fetuer                               0x20003b3a   Data           0  symbol.lib ABSOLUTE
    gap_function                             0x20003b3c   Data           0  symbol.lib ABSOLUTE
    g_flash_erase_flag                       0x20003b40   Data           0  symbol.lib ABSOLUTE
    g_ota_client_cfg                         0x20003b42   Data           0  symbol.lib ABSOLUTE
    g_buf_size                               0x20003b44   Data           0  symbol.lib ABSOLUTE
    g_ota_receive_size                       0x20003b48   Data           0  symbol.lib ABSOLUTE
    g_erase_addr                             0x20003b4c   Data           0  symbol.lib ABSOLUTE
    g_write_size                             0x20003b50   Data           0  symbol.lib ABSOLUTE
    ota_buffer                               0x20003b54   Data           0  symbol.lib ABSOLUTE
    ota_server_hdl                           0x20003d54   Data           0  symbol.lib ABSOLUTE
    rand_seed                                0x20003d60   Data           0  symbol.lib ABSOLUTE
    chip_id                                  0x20003d64   Data           0  symbol.lib ABSOLUTE
    g_pmu_ctrl                               0x20003d68   Data           0  symbol.lib ABSOLUTE
    g_die_id                                 0x20003d90   Data           0  symbol.lib ABSOLUTE
    g4_flag                                  0x20003da0   Data           0  symbol.lib ABSOLUTE
    rf_db_sel                                0x20003da1   Data           0  symbol.lib ABSOLUTE
    g2_clrb                                  0x20003da2   Data           0  symbol.lib ABSOLUTE
    g4_clrb                                  0x20003dc6   Data           0  symbol.lib ABSOLUTE
    hci_aes_data                             0x20003dec   Data           0  symbol.lib ABSOLUTE
    hci_aes_key                              0x20003dfc   Data           0  symbol.lib ABSOLUTE
    hci_aes_encryped_data                    0x20003e0c   Data           0  symbol.lib ABSOLUTE
    _rtc_timer_in_handler                    0x20003e1c   Data           0  symbol.lib ABSOLUTE
    g_image_key                              0x20003e20   Data           0  symbol.lib ABSOLUTE
    fp_decrypt_func                          0x20003e24   Data           0  symbol.lib ABSOLUTE
    call_back_func_table                     0x20003e28   Data           0  symbol.lib ABSOLUTE
    system_assert_cb                         0x20003e30   Data           0  symbol.lib ABSOLUTE
    call_back_check_table                    0x20003e38   Data           0  symbol.lib ABSOLUTE
    g_rtc_overflow_flag                      0x20003e48   Data           0  symbol.lib ABSOLUTE
    g_rtc_comp0int_flag                      0x20003e49   Data           0  symbol.lib ABSOLUTE
    _rtc_start_flag                          0x20003e4a   Data           0  symbol.lib ABSOLUTE
    system_date                              0x20003f00   Data           8  calendar.o(.data)
    system_time                              0x20003f08   Data           8  calendar.o(.data)
    base_time                                0x20003f10   Data           8  calendar.o(.data)
    g_log_pattern                            0x20003f18   Data           1  debug.o(.data)
    g_log_ctrl                               0x20003f1a   Data           4  debug.o(.data)
    get_notification_attributes              0x20003f1e   Data          14  ancs_service.o(.data)
    wristbandClientCharCfg                   0x20003f2c   Data           1  wristband_service.o(.data)
    wrsitband_server_hdl                     0x20003f2e   Data           6  wristband_service.o(.data)
    wrsitbandTxRxCBs                         0x20003f34   Data          12  wristband_service.o(.data)
    lcm_on                                   0x20003f40   Data           1  lcm_00930.o(.data)
    i2c_buff                                 0x20003f41   Data           2  lcm_00930.o(.data)
    wband_current_power                      0x20003f44   Data           1  wristband_application.o(.data)
    wband_current_step                       0x20003f46   Data           2  wristband_application.o(.data)
    app_taskid                               0x20003f48   Data           4  app_task.o(.data)
    app_msg_pool_id                          0x20003f4c   Data           4  app_task.o(.data)
    wristband_data_pool_id                   0x20003f50   Data           4  app_task.o(.data)
    ancs_discover_flag                       0x20003f54   Data           1  app_ble.o(.data)
    ancs_cnt                                 0x20003f55   Data           1  app_ble.o(.data)
    ancs_hdl                                 0x20003f56   Data           1  app_ble.o(.data)
    g_ble_Status                             0x20003f57   Data           2  app_ble.o(.data)
    scanData                                 0x20003f5c   Data          20  app_ble.o(.data)
    advData                                  0x20003f70   Data          13  app_ble.o(.data)
    heartRateIndex                           0x20003f80   Data           1  lts1303m.o(.data)
    heartRateOddIndex                        0x20003f81   Data           1  lts1303m.o(.data)
    slope                                    0x20003f82   Data           1  lts1303m.o(.data)
    lastHeartRate                            0x20003f84   Data           2  lts1303m.o(.data)
    heartRate                                0x20003f86   Data           2  lts1303m.o(.data)
    maxValue                                 0x20003f88   Data           2  lts1303m.o(.data)
    minValue                                 0x20003f8a   Data           2  lts1303m.o(.data)
    totalPoint                               0x20003f8c   Data           4  lts1303m.o(.data)
    topStart                                 0x20003f90   Data           4  lts1303m.o(.data)
    slopeUp                                  0x20003f94   Data           4  lts1303m.o(.data)
    slopeDown                                0x20003f98   Data           4  lts1303m.o(.data)
    top                                      0x20003f9c   Data           4  lts1303m.o(.data)
    pointCount                               0x20003fa0   Data           4  lts1303m.o(.data)
    isTypeRect                               0x20003fa4   Data           4  lts1303m.o(.data)
    currentPosition                          0x20003fa8   Data           4  lts1303m.o(.data)
    bottomStart                              0x20003fac   Data           4  lts1303m.o(.data)
    bottom                                   0x20003fb0   Data           4  lts1303m.o(.data)
    pulseIndex                               0x20003fb4   Data           4  lts1303m.o(.data)
    _7816_isr_flag                           0x20003fb8   Data           1  mxd2660_7816.o(.data)
    _7816_dma_ch                             0x20003fb9   Data           1  mxd2660_7816.o(.data)
    _7816_clk_pin                            0x20003fbc   Data           4  mxd2660_7816.o(.data)
    _7816_rst_pin                            0x20003fc0   Data           4  mxd2660_7816.o(.data)
    _7816_io_pin                             0x20003fc4   Data           4  mxd2660_7816.o(.data)
    i2c0OperCnt                              0x20003fc8   Data           2  mxd2660_iic.o(.data)
    i2c1OperCnt                              0x20003fca   Data           2  mxd2660_iic.o(.data)
    prtI2c0Oper                              0x20003fcc   Data           4  mxd2660_iic.o(.data)
    prtI2c1Oper                              0x20003fd0   Data           4  mxd2660_iic.o(.data)
    _timer_busy_map                          0x20003fd4   Data           1  mxd2660_timer.o(.data)
    adc_trim_offset                          0x20003fd8   Data           2  mxd2660_adc.o(.data)
    __stdout                                 0x20003fdc   Data           4  stdout.o(.data)
    log_buffer                               0x20003fe0   Data        1024  debug.o(.bss)
    wrist_buffer                             0x200043e0   Data         128  wristband_service.o(.bss)
    wb_motor_timer                           0x20004460   Data          24  wristband_application.o(.bss)
    os_pool_m_app_msg_pool                   0x20004478   Data          92  app_task.o(.bss)
    os_pool_m_wristband_data_pool            0x200044d4   Data         212  app_task.o(.bss)
    ancs_timer                               0x200045a8   Data          24  app_ble.o(.bss)
    heartRateOddStack                        0x200045c0   Data          32  lts1303m.o(.bss)
    adSmoothStack                            0x200045e0   Data          64  lts1303m.o(.bss)
    heartRateStack                           0x20004620   Data          32  lts1303m.o(.bss)
    adValues                                 0x20004640   Data        2000  lts1303m.o(.bss)
    plusePeakLocStack                        0x20004e10   Data         128  lts1303m.o(.bss)
    _gpio_interrupt_cb_                      0x20004e90   Data          12  mxd2660_gpio.o(.bss)
    i2c_cfg_info                             0x20004e9c   Data          96  mxd2660_iic.o(.bss)
    mxd_timerout_handler                     0x20004efc   Data          28  mxd2660_timer.o(.bss)
    _gpt_save_stru                           0x20004f18   Data          84  mxd2660_timer.o(.bss)
    gDMA                                     0x20004f6c   Data          24  mxd2660_dma.o(.bss)
    spi_slave                                0x20004f84   Data          16  mxd2660_spi_slave.o(.bss)
    I2C0_SLAVE                               0x20004f94   Data          24  mxd2660_iic_slave.o(.bss)
    I2C1_SLAVE                               0x20004fac   Data          24  mxd2660_iic_slave.o(.bss)
    __heap_base                              0x20007e00   Data           0  symbol.lib ABSOLUTE
    __heap_limit                             0x20007e00   Data           0  symbol.lib ABSOLUTE
    __initial_sp                             0x20008000   Data           0  symbol.lib ABSOLUTE



==============================================================================

Memory Map of the image

  Image Entry point : 0x0002b001

  Load Region LOAD_APP (Base: 0x0002aff0, Size: 0x0000348c, Max: 0x00014c10, ABSOLUTE)

    Execution Region APP (Base: 0x0002aff0, Size: 0x00000010, Max: 0xffffffff, ABSOLUTE)

    Base Addr    Size         Type   Attr      Idx    E Section Name        Object

    0x0002aff0   0x00000010   Data   RO         1269    .user.app.header    app_main.o


    Execution Region APP_BEGIN (Base: 0x0002b000, Size: 0x000001bc, Max: 0xffffffff, ABSOLUTE)

    Base Addr    Size         Type   Attr      Idx    E Section Name        Object

    0x0002b000   0x0000000c   Code   RO            2  * .text               cm0plus_startup.o
    0x0002b00c   0x0000002c   Code   RO         1961    .text               mc_p.l(uidiv.o)
    0x0002b038   0x00000028   Code   RO         1963    .text               mc_p.l(idiv.o)
    0x0002b060   0x00000024   Code   RO         1968    .text               mc_p.l(memcpya.o)
    0x0002b084   0x00000024   Code   RO         1970    .text               mc_p.l(memseta.o)
    0x0002b0a8   0x00000014   Code   RO         2235    .text               mc_p.l(uread4.o)
    0x0002b0bc   0x00000020   Code   RO         2270    .text               mc_p.l(llshl.o)
    0x0002b0dc   0x00000022   Code   RO         2272    .text               mc_p.l(llushr.o)
    0x0002b0fe   0x00000002   PAD
    0x0002b100   0x00000038   Code   RO         1258    .ARM.__at_0x2B100   app_main.o
    0x0002b138   0x00000060   Code   RO         2268    .text               mc_p.l(uldiv.o)
    0x0002b198   0x00000024   Code   RO         2285    .text               mc_p.l(init.o)


    Execution Region APP_STARTUP (Base: 0x0002b1bc, Size: 0x000000c0, Max: 0xffffffff, ABSOLUTE)

    Base Addr    Size         Type   Attr      Idx    E Section Name        Object

    0x0002b1bc   0x000000c0   Data   RO            1    RESET               cm0plus_startup.o


    Execution Region APP_CODE (Base: 0x0002b27c, Size: 0x00003120, Max: 0xffffffff, ABSOLUTE)

    Base Addr    Size         Type   Attr      Idx    E Section Name        Object

    0x0002b27c   0x00000000   Code   RO         1958  * .ARM.Collect$$$$00000000  mc_p.l(entry.o)
    0x0002b27c   0x00000004   Code   RO         2253    .ARM.Collect$$$$00000001  mc_p.l(entry2.o)
    0x0002b280   0x00000004   Code   RO         2256    .ARM.Collect$$$$00000004  mc_p.l(entry5.o)
    0x0002b284   0x00000000   Code   RO         2258    .ARM.Collect$$$$00000008  mc_p.l(entry7b.o)
    0x0002b284   0x00000000   Code   RO         2260    .ARM.Collect$$$$0000000A  mc_p.l(entry8b.o)
    0x0002b284   0x00000008   Code   RO         2261    .ARM.Collect$$$$0000000B  mc_p.l(entry9a.o)
    0x0002b28c   0x00000000   Code   RO         2263    .ARM.Collect$$$$0000000D  mc_p.l(entry10a.o)
    0x0002b28c   0x00000000   Code   RO         2265    .ARM.Collect$$$$0000000F  mc_p.l(entry11a.o)
    0x0002b28c   0x00000004   Code   RO         2254    .ARM.Collect$$$$00002712  mc_p.l(entry2.o)
    0x0002b290   0x00000004   Code   RO         1129    .rev16_text         app_task.o
    0x0002b294   0x00000004   Code   RO         1130    .revsh_text         app_task.o
    0x0002b298   0x00000080   Code   RO         1884    i.DMA_int_IRQ0Handler  peripheral_lib.lib(mxd2660_dma.o)
    0x0002b318   0x00000002   Code   RO         1885    i.DMA_int_IRQ1Handler  peripheral_lib.lib(mxd2660_dma.o)
    0x0002b31a   0x00000002   PAD
    0x0002b31c   0x00000034   Code   RO         1650    i.GPIO_0_int_IRQHandler  peripheral_lib.lib(mxd2660_gpio.o)
    0x0002b350   0x00000034   Code   RO         1651    i.GPIO_1_int_IRQHandler  peripheral_lib.lib(mxd2660_gpio.o)
    0x0002b384   0x00000034   Code   RO         1652    i.GPIO_2_int_IRQHandler  peripheral_lib.lib(mxd2660_gpio.o)
    0x0002b3b8   0x00000170   Code   RO          336    i.HardFault_IRQ_Handler  err_debug.o
    0x0002b528   0x00000038   Code   RO         1715    i.I2C0_int_IRQHandler  peripheral_lib.lib(mxd2660_iic.o)
    0x0002b560   0x00000038   Code   RO         1716    i.I2C1_int_IRQHandler  peripheral_lib.lib(mxd2660_iic.o)
    0x0002b598   0x000000a8   Code   RO          535    i.LCM_init_oled     lcm_00930.o
    0x0002b640   0x0000000a   Code   RO          636    i.LIS3DH_ReadReg    lis3dh_driver.o
    0x0002b64a   0x0000000a   Code   RO          665    i.LIS3DH_WriteReg   lis3dh_driver.o
    0x0002b654   0x0000003a   Code   RO          666    i.LIS3DH_cmd_proc   lis3dh_driver.o
    0x0002b68e   0x00000002   PAD
    0x0002b690   0x00000014   Code   RO         1259    i.NVIC_ClearPendingIRQ  app_main.o
    0x0002b6a4   0x00000014   Code   RO         1260    i.NVIC_EnableIRQ    app_main.o
    0x0002b6b8   0x00000044   Code   RO         1261    i.NVIC_SetPriority  app_main.o
    0x0002b6fc   0x00000044   Code   RO         1399    i.NVIC_SetPriority  lts1303m.o
    0x0002b740   0x00000050   Code   RO         1909    i.SPI0_SLV_IRQHandler  peripheral_lib.lib(mxd2660_spi_slave.o)
    0x0002b790   0x00000028   Code   RO         1747    i.SPI0_int_IRQHandler  peripheral_lib.lib(mxd2660_spi_master.o)
    0x0002b7b8   0x00000050   Code   RO         1910    i.SPI1_SLV_IRQHandler  peripheral_lib.lib(mxd2660_spi_slave.o)
    0x0002b808   0x00000028   Code   RO         1748    i.SPI1_int_IRQHandler  peripheral_lib.lib(mxd2660_spi_master.o)
    0x0002b830   0x0000002c   Code   RO          667    i.SPI_Mems_Read_Reg  lis3dh_driver.o
    0x0002b85c   0x0000001a   Code   RO          668    i.SPI_Mems_Write_Reg  lis3dh_driver.o
    0x0002b876   0x00000002   PAD
    0x0002b878   0x0000008c   Code   RO         1783    i.TMR0_int_IRQHandler  peripheral_lib.lib(mxd2660_timer.o)
    0x0002b904   0x0000008c   Code   RO         1784    i.TMR1_int_IRQHandler  peripheral_lib.lib(mxd2660_timer.o)
    0x0002b990   0x0000008c   Code   RO         1785    i.TMR2_int_IRQHandler  peripheral_lib.lib(mxd2660_timer.o)
    0x0002ba1c   0x00000030   Code   RO         1862    i.UART1_int_IRQHandler  peripheral_lib.lib(mxd2660_uart1.o)
    0x0002ba4c   0x00000018   Code   RO          536    i.Write_Command     lcm_00930.o
    0x0002ba64   0x00000018   Code   RO          537    i.Write_Data        lcm_00930.o
    0x0002ba7c   0x0000001c   Code   RO         1623    i._7816_int_IRQHandler  peripheral_lib.lib(mxd2660_7816.o)
    0x0002ba98   0x00000068   Code   RO         1625    i._7816_reset       peripheral_lib.lib(mxd2660_7816.o)
    0x0002bb00   0x00000020   Code   RO         2181    i.__0printf$8       mc_p.l(printf8.o)
    0x0002bb20   0x0000000e   Code   RO         2289    i.__scatterload_copy  mc_p.l(handlers.o)
    0x0002bb2e   0x00000002   Code   RO         2290    i.__scatterload_null  mc_p.l(handlers.o)
    0x0002bb30   0x0000000e   Code   RO         2291    i.__scatterload_zeroinit  mc_p.l(handlers.o)
    0x0002bb3e   0x00000002   PAD
    0x0002bb40   0x00000428   Code   RO         2188    i._printf_core      mc_p.l(printf8.o)
    0x0002bf68   0x00000020   Code   RO         2189    i._printf_post_padding  mc_p.l(printf8.o)
    0x0002bf88   0x0000002c   Code   RO         2190    i._printf_pre_padding  mc_p.l(printf8.o)
    0x0002bfb4   0x00000024   Code   RO         1400    i.adValueFilter     lts1303m.o
    0x0002bfd8   0x00000070   Code   RO         1834    i.adc_init          peripheral_lib.lib(mxd2660_adc.o)
    0x0002c048   0x00000050   Code   RO         1835    i.adc_io_read       peripheral_lib.lib(mxd2660_adc.o)
    0x0002c098   0x00000030   Code   RO         1401    i.adc_read_callback  lts1303m.o
    0x0002c0c8   0x00000070   Code   RO          375    i.ancs_all_characteristic_found_handler  ancs_service.o
    0x0002c138   0x00000002   Code   RO          376    i.ancs_data_ntf_handler  ancs_service.o
    0x0002c13a   0x00000008   Code   RO          377    i.ancs_discover_svc_by_uuid  ancs_service.o
    0x0002c142   0x00000008   Code   RO          378    i.ancs_init         ancs_service.o
    0x0002c14a   0x00000008   Code   RO          379    i.ancs_server_config_notify  ancs_service.o
    0x0002c152   0x0000000e   Code   RO          380    i.ancs_source_ntf_handler  ancs_service.o
    0x0002c160   0x0000002c   Code   RO         1177    i.ancs_timeout_handler  app_ble.o
    0x0002c18c   0x00000014   Code   RO          381    i.ancs_write_get_data_ntf  ancs_service.o
    0x0002c1a0   0x00000068   Code   RO         1262    i.app_irq_init      app_main.o
    0x0002c208   0x00000074   Code   RO         1131    i.app_task          app_task.o
    0x0002c27c   0x00000050   Code   RO         1132    i.app_task_init     app_task.o
    0x0002c2cc   0x00000064   Code   RO         1178    i.ble_app_default_init  app_ble.o
    0x0002c330   0x0000004c   Code   RO         1179    i.ble_app_init      app_ble.o
    0x0002c37c   0x000000ec   Code   RO         1180    i.ble_msg_proc      app_ble.o
    0x0002c468   0x0000004c   Code   RO         1181    i.ble_peri_sendMsgToApp  app_ble.o
    0x0002c4b4   0x0000000c   Code   RO         1263    i.ble_profile_init  app_main.o
    0x0002c4c0   0x00000026   Code   RO         1402    i.bsp_ts1303_init   lts1303m.o
    0x0002c4e6   0x00000002   PAD
    0x0002c4e8   0x00000134   Code   RO          129    i.calc_new_date     calendar.o
    0x0002c61c   0x0000001c   Code   RO          131    i.calendar_init     calendar.o
    0x0002c638   0x00000010   Code   RO         1837    i.delayCycles       peripheral_lib.lib(mxd2660_adc.o)
    0x0002c648   0x0000000a   Code   RO         1838    i.delayUs           peripheral_lib.lib(mxd2660_adc.o)
    0x0002c652   0x00000034   Code   RO          538    i.display_black     lcm_00930.o
    0x0002c686   0x00000034   Code   RO          539    i.display_white     lcm_00930.o
    0x0002c6ba   0x00000010   Code   RO          224    i.dly_cycles        utility.o
    0x0002c6ca   0x0000000a   Code   RO          225    i.dly_us            utility.o
    0x0002c6d4   0x00000024   Code   RO          267    i.fputc             debug.o
    0x0002c6f8   0x00000036   Code   RO         1405    i.getArrayAverage   lts1303m.o
    0x0002c72e   0x00000002   PAD
    0x0002c730   0x0000008c   Code   RO         1409    i.getHeartRateDetection  lts1303m.o
    0x0002c7bc   0x00000084   Code   RO         1410    i.getHeartRateSmooth  lts1303m.o
    0x0002c840   0x00000280   Code   RO         1412    i.getHeartRateWave  lts1303m.o
    0x0002cac0   0x00000094   Code   RO          132    i.get_date_second   calendar.o
    0x0002cb54   0x00000030   Code   RO          133    i.get_system_date   calendar.o
    0x0002cb84   0x0000002a   Code   RO          135    i.get_system_on_timer  calendar.o
    0x0002cbae   0x00000002   PAD
    0x0002cbb0   0x0000000c   Code   RO         1653    i.gpio_clear_bit    peripheral_lib.lib(mxd2660_gpio.o)
    0x0002cbbc   0x0000003c   Code   RO         1656    i.gpio_config_hw_type  peripheral_lib.lib(mxd2660_gpio.o)
    0x0002cbf8   0x00000030   Code   RO         1664    i.gpio_init_function  peripheral_lib.lib(mxd2660_gpio.o)
    0x0002cc28   0x00000028   Code   RO         1665    i.gpio_init_high_impedance  peripheral_lib.lib(mxd2660_gpio.o)
    0x0002cc50   0x00000030   Code   RO         1666    i.gpio_init_input   peripheral_lib.lib(mxd2660_gpio.o)
    0x0002cc80   0x00000044   Code   RO         1668    i.gpio_init_output  peripheral_lib.lib(mxd2660_gpio.o)
    0x0002ccc4   0x00000014   Code   RO         1672    i.gpio_read_input_bit  peripheral_lib.lib(mxd2660_gpio.o)
    0x0002ccd8   0x0000000c   Code   RO         1675    i.gpio_set_bit      peripheral_lib.lib(mxd2660_gpio.o)
    0x0002cce4   0x00000050   Code   RO         1678    i.gpio_wakeup_enable_gpios  peripheral_lib.lib(mxd2660_gpio.o)
    0x0002cd34   0x000000f0   Code   RO         1413    i.heartDealLoop     lts1303m.o
    0x0002ce24   0x00000048   Code   RO         1415    i.heartRateInit     lts1303m.o
    0x0002ce6c   0x00000014   Code   RO         1416    i.heartRateStackInit  lts1303m.o
    0x0002ce80   0x00000020   Code   RO         1417    i.hw_timer1_handler  lts1303m.o
    0x0002cea0   0x00000020   Code   RO         1786    i.hw_timer_clr_cnt  peripheral_lib.lib(mxd2660_timer.o)
    0x0002cec0   0x00000070   Code   RO         1418    i.hw_timer_config   lts1303m.o
    0x0002cf30   0x00000034   Code   RO         1787    i.hw_timer_config_clk  peripheral_lib.lib(mxd2660_timer.o)
    0x0002cf64   0x00000028   Code   RO         1788    i.hw_timer_config_compare  peripheral_lib.lib(mxd2660_timer.o)
    0x0002cf8c   0x0000002c   Code   RO         1789    i.hw_timer_config_timerout  peripheral_lib.lib(mxd2660_timer.o)
    0x0002cfb8   0x00000040   Code   RO         1793    i.hw_timer_handler  peripheral_lib.lib(mxd2660_timer.o)
    0x0002cff8   0x0000003c   Code   RO         1794    i.hw_timer_init     peripheral_lib.lib(mxd2660_timer.o)
    0x0002d034   0x00000020   Code   RO         1797    i.hw_timer_set_mask  peripheral_lib.lib(mxd2660_timer.o)
    0x0002d054   0x00000088   Code   RO         1798    i.hw_timer_start    peripheral_lib.lib(mxd2660_timer.o)
    0x0002d0dc   0x00000218   Code   RO         1717    i.i2c0_master_irq_handler  peripheral_lib.lib(mxd2660_iic.o)
    0x0002d2f4   0x000000b4   Code   RO         1929    i.i2c0_slave_irq_handler  peripheral_lib.lib(mxd2660_iic_slave.o)
    0x0002d3a8   0x000000dc   Code   RO         1720    i.i2c0_write        peripheral_lib.lib(mxd2660_iic.o)
    0x0002d484   0x00000220   Code   RO         1721    i.i2c1_master_irq_handler  peripheral_lib.lib(mxd2660_iic.o)
    0x0002d6a4   0x000000b4   Code   RO         1937    i.i2c1_slave_irq_handler  peripheral_lib.lib(mxd2660_iic_slave.o)
    0x0002d758   0x00000020   Code   RO         1726    i.i2c_get_device_conf  peripheral_lib.lib(mxd2660_iic.o)
    0x0002d778   0x00000050   Code   RO         1419    i.isHeartRateValid  lts1303m.o
    0x0002d7c8   0x00000018   Code   RO         1420    i.isPeakBottom      lts1303m.o
    0x0002d7e0   0x00000018   Code   RO          268    i.is_log_canbe_sleep  debug.o
    0x0002d7f8   0x00000034   Code   RO          540    i.lcm_cmd_proc      lcm_00930.o
    0x0002d82c   0x00000022   Code   RO         1092    i.led_init          led.o
    0x0002d84e   0x00000016   Code   RO          227    i.little_endian_read_32bit  utility.o
    0x0002d864   0x0000001c   Code   RO           10    i.main              sys.o
    0x0002d880   0x0000000c   Code   RO         1264    i.main_process      app_main.o
    0x0002d88c   0x00000014   Code   RO         1010    i.motor_timer_callback  wristband_application.o
    0x0002d8a0   0x0000006c   Code   RO          337    i.os_stack_overflow  err_debug.o
    0x0002d90c   0x0000001c   Code   RO         1370    i.ota_init          app_ota.o
    0x0002d928   0x0000009c   Code   RO         1265    i.peripheral_init   app_main.o
    0x0002d9c4   0x00000028   Code   RO         1266    i.power_manage_init  app_main.o
    0x0002d9ec   0x0000002c   Code   RO         1422    i.pushPulsePeakStack  lts1303m.o
    0x0002da18   0x00000010   Code   RO         1267    i.recover_info_after_wakeup_cb  app_main.o
    0x0002da28   0x00000014   Code   RO         1423    i.regularPulseWave  lts1303m.o
    0x0002da3c   0x0000002a   Code   RO         1268    i.save_info_before_sleep_cb  app_main.o
    0x0002da66   0x00000002   PAD
    0x0002da68   0x00000060   Code   RO         1011    i.sky1321_msg_proc  wristband_application.o
    0x0002dac8   0x0000001e   Code   RO         1752    i.spi0_master_rx_only  peripheral_lib.lib(mxd2660_spi_master.o)
    0x0002dae6   0x0000001e   Code   RO         1753    i.spi0_master_trx   peripheral_lib.lib(mxd2660_spi_master.o)
    0x0002db04   0x0000004c   Code   RO         1755    i.spi0_master_tx_rx_byte  peripheral_lib.lib(mxd2660_spi_master.o)
    0x0002db50   0x00000034   Code   RO         1758    i.spi1_master_init  peripheral_lib.lib(mxd2660_spi_master.o)
    0x0002db84   0x0000001e   Code   RO         1760    i.spi1_master_trx   peripheral_lib.lib(mxd2660_spi_master.o)
    0x0002dba2   0x00000002   PAD
    0x0002dba4   0x0000004c   Code   RO         1762    i.spi1_master_tx_rx_byte  peripheral_lib.lib(mxd2660_spi_master.o)
    0x0002dbf0   0x0000000c   Code   RO          269    i.sys_debug_en      debug.o
    0x0002dbfc   0x00000010   Code   RO          270    i.sys_debug_init    debug.o
    0x0002dc0c   0x0000005c   Code   RO          338    i.system_assert_debug  err_debug.o
    0x0002dc68   0x0000000e   Code   RO           12    i.system_pins_wakeup_enable  sys.o
    0x0002dc76   0x00000002   PAD
    0x0002dc78   0x0000002c   Code   RO          271    i.uart1_Log_output  debug.o
    0x0002dca4   0x00000048   Code   RO          272    i.uart1_Log_print   debug.o
    0x0002dcec   0x00000020   Code   RO         1866    i.uart1_init        peripheral_lib.lib(mxd2660_uart1.o)
    0x0002dd0c   0x00000020   Code   RO         1868    i.uart1_send        peripheral_lib.lib(mxd2660_uart1.o)
    0x0002dd2c   0x0000001c   Code   RO         1424    i.updatePulsePeakStack  lts1303m.o
    0x0002dd48   0x00000048   Code   RO          136    i.update_system_date  calendar.o
    0x0002dd90   0x0000004c   Code   RO           13    i.user_call_back_register  sys.o
    0x0002dddc   0x00000048   Code   RO         1850    i.user_flash_nvr_read  peripheral_lib.lib(mxd2660_flash.o)
    0x0002de24   0x000000a0   Code   RO           14    i.user_irq_register  sys.o
    0x0002dec4   0x0000000c   Code   RO         1824    i.watch_dog_feed    peripheral_lib.lib(mxd2660_watch_dog.o)
    0x0002ded0   0x00000016   Code   RO          967    i.wristband_7816_cmd_proc  zx_7816.o
    0x0002dee6   0x00000018   Code   RO         1012    i.wristband_battay_check  wristband_application.o
    0x0002defe   0x00000002   PAD
    0x0002df00   0x00000014   Code   RO          442    i.wristband_getAttrLen_CB  wristband_service.o
    0x0002df14   0x0000006c   Code   RO          443    i.wristband_init_service  wristband_service.o
    0x0002df80   0x0000010c   Code   RO         1013    i.wristband_main_msg_proc  wristband_application.o
    0x0002e08c   0x0000005c   Code   RO         1014    i.wristband_motor_proc  wristband_application.o
    0x0002e0e8   0x00000088   Code   RO         1015    i.wristband_msg_handler  wristband_application.o
    0x0002e170   0x00000040   Code   RO          444    i.wristband_notify_AppSendToBle  wristband_service.o
    0x0002e1b0   0x00000020   Code   RO          445    i.wristband_read_attrCB  wristband_service.o
    0x0002e1d0   0x00000058   Code   RO         1017    i.wristband_set_data  wristband_application.o
    0x0002e228   0x000000a8   Code   RO          446    i.wristband_write_attrCB  wristband_service.o
    0x0002e2d0   0x0000002a   Code   RO          138    i.year_is_leap_year  calendar.o
    0x0002e2fa   0x00000002   PAD
    0x0002e2fc   0x00000028   Data   RO         1135    .constdata          app_task.o
    0x0002e324   0x00000014   Data   RO         1183    .constdata          app_ble.o
    0x0002e338   0x00000042   Data   RO         1429    .conststring        lts1303m.o
    0x0002e37a   0x00000002   PAD
    0x0002e37c   0x00000020   Data   RO         2287    Region$$Table       anon$$obj.o


    Execution Region APP_ACT_RAM_RW (Base: 0x20003f00, Size: 0x000010c4, Max: 0x00003f00, ABSOLUTE)

    Base Addr    Size         Type   Attr      Idx    E Section Name        Object

    0x20003f00   0x00000018   Data   RW          139    .data               calendar.o
    0x20003f18   0x00000006   Data   RW          274    .data               debug.o
    0x20003f1e   0x0000000e   Data   RW          382    .data               ancs_service.o
    0x20003f2c   0x00000014   Data   RW          448    .data               wristband_service.o
    0x20003f40   0x00000003   Data   RW          542    .data               lcm_00930.o
    0x20003f43   0x00000001   PAD
    0x20003f44   0x00000004   Data   RW         1020    .data               wristband_application.o
    0x20003f48   0x0000000c   Data   RW         1136    .data               app_task.o
    0x20003f54   0x00000029   Data   RW         1184    .data               app_ble.o
    0x20003f7d   0x00000003   PAD
    0x20003f80   0x00000038   Data   RW         1430    .data               lts1303m.o
    0x20003fb8   0x00000010   Data   RW         1630    .data               peripheral_lib.lib(mxd2660_7816.o)
    0x20003fc8   0x0000000c   Data   RW         1729    .data               peripheral_lib.lib(mxd2660_iic.o)
    0x20003fd4   0x00000001   Data   RW         1801    .data               peripheral_lib.lib(mxd2660_timer.o)
    0x20003fd5   0x00000003   PAD
    0x20003fd8   0x00000002   Data   RW         1839    .data               peripheral_lib.lib(mxd2660_adc.o)
    0x20003fda   0x00000002   PAD
    0x20003fdc   0x00000004   Data   RW         2267    .data               mc_p.l(stdout.o)
    0x20003fe0   0x00000400   Zero   RW          273    .bss                debug.o
    0x200043e0   0x00000080   Zero   RW          447    .bss                wristband_service.o
    0x20004460   0x00000018   Zero   RW         1018    .bss                wristband_application.o
    0x20004478   0x0000005c   Zero   RW         1133    .bss                app_task.o
    0x200044d4   0x000000d4   Zero   RW         1134    .bss                app_task.o
    0x200045a8   0x00000018   Zero   RW         1182    .bss                app_ble.o
    0x200045c0   0x000008d0   Zero   RW         1425    .bss                lts1303m.o
    0x20004e90   0x0000000c   Zero   RW         1680    .bss                peripheral_lib.lib(mxd2660_gpio.o)
    0x20004e9c   0x00000060   Zero   RW         1728    .bss                peripheral_lib.lib(mxd2660_iic.o)
    0x20004efc   0x00000070   Zero   RW         1800    .bss                peripheral_lib.lib(mxd2660_timer.o)
    0x20004f6c   0x00000018   Zero   RW         1894    .bss                peripheral_lib.lib(mxd2660_dma.o)
    0x20004f84   0x00000010   Zero   RW         1913    .bss                peripheral_lib.lib(mxd2660_spi_slave.o)
    0x20004f94   0x00000030   Zero   RW         1939    .bss                peripheral_lib.lib(mxd2660_iic_slave.o)


    Execution Region SYS_STACK_RAM_RW (Base: 0x20007e00, Size: 0x00000000, Max: 0x00000200, ABSOLUTE, UNINIT)

    **** No section assigned to this execution region ****


==============================================================================

Image component sizes


      Code (inc. data)   RO Data    RW Data    ZI Data      Debug   Object Name

       172         74          0         14          0       4709   ancs_service.o
       532        108         20         41         24       6620   app_ble.o
       546         72         16          0          0      12681   app_main.o
        28         10          0          0          0        467   app_ota.o
       204         50         40         12        304       3496   app_task.o
       688         56          0         24          0       6767   calendar.o
        12          4        192          0          0        468   cm0plus_startup.o
       204         40          0          6       1024       6388   debug.o
       568        354          0          0          0       1630   err_debug.o
       372         16          0          3          0       4387   lcm_00930.o
        34          0          0          0          0        475   led.o
       148          4          0          0          0      11764   lis3dh_driver.o
      1828        570         66         56       2256      15177   lts1303m.o
       278        122          0          0          0      25954   sys.o
        48          0          0          0          0       2145   utility.o
       724         66          0          4         24       6885   wristband_application.o
       392        116          0         20        128      32653   wristband_service.o
        22          0          0          0          0       1266   zx_7816.o

    ----------------------------------------------------------------------
      6818       1662        368        184       3760     143932   Object Totals
         0          0         32          0          0          0   (incl. Generated)
        18          0          2          4          0          0   (incl. Padding)

    ----------------------------------------------------------------------

      Code (inc. data)   RO Data    RW Data    ZI Data      Debug   Library Member Name

         0          0          0          0          0          0   entry.o
         0          0          0          0          0          0   entry10a.o
         0          0          0          0          0          0   entry11a.o
         8          4          0          0          0          0   entry2.o
         4          0          0          0          0          0   entry5.o
         0          0          0          0          0          0   entry7b.o
         0          0          0          0          0          0   entry8b.o
         8          4          0          0          0          0   entry9a.o
        30          0          0          0          0          0   handlers.o
        40          0          0          0          0         72   idiv.o
        36          8          0          0          0         68   init.o
        32          0          0          0          0         68   llshl.o
        34          0          0          0          0         68   llushr.o
        36          0          0          0          0         60   memcpya.o
        36          0          0          0          0        100   memseta.o
      1172         52          0          0          0        324   printf8.o
         0          0          0          4          0          0   stdout.o
        44          0          0          0          0         72   uidiv.o
        96          0          0          0          0         84   uldiv.o
        20          0          0          0          0         60   uread4.o
       132         24          0         16          0        132   mxd2660_7816.o
       218         26          0          2          0        264   mxd2660_adc.o
       130          8          0          0         24        132   mxd2660_dma.o
        72         14          0          0          0         76   mxd2660_flash.o
       544         88          0          0         12        824   mxd2660_gpio.o
      1444         64          0         12         96        428   mxd2660_iic.o
       360         16          0          0         48        152   mxd2660_iic_slave.o
       374         50          0          0          0        556   mxd2660_spi_master.o
       160         16          0          0         16        152   mxd2660_spi_slave.o
       880         98          0          1        112        760   mxd2660_timer.o
       112         28          0          0          0        188   mxd2660_uart1.o
        12          4          0          0          0         60   mxd2660_watch_dog.o

    ----------------------------------------------------------------------
      6042        504          0         40        308       4700   Library Totals
         8          0          0          5          0          0   (incl. Padding)

    ----------------------------------------------------------------------

      Code (inc. data)   RO Data    RW Data    ZI Data      Debug   Library Name

      1596         68          0          4          0        976   mc_p.l
      4438        436          0         31        308       3724   peripheral_lib.lib

    ----------------------------------------------------------------------
      6042        504          0         40        308       4700   Library Totals

    ----------------------------------------------------------------------

==============================================================================


      Code (inc. data)   RO Data    RW Data    ZI Data      Debug   

     12860       2166        368        224       4068     141992   Grand Totals
     12860       2166        368        224       4068     141992   ELF Image Totals
     12860       2166        368        224          0          0   ROM Totals

==============================================================================

    Total RO  Size (Code + RO Data)                13228 (  12.92kB)
    Total RW  Size (RW Data + ZI Data)              4292 (   4.19kB)
    Total ROM Size (Code + RO Data + RW Data)      13452 (  13.14kB)

==============================================================================

