<html>
<body>
<pre>
<h1>µVision Build Log</h1>
<h2>Tool Versions:</h2>
IDE-Version: ¦ÌVision V5.17.0.0
Copyright (C) 2015 ARM Ltd and ARM Germany GmbH. All rights reserved.
License Information: h s, f, LIC=IK1CX-HSUZF-12PLE-5XG4Q-GD9AH-WXK8G
 
Tool Versions:
Toolchain:       MDK-ARM Standard  Version: 5.17
Toolchain Path:  d:\Keil_v5\ARM\ARMCC\Bin
C Compiler:      Armcc.exe V5.06 update 1 (build 61)
Assembler:       Armasm.exe V5.06 update 1 (build 61)
Linker/Locator:  ArmLink.exe V5.06 update 1 (build 61)
Library Manager: ArmAr.exe V5.06 update 1 (build 61)
Hex Converter:   FromElf.exe V5.06 update 1 (build 61)
CPU DLL:         SARMCM3.DLL V5.17
Dialog DLL:      DARMCM1.DLL V1.12.0.0
Target DLL:      UL2CM3.DLL V1.156.1.0
Dialog DLL:      TARMCM1.DLL V1.9.0.0
 
<h2>Project:</h2>
E:\projects\HeartRate\MXD2660_blood_pressure\projects\wristband\wristband.uvprojx
Project File Date:  09/22/2017

<h2>Output:</h2>
*** Using Compiler 'V5.06 update 1 (build 61)', folder: 'd:\Keil_v5\ARM\ARMCC\Bin'
Build Project 'wristband' - Target 'wristband'
linking...
Program Size: Code=9012 RO-data=300 RW-data=164 ZI-data=1812  
FromELF: creating hex file...
After Build - User command #1: C:\Keil_v5\ARM\ARMCC\bin\fromelf.exe --bin -o ./Objects/wristband.bin  ./Objects/wristband.axf
*** Error: CreateProcess failed, Command: 'C:\Keil_v5\ARM\ARMCC\bin\fromelf.exe --bin -o ./Objects/wristband.bin  ./Objects/wristband.axf'
After Build - User command #2: ..\..\tools\ota\ota_crc.exe .\Objects\wristband.bin
.\Objects\wristband.bin
.\Objects\wristband.bin_ota
9476
".\Objects\wristband.axf" - 1 Error(s), 0 Warning(s).

<h2>Collection of Component include folders:</h2>
  E:\projects\HeartRate\MXD2660_blood_pressure\projects\wristband\RTE
  d:\Keil_v5\ARM\PACK\ARM\CMSIS\5.0.1\Device\ARM\ARMCM0plus\Include

<h2>Collection of Component Files used:</h2>
Target not created.
Build Time Elapsed:  00:00:00
</pre>
</body>
</html>
