Component: ARM Compiler 5.06 update 1 (build 61) Tool: armlink [4d35a8]

==============================================================================

Section Cross References

    main.o(i.heartDealLoop) refers to lts1303m.o(i.heartRateInit) for heartRateInit
    main.o(i.heartDealLoop) refers to lts1303m.o(i.getHeartRateWaveInfo) for getHeartRateWaveInfo
    main.o(i.heartDealLoop) refers to lts1303m.o(i.getHeartRateDetection) for getHeartRateDetection
    main.o(i.heartDealLoop) refers to lts1303m.o(i.getHeartRateSmooth) for getHeartRateSmooth
    main.o(i.heartDealLoop) refers to printf1.o(i.__0printf$1) for __2printf
    main.o(i.heartDealLoop) refers to nrf_delay.o(i.nrf_delay_ms) for nrf_delay_ms
    main.o(i.heartDealLoop) refers to main.o(.constdata) for .constdata
    main.o(i.heartDealLoop) refers to lts1303m.o(.data) for heartRate
    main.o(i.main) refers to main.o(i.uart_config) for uart_config
    main.o(i.main) refers to printf1.o(i.__0printf$1) for __2printf
    main.o(i.main) refers to main.o(i.heartDealLoop) for heartDealLoop
    main.o(i.testSmoothValue) refers to lts1303m.o(i.heartRateInit) for heartRateInit
    main.o(i.testSmoothValue) refers to printf1.o(i.__0printf$1) for __2printf
    main.o(i.testSmoothValue) refers to lts1303m.o(i.getHeartRateSmooth) for getHeartRateSmooth
    main.o(i.testSmoothValue) refers to nrf_delay.o(i.nrf_delay_ms) for nrf_delay_ms
    main.o(i.testSmoothValue) refers to main.o(.constdata) for .constdata
    main.o(i.testSmoothValue) refers to lts1303m.o(.data) for heartRate
    main.o(i.uart_config) refers to app_uart_fifo.o(i.app_uart_init) for app_uart_init
    main.o(i.uart_config) refers to app_error.o(i.app_error_handler_bare) for app_error_handler_bare
    main.o(i.uart_config) refers to main.o(.constdata) for .constdata
    main.o(i.uart_config) refers to main.o(.data) for .data
    main.o(i.uart_config) refers to main.o(.bss) for .bss
    main.o(i.uart_config) refers to main.o(i.uart_events_handler) for uart_events_handler
    lts1303m.o(i.getHeartAverageWithoutPeak) refers to lts1303m.o(i.getArrayMinIndex) for getArrayMinIndex
    lts1303m.o(i.getHeartAverageWithoutPeak) refers to lts1303m.o(i.getArrayMaxIndex) for getArrayMaxIndex
    lts1303m.o(i.getHeartRateDetection) refers to lts1303m.o(i.getHeartAverageWithoutPeak) for getHeartAverageWithoutPeak
    lts1303m.o(i.getHeartRateDetection) refers to printf1.o(i.__0printf$1) for __2printf
    lts1303m.o(i.getHeartRateDetection) refers to lts1303m.o(.data) for .data
    lts1303m.o(i.getHeartRateDetection) refers to lts1303m.o(.bss) for .bss
    lts1303m.o(i.getHeartRateSmooth) refers to lts1303m.o(i.getHeartAverage) for getHeartAverage
    lts1303m.o(i.getHeartRateSmooth) refers to printf1.o(i.__0printf$1) for __2printf
    lts1303m.o(i.getHeartRateSmooth) refers to lts1303m.o(.data) for .data
    lts1303m.o(i.getHeartRateSmooth) refers to lts1303m.o(.bss) for .bss
    lts1303m.o(i.getHeartRateWaveInfo) refers to lts1303m.o(i.getWavePeakBottom) for getWavePeakBottom
    lts1303m.o(i.getHeartRateWaveInfo) refers to printf1.o(i.__0printf$1) for __2printf
    lts1303m.o(i.getHeartRateWaveInfo) refers to lts1303m.o(.data) for .data
    lts1303m.o(i.getHeartRateWaveInfo) refers to lts1303m.o(.bss) for .bss
    lts1303m.o(i.heartRateInit) refers to lts1303m.o(.data) for .data
    simpress.o(i.getBloodPress) refers to rand.o(.text) for rand
    simpress.o(i.getBloodPress) refers to dflti.o(.text) for __aeabi_i2d
    simpress.o(i.getBloodPress) refers to dmul.o(.text) for __aeabi_dmul
    simpress.o(i.getBloodPress) refers to dfixi.o(.text) for __aeabi_d2iz
    simpress.o(i.getBloodPress) refers to printf1.o(i.__0printf$1) for __2printf
    simpress.o(i.getBloodPress) refers to dfltui.o(.text) for __aeabi_ui2d
    simpress.o(i.getBloodPress) refers to ddiv.o(.text) for __aeabi_ddiv
    simpress.o(i.getBloodPress) refers to dfixui.o(.text) for __aeabi_d2uiz
    simpress.o(i.getBloodPress) refers to simpress.o(.constdata) for .constdata
    arm_startup_nrf52.o(RESET) refers to arm_startup_nrf52.o(STACK) for __initial_sp
    arm_startup_nrf52.o(RESET) refers to arm_startup_nrf52.o(.text) for Reset_Handler
    arm_startup_nrf52.o(RESET) refers to nrf_drv_uart.o(i.UARTE0_UART0_IRQHandler) for UARTE0_UART0_IRQHandler
    arm_startup_nrf52.o(RESET) refers to nrf_drv_saadc.o(i.SAADC_IRQHandler) for SAADC_IRQHandler
    arm_startup_nrf52.o(RESET) refers to nrf_drv_timer.o(i.TIMER0_IRQHandler) for TIMER0_IRQHandler
    arm_startup_nrf52.o(.text) refers to system_nrf52.o(i.SystemInit) for SystemInit
    arm_startup_nrf52.o(.text) refers to entry.o(.ARM.Collect$$$$00000000) for __main
    system_nrf52.o(i.SystemCoreClockUpdate) refers to system_nrf52.o(.data) for .data
    system_nrf52.o(i.SystemInit) refers to system_nrf52.o(.data) for .data
    app_uart_fifo.o(i.app_uart_close) refers to nrf_drv_uart.o(i.nrf_drv_uart_uninit) for nrf_drv_uart_uninit
[...]
    nrf_drv_ppi.o(i.nrf_drv_ppi_group_enable) refers to nrf_drv_ppi.o(i.is_allocated_group) for is_allocated_group
    nrf_drv_ppi.o(i.nrf_drv_ppi_group_free) refers to nrf_drv_ppi.o(i.is_app_group) for is_app_group
    nrf_drv_ppi.o(i.nrf_drv_ppi_group_free) refers to nrf_drv_ppi.o(i.is_allocated_group) for is_allocated_group
    nrf_drv_ppi.o(i.nrf_drv_ppi_group_free) refers to app_util_platform.o(i.critical_region_enter) for critical_region_enter
    nrf_drv_ppi.o(i.nrf_drv_ppi_group_free) refers to app_util_platform.o(i.critical_region_exit) for critical_region_exit
    nrf_drv_ppi.o(i.nrf_drv_ppi_group_free) refers to nrf_drv_ppi.o(.data) for .data
    nrf_drv_ppi.o(i.nrf_drv_ppi_init) refers to nrf_drv_ppi.o(.data) for .data
    nrf_drv_ppi.o(i.nrf_drv_ppi_uninit) refers to nrf_drv_ppi.o(.data) for .data
    nrf_drv_saadc.o(i.SAADC_IRQHandler) refers to nrf_drv_saadc.o(i.nrf_saadc_event_check) for nrf_saadc_event_check
    nrf_drv_saadc.o(i.SAADC_IRQHandler) refers to nrf_drv_saadc.o(i.nrf_drv_saadc_buffer_convert) for nrf_drv_saadc_buffer_convert
    nrf_drv_saadc.o(i.SAADC_IRQHandler) refers to nrf_drv_saadc.o(i.nrf_saadc_channel_input_set) for nrf_saadc_channel_input_set
    nrf_drv_saadc.o(i.SAADC_IRQHandler) refers to nrf_drv_saadc.o(i.nrf_saadc_buffer_init) for nrf_saadc_buffer_init
    nrf_drv_saadc.o(i.SAADC_IRQHandler) refers to nrf_drv_saadc.o(.bss) for .bss
    nrf_drv_saadc.o(i.ain_set_allocated) refers to nrf_drv_saadc.o(.bss) for .bss
    nrf_drv_saadc.o(i.input_is_allocated) refers to nrf_drv_saadc.o(i.input_is_ain) for input_is_ain
    nrf_drv_saadc.o(i.input_is_allocated) refers to nrf_drv_saadc.o(.bss) for .bss
    nrf_drv_saadc.o(i.nrf_drv_saadc_buffer_convert) refers to nrf_drv_saadc.o(i.nrf_saadc_event_check) for nrf_saadc_event_check
    nrf_drv_saadc.o(i.nrf_drv_saadc_buffer_convert) refers to nrf_drv_saadc.o(i.nrf_saadc_buffer_init) for nrf_saadc_buffer_init
    nrf_drv_saadc.o(i.nrf_drv_saadc_buffer_convert) refers to nrf_drv_saadc.o(i.nrf_saadc_channel_input_set) for nrf_saadc_channel_input_set
    nrf_drv_saadc.o(i.nrf_drv_saadc_buffer_convert) refers to nrf_drv_saadc.o(.bss) for .bss
    nrf_drv_saadc.o(i.nrf_drv_saadc_busy_check) refers to nrf_drv_saadc.o(.bss) for .bss
    nrf_drv_saadc.o(i.nrf_drv_saadc_channel_init) refers to nrf_drv_saadc.o(i.input_is_allocated) for input_is_allocated
    nrf_drv_saadc.o(i.nrf_drv_saadc_channel_init) refers to nrf_drv_saadc.o(i.input_is_ain) for input_is_ain
    nrf_drv_saadc.o(i.nrf_drv_saadc_channel_init) refers to nrf_drv_saadc.o(i.ain_set_allocated) for ain_set_allocated
    nrf_drv_saadc.o(i.nrf_drv_saadc_channel_init) refers to nrf_saadc.o(i.nrf_saadc_channel_init) for nrf_saadc_channel_init
    nrf_drv_saadc.o(i.nrf_drv_saadc_channel_init) refers to nrf_drv_saadc.o(i.nrf_saadc_channel_input_set) for nrf_saadc_channel_input_set
    nrf_drv_saadc.o(i.nrf_drv_saadc_channel_init) refers to nrf_drv_saadc.o(.bss) for .bss
    nrf_drv_saadc.o(i.nrf_drv_saadc_channel_uninit) refers to nrf_drv_saadc.o(i.input_is_ain) for input_is_ain
    nrf_drv_saadc.o(i.nrf_drv_saadc_channel_uninit) refers to nrf_drv_saadc.o(i.ain_set_allocated) for ain_set_allocated
    nrf_drv_saadc.o(i.nrf_drv_saadc_channel_uninit) refers to nrf_drv_saadc.o(i.nrf_saadc_channel_input_set) for nrf_saadc_channel_input_set
    nrf_drv_saadc.o(i.nrf_drv_saadc_channel_uninit) refers to nrf_drv_saadc.o(i.nrf_drv_saadc_limit_set) for nrf_drv_saadc_limit_set
    nrf_drv_saadc.o(i.nrf_drv_saadc_channel_uninit) refers to nrf_drv_saadc.o(.bss) for .bss
    nrf_drv_saadc.o(i.nrf_drv_saadc_init) refers to nrf_drv_common.o(i.nrf_drv_common_irq_enable) for nrf_drv_common_irq_enable
    nrf_drv_saadc.o(i.nrf_drv_saadc_init) refers to nrf_drv_saadc.o(.bss) for .bss
    nrf_drv_saadc.o(i.nrf_drv_saadc_init) refers to nrf_drv_saadc.o(.constdata) for .constdata
    nrf_drv_saadc.o(i.nrf_drv_saadc_limit_set) refers to nrf_drv_saadc.o(i.nrf_saadc_limit_int_get) for nrf_saadc_limit_int_get
    nrf_drv_saadc.o(i.nrf_drv_saadc_limit_set) refers to nrf_drv_saadc.o(.bss) for .bss
    nrf_drv_saadc.o(i.nrf_drv_saadc_sample) refers to nrf_drv_saadc.o(.bss) for .bss
    nrf_drv_saadc.o(i.nrf_drv_saadc_sample_convert) refers to nrf_drv_saadc.o(i.nrf_saadc_buffer_init) for nrf_saadc_buffer_init
    nrf_drv_saadc.o(i.nrf_drv_saadc_sample_convert) refers to nrf_drv_saadc.o(i.nrf_saadc_channel_input_set) for nrf_saadc_channel_input_set
    nrf_drv_saadc.o(i.nrf_drv_saadc_sample_convert) refers to nrf_drv_saadc.o(i.nrf_saadc_event_check) for nrf_saadc_event_check
    nrf_drv_saadc.o(i.nrf_drv_saadc_sample_convert) refers to nrf_drv_saadc.o(.bss) for .bss
    nrf_drv_saadc.o(i.nrf_drv_saadc_uninit) refers to nrf_drv_saadc.o(i.nrf_saadc_event_check) for nrf_saadc_event_check
    nrf_drv_saadc.o(i.nrf_drv_saadc_uninit) refers to nrf_drv_saadc.o(i.nrf_drv_saadc_channel_uninit) for nrf_drv_saadc_channel_uninit
    nrf_drv_saadc.o(i.nrf_drv_saadc_uninit) refers to nrf_drv_saadc.o(.bss) for .bss
    nrf_drv_timer.o(i.TIMER0_IRQHandler) refers to nrf_drv_timer.o(.bss) for .bss
    nrf_drv_timer.o(i.nrf_drv_timer_disable) refers to nrf_drv_timer.o(.bss) for .bss
    nrf_drv_timer.o(i.nrf_drv_timer_enable) refers to nrf_drv_timer.o(.bss) for .bss
    nrf_drv_timer.o(i.nrf_drv_timer_extended_compare) refers to nrf_drv_timer.o(i.nrf_drv_timer_compare) for nrf_drv_timer_compare
    nrf_drv_timer.o(i.nrf_drv_timer_init) refers to nrf_drv_common.o(i.nrf_drv_common_irq_enable) for nrf_drv_common_irq_enable
    nrf_drv_timer.o(i.nrf_drv_timer_init) refers to nrf_drv_timer.o(.bss) for .bss
    nrf_drv_timer.o(i.nrf_drv_timer_init) refers to nrf_drv_timer.o(.constdata) for .constdata
    nrf_drv_timer.o(i.nrf_drv_timer_uninit) refers to nrf_drv_timer.o(i.nrf_drv_timer_disable) for nrf_drv_timer_disable
    nrf_drv_timer.o(i.nrf_drv_timer_uninit) refers to nrf_drv_timer.o(.bss) for .bss
    nrf_drv_uart.o(i.UARTE0_UART0_IRQHandler) refers to nrf_drv_uart.o(i.uarte_irq_handler) for uarte_irq_handler
    nrf_drv_uart.o(i.UARTE0_UART0_IRQHandler) refers to nrf_drv_uart.o(i.uart_irq_handler) for uart_irq_handler
    nrf_drv_uart.o(i.UARTE0_UART0_IRQHandler) refers to nrf_drv_uart.o(.bss) for .bss
    nrf_drv_uart.o(i.apply_config) refers to nrf_drv_uart.o(i.nrf_gpio_cfg_output) for nrf_gpio_cfg_output
    nrf_drv_uart.o(i.apply_config) refers to nrf_drv_uart.o(i.nrf_gpio_cfg_input) for nrf_gpio_cfg_input
    nrf_drv_uart.o(i.apply_config) refers to nrf_drv_uart.o(.bss) for .bss
    nrf_drv_uart.o(i.nrf_drv_uart_errorsrc_get) refers to nrf_drv_uart.o(.bss) for .bss
    nrf_drv_uart.o(i.nrf_drv_uart_init) refers to nrf_drv_uart.o(i.apply_config) for apply_config
    nrf_drv_uart.o(i.nrf_drv_uart_init) refers to nrf_drv_common.o(i.nrf_drv_common_irq_enable) for nrf_drv_common_irq_enable
    nrf_drv_uart.o(i.nrf_drv_uart_init) refers to nrf_drv_uart.o(.bss) for .bss
    nrf_drv_uart.o(i.nrf_drv_uart_init) refers to nrf_drv_uart.o(.constdata) for .constdata
    nrf_drv_uart.o(i.nrf_drv_uart_rx) refers to nrf_drv_uart.o(i.nrf_drv_uart_rx_for_uarte) for nrf_drv_uart_rx_for_uarte
    nrf_drv_uart.o(i.nrf_drv_uart_rx) refers to nrf_drv_uart.o(i.nrf_drv_uart_rx_for_uart) for nrf_drv_uart_rx_for_uart
    nrf_drv_uart.o(i.nrf_drv_uart_rx) refers to nrf_drv_uart.o(.bss) for .bss
    nrf_drv_uart.o(i.nrf_drv_uart_rx_abort) refers to nrf_drv_uart.o(.bss) for .bss
    nrf_drv_uart.o(i.nrf_drv_uart_rx_disable) refers to nrf_drv_uart.o(.bss) for .bss
    nrf_drv_uart.o(i.nrf_drv_uart_rx_enable) refers to nrf_drv_uart.o(i.rx_enable) for rx_enable
    nrf_drv_uart.o(i.nrf_drv_uart_rx_enable) refers to nrf_drv_uart.o(.bss) for .bss
    nrf_drv_uart.o(i.nrf_drv_uart_rx_for_uart) refers to nrf_drv_uart.o(i.rx_enable) for rx_enable
    nrf_drv_uart.o(i.nrf_drv_uart_rx_for_uart) refers to nrf_drv_uart.o(i.nrf_uart_event_check) for nrf_uart_event_check
    nrf_drv_uart.o(i.nrf_drv_uart_rx_for_uart) refers to nrf_drv_uart.o(i.rx_byte) for rx_byte
    nrf_drv_uart.o(i.nrf_drv_uart_rx_for_uart) refers to nrf_drv_uart.o(.bss) for .bss
    nrf_drv_uart.o(i.nrf_drv_uart_rx_for_uarte) refers to nrf_drv_uart.o(i.nrf_uarte_event_check) for nrf_uarte_event_check
    nrf_drv_uart.o(i.nrf_drv_uart_rx_for_uarte) refers to nrf_drv_uart.o(.bss) for .bss
    nrf_drv_uart.o(i.nrf_drv_uart_tx) refers to nrf_drv_uart.o(i.nrf_uarte_event_check) for nrf_uarte_event_check
    nrf_drv_uart.o(i.nrf_drv_uart_tx) refers to nrf_drv_uart.o(i.nrf_drv_uart_tx_for_uart) for nrf_drv_uart_tx_for_uart
    nrf_drv_uart.o(i.nrf_drv_uart_tx) refers to nrf_drv_uart.o(.bss) for .bss
    nrf_drv_uart.o(i.nrf_drv_uart_tx_abort) refers to nrf_drv_uart.o(i.nrf_uarte_event_check) for nrf_uarte_event_check
    nrf_drv_uart.o(i.nrf_drv_uart_tx_abort) refers to nrf_drv_uart.o(i.tx_done_event) for tx_done_event
    nrf_drv_uart.o(i.nrf_drv_uart_tx_abort) refers to nrf_drv_uart.o(.bss) for .bss
    nrf_drv_uart.o(i.nrf_drv_uart_tx_for_uart) refers to nrf_drv_uart.o(i.tx_byte) for tx_byte
    nrf_drv_uart.o(i.nrf_drv_uart_tx_for_uart) refers to nrf_drv_uart.o(i.nrf_uart_event_check) for nrf_uart_event_check
    nrf_drv_uart.o(i.nrf_drv_uart_tx_for_uart) refers to nrf_drv_uart.o(.bss) for .bss
    nrf_drv_uart.o(i.nrf_drv_uart_uninit) refers to nrf_drv_uart.o(i.pins_to_default) for pins_to_default
    nrf_drv_uart.o(i.nrf_drv_uart_uninit) refers to nrf_drv_uart.o(.bss) for .bss
    nrf_drv_uart.o(i.nrf_gpio_cfg_default) refers to nrf_drv_uart.o(i.nrf_gpio_cfg) for nrf_gpio_cfg
    nrf_drv_uart.o(i.nrf_gpio_cfg_input) refers to nrf_drv_uart.o(i.nrf_gpio_cfg) for nrf_gpio_cfg
    nrf_drv_uart.o(i.nrf_gpio_cfg_output) refers to nrf_drv_uart.o(i.nrf_gpio_cfg) for nrf_gpio_cfg
    nrf_drv_uart.o(i.pins_to_default) refers to nrf_drv_uart.o(i.nrf_gpio_cfg_default) for nrf_gpio_cfg_default
    nrf_drv_uart.o(i.rx_byte) refers to nrf_drv_uart.o(.bss) for .bss
    nrf_drv_uart.o(i.rx_done_event) refers to nrf_drv_uart.o(.bss) for .bss
    nrf_drv_uart.o(i.tx_byte) refers to nrf_drv_uart.o(.bss) for .bss
    nrf_drv_uart.o(i.tx_done_event) refers to nrf_drv_uart.o(.bss) for .bss
    nrf_drv_uart.o(i.uart_irq_handler) refers to nrf_drv_uart.o(i.nrf_uart_int_enable_check) for nrf_uart_int_enable_check
    nrf_drv_uart.o(i.uart_irq_handler) refers to nrf_drv_uart.o(i.nrf_uart_event_check) for nrf_uart_event_check
    nrf_drv_uart.o(i.uart_irq_handler) refers to nrf_drv_uart.o(i.rx_byte) for rx_byte
    nrf_drv_uart.o(i.uart_irq_handler) refers to nrf_drv_uart.o(i.rx_done_event) for rx_done_event
    nrf_drv_uart.o(i.uart_irq_handler) refers to nrf_drv_uart.o(i.tx_byte) for tx_byte
    nrf_drv_uart.o(i.uart_irq_handler) refers to nrf_drv_uart.o(i.tx_done_event) for tx_done_event
    nrf_drv_uart.o(i.uart_irq_handler) refers to nrf_drv_uart.o(.bss) for .bss
    nrf_drv_uart.o(i.uarte_irq_handler) refers to nrf_drv_uart.o(i.nrf_uarte_event_check) for nrf_uarte_event_check
    nrf_drv_uart.o(i.uarte_irq_handler) refers to nrf_drv_uart.o(i.rx_done_event) for rx_done_event
    nrf_drv_uart.o(i.uarte_irq_handler) refers to nrf_drv_uart.o(i.tx_done_event) for tx_done_event
    nrf_drv_uart.o(i.uarte_irq_handler) refers to nrf_drv_uart.o(.bss) for .bss
    app_error.o(i.app_error_handler) refers to app_error.o(i.app_error_fault_handler) for app_error_fault_handler
    app_error.o(i.app_error_handler_bare) refers to app_error.o(i.app_error_fault_handler) for app_error_fault_handler
    app_error.o(i.app_error_save_and_stop) refers to app_error.o(.bss) for .bss
    app_fifo.o(i.app_fifo_get) refers to app_fifo.o(i.fifo_get) for fifo_get
    app_fifo.o(i.app_fifo_put) refers to app_fifo.o(i.fifo_put) for fifo_put
    app_fifo.o(i.app_fifo_read) refers to app_fifo.o(i.fifo_get) for fifo_get
    app_fifo.o(i.app_fifo_write) refers to app_fifo.o(i.fifo_put) for fifo_put
    app_util_platform.o(i.critical_region_enter) refers to app_util_platform.o(.data) for .data
    app_util_platform.o(i.critical_region_exit) refers to app_util_platform.o(.data) for .data
    retarget.o(i.fgetc) refers to app_uart_fifo.o(i.app_uart_get) for app_uart_get
    retarget.o(i.fputc) refers to app_uart_fifo.o(i.app_uart_put) for app_uart_put
    entry.o(.ARM.Collect$$$$00000000) refers (Special) to entry10a.o(.ARM.Collect$$$$0000000D) for __rt_final_cpp
    entry.o(.ARM.Collect$$$$00000000) refers (Special) to entry11a.o(.ARM.Collect$$$$0000000F) for __rt_final_exit
    entry.o(.ARM.Collect$$$$00000000) refers (Special) to entry7b.o(.ARM.Collect$$$$00000008) for _main_clock
    entry.o(.ARM.Collect$$$$00000000) refers (Special) to entry8b.o(.ARM.Collect$$$$0000000A) for _main_cpp_init
    entry.o(.ARM.Collect$$$$00000000) refers (Special) to entry9a.o(.ARM.Collect$$$$0000000B) for _main_init
    entry.o(.ARM.Collect$$$$00000000) refers (Special) to entry5.o(.ARM.Collect$$$$00000004) for _main_scatterload
    entry.o(.ARM.Collect$$$$00000000) refers (Special) to entry2.o(.ARM.Collect$$$$00000001) for _main_stk
    rand.o(.text) refers to rand.o(.data) for .data
    printfb.o(i.__0fprintf$bare) refers to printfb.o(i._printf_core) for _printf_core
    printfb.o(i.__0fprintf$bare) refers to retarget.o(i.fputc) for fputc
    printfb.o(i.__0printf$bare) refers to printfb.o(i._printf_core) for _printf_core
    printfb.o(i.__0printf$bare) refers to retarget.o(i.fputc) for fputc
    printfb.o(i.__0printf$bare) refers to retarget.o(.data) for __stdout
    printfb.o(i.__0snprintf$bare) refers to printfb.o(i._printf_core) for _printf_core
    printfb.o(i.__0snprintf$bare) refers to printfb.o(i._snputc) for _snputc
    printfb.o(i.__0sprintf$bare) refers to printfb.o(i._printf_core) for _printf_core
    printfb.o(i.__0sprintf$bare) refers to printfb.o(i._sputc) for _sputc
    printfb.o(i.__0vfprintf$bare) refers to printfb.o(i._printf_core) for _printf_core
    printfb.o(i.__0vfprintf$bare) refers to retarget.o(i.fputc) for fputc
    printfb.o(i.__0vprintf$bare) refers to printfb.o(i._printf_core) for _printf_core
    printfb.o(i.__0vprintf$bare) refers to retarget.o(i.fputc) for fputc
    printfb.o(i.__0vprintf$bare) refers to retarget.o(.data) for __stdout
    printfb.o(i.__0vsnprintf$bare) refers to printfb.o(i._printf_core) for _printf_core
    printfb.o(i.__0vsnprintf$bare) refers to printfb.o(i._snputc) for _snputc
    printfb.o(i.__0vsprintf$bare) refers to printfb.o(i._printf_core) for _printf_core
    printfb.o(i.__0vsprintf$bare) refers to printfb.o(i._sputc) for _sputc
    printf0.o(i.__0fprintf$0) refers to printf0.o(i._printf_core) for _printf_core
    printf0.o(i.__0fprintf$0) refers to retarget.o(i.fputc) for fputc
    printf0.o(i.__0printf$0) refers to printf0.o(i._printf_core) for _printf_core
    printf0.o(i.__0printf$0) refers to retarget.o(i.fputc) for fputc
    printf0.o(i.__0printf$0) refers to retarget.o(.data) for __stdout
    printf0.o(i.__0snprintf$0) refers to printf0.o(i._printf_core) for _printf_core
    printf0.o(i.__0snprintf$0) refers to printf0.o(i._snputc) for _snputc
    printf0.o(i.__0sprintf$0) refers to printf0.o(i._printf_core) for _printf_core
    printf0.o(i.__0sprintf$0) refers to printf0.o(i._sputc) for _sputc
    printf0.o(i.__0vfprintf$0) refers to printf0.o(i._printf_core) for _printf_core
    printf0.o(i.__0vfprintf$0) refers to retarget.o(i.fputc) for fputc
    printf0.o(i.__0vprintf$0) refers to printf0.o(i._printf_core) for _printf_core
    printf0.o(i.__0vprintf$0) refers to retarget.o(i.fputc) for fputc
    printf0.o(i.__0vprintf$0) refers to retarget.o(.data) for __stdout
    printf0.o(i.__0vsnprintf$0) refers to printf0.o(i._printf_core) for _printf_core
    printf0.o(i.__0vsnprintf$0) refers to printf0.o(i._snputc) for _snputc
    printf0.o(i.__0vsprintf$0) refers to printf0.o(i._printf_core) for _printf_core
    printf0.o(i.__0vsprintf$0) refers to printf0.o(i._sputc) for _sputc
    printf1.o(i.__0fprintf$1) refers to printf1.o(i._printf_core) for _printf_core
    printf1.o(i.__0fprintf$1) refers to retarget.o(i.fputc) for fputc
    printf1.o(i.__0printf$1) refers to printf1.o(i._printf_core) for _printf_core
    printf1.o(i.__0printf$1) refers to retarget.o(i.fputc) for fputc
    printf1.o(i.__0printf$1) refers to retarget.o(.data) for __stdout
    printf1.o(i.__0snprintf$1) refers to printf1.o(i._printf_core) for _printf_core
    printf1.o(i.__0snprintf$1) refers to printf1.o(i._snputc) for _snputc
    printf1.o(i.__0sprintf$1) refers to printf1.o(i._printf_core) for _printf_core
    printf1.o(i.__0sprintf$1) refers to printf1.o(i._sputc) for _sputc
    printf1.o(i.__0vfprintf$1) refers to printf1.o(i._printf_core) for _printf_core
    printf1.o(i.__0vfprintf$1) refers to retarget.o(i.fputc) for fputc
    printf1.o(i.__0vprintf$1) refers to printf1.o(i._printf_core) for _printf_core
    printf1.o(i.__0vprintf$1) refers to retarget.o(i.fputc) for fputc
    printf1.o(i.__0vprintf$1) refers to retarget.o(.data) for __stdout
    printf1.o(i.__0vsnprintf$1) refers to printf1.o(i._printf_core) for _printf_core
    printf1.o(i.__0vsnprintf$1) refers to printf1.o(i._snputc) for _snputc
    printf1.o(i.__0vsprintf$1) refers to printf1.o(i._printf_core) for _printf_core
    printf1.o(i.__0vsprintf$1) refers to printf1.o(i._sputc) for _sputc
    printf1.o(i._printf_core) refers to uidiv.o(.text) for __aeabi_uidivmod
    printf2.o(i.__0fprintf$2) refers to printf2.o(i._printf_core) for _printf_core
    printf2.o(i.__0fprintf$2) refers to retarget.o(i.fputc) for fputc
    printf2.o(i.__0printf$2) refers to printf2.o(i._printf_core) for _printf_core
    printf2.o(i.__0printf$2) refers to retarget.o(i.fputc) for fputc
    printf2.o(i.__0printf$2) refers to retarget.o(.data) for __stdout
    printf2.o(i.__0snprintf$2) refers to printf2.o(i._printf_core) for _printf_core
    printf2.o(i.__0snprintf$2) refers to printf2.o(i._snputc) for _snputc
    printf2.o(i.__0sprintf$2) refers to printf2.o(i._printf_core) for _printf_core
    printf2.o(i.__0sprintf$2) refers to printf2.o(i._sputc) for _sputc
    printf2.o(i.__0vfprintf$2) refers to printf2.o(i._printf_core) for _printf_core
    printf2.o(i.__0vfprintf$2) refers to retarget.o(i.fputc) for fputc
    printf2.o(i.__0vprintf$2) refers to printf2.o(i._printf_core) for _printf_core
    printf2.o(i.__0vprintf$2) refers to retarget.o(i.fputc) for fputc
    printf2.o(i.__0vprintf$2) refers to retarget.o(.data) for __stdout
    printf2.o(i.__0vsnprintf$2) refers to printf2.o(i._printf_core) for _printf_core
    printf2.o(i.__0vsnprintf$2) refers to printf2.o(i._snputc) for _snputc
    printf2.o(i.__0vsprintf$2) refers to printf2.o(i._printf_core) for _printf_core
    printf2.o(i.__0vsprintf$2) refers to printf2.o(i._sputc) for _sputc
    printf3.o(i.__0fprintf$3) refers to printf3.o(i._printf_core) for _printf_core
    printf3.o(i.__0fprintf$3) refers to retarget.o(i.fputc) for fputc
    printf3.o(i.__0printf$3) refers to printf3.o(i._printf_core) for _printf_core
    printf3.o(i.__0printf$3) refers to retarget.o(i.fputc) for fputc
    printf3.o(i.__0printf$3) refers to retarget.o(.data) for __stdout
    printf3.o(i.__0snprintf$3) refers to printf3.o(i._printf_core) for _printf_core
    printf3.o(i.__0snprintf$3) refers to printf3.o(i._snputc) for _snputc
    printf3.o(i.__0sprintf$3) refers to printf3.o(i._printf_core) for _printf_core
    printf3.o(i.__0sprintf$3) refers to printf3.o(i._sputc) for _sputc
    printf3.o(i.__0vfprintf$3) refers to printf3.o(i._printf_core) for _printf_core
    printf3.o(i.__0vfprintf$3) refers to retarget.o(i.fputc) for fputc
    printf3.o(i.__0vprintf$3) refers to printf3.o(i._printf_core) for _printf_core
    printf3.o(i.__0vprintf$3) refers to retarget.o(i.fputc) for fputc
    printf3.o(i.__0vprintf$3) refers to retarget.o(.data) for __stdout
    printf3.o(i.__0vsnprintf$3) refers to printf3.o(i._printf_core) for _printf_core
    printf3.o(i.__0vsnprintf$3) refers to printf3.o(i._snputc) for _snputc
    printf3.o(i.__0vsprintf$3) refers to printf3.o(i._printf_core) for _printf_core
    printf3.o(i.__0vsprintf$3) refers to printf3.o(i._sputc) for _sputc
    printf3.o(i._printf_core) refers to uidiv.o(.text) for __aeabi_uidivmod
    printf4.o(i.__0fprintf$4) refers to printf4.o(i._printf_core) for _printf_core
    printf4.o(i.__0fprintf$4) refers to retarget.o(i.fputc) for fputc
    printf4.o(i.__0printf$4) refers to printf4.o(i._printf_core) for _printf_core
    printf4.o(i.__0printf$4) refers to retarget.o(i.fputc) for fputc
    printf4.o(i.__0printf$4) refers to retarget.o(.data) for __stdout
    printf4.o(i.__0snprintf$4) refers to printf4.o(i._printf_core) for _printf_core
    printf4.o(i.__0snprintf$4) refers to printf4.o(i._snputc) for _snputc
    printf4.o(i.__0sprintf$4) refers to printf4.o(i._printf_core) for _printf_core
    printf4.o(i.__0sprintf$4) refers to printf4.o(i._sputc) for _sputc
    printf4.o(i.__0vfprintf$4) refers to printf4.o(i._printf_core) for _printf_core
    printf4.o(i.__0vfprintf$4) refers to retarget.o(i.fputc) for fputc
    printf4.o(i.__0vprintf$4) refers to printf4.o(i._printf_core) for _printf_core
    printf4.o(i.__0vprintf$4) refers to retarget.o(i.fputc) for fputc
    printf4.o(i.__0vprintf$4) refers to retarget.o(.data) for __stdout
    printf4.o(i.__0vsnprintf$4) refers to printf4.o(i._printf_core) for _printf_core
    printf4.o(i.__0vsnprintf$4) refers to printf4.o(i._snputc) for _snputc
    printf4.o(i.__0vsprintf$4) refers to printf4.o(i._printf_core) for _printf_core
    printf4.o(i.__0vsprintf$4) refers to printf4.o(i._sputc) for _sputc
    printf4.o(i._printf_core) refers to uldiv.o(.text) for __aeabi_uldivmod
    printf5.o(i.__0fprintf$5) refers to printf5.o(i._printf_core) for _printf_core
    printf5.o(i.__0fprintf$5) refers to retarget.o(i.fputc) for fputc
    printf5.o(i.__0printf$5) refers to printf5.o(i._printf_core) for _printf_core
    printf5.o(i.__0printf$5) refers to retarget.o(i.fputc) for fputc
    printf5.o(i.__0printf$5) refers to retarget.o(.data) for __stdout
    printf5.o(i.__0snprintf$5) refers to printf5.o(i._printf_core) for _printf_core
    printf5.o(i.__0snprintf$5) refers to printf5.o(i._snputc) for _snputc
    printf5.o(i.__0sprintf$5) refers to printf5.o(i._printf_core) for _printf_core
    printf5.o(i.__0sprintf$5) refers to printf5.o(i._sputc) for _sputc
    printf5.o(i.__0vfprintf$5) refers to printf5.o(i._printf_core) for _printf_core
    printf5.o(i.__0vfprintf$5) refers to retarget.o(i.fputc) for fputc
    printf5.o(i.__0vprintf$5) refers to printf5.o(i._printf_core) for _printf_core
    printf5.o(i.__0vprintf$5) refers to retarget.o(i.fputc) for fputc
    printf5.o(i.__0vprintf$5) refers to retarget.o(.data) for __stdout
    printf5.o(i.__0vsnprintf$5) refers to printf5.o(i._printf_core) for _printf_core
    printf5.o(i.__0vsnprintf$5) refers to printf5.o(i._snputc) for _snputc
    printf5.o(i.__0vsprintf$5) refers to printf5.o(i._printf_core) for _printf_core
    printf5.o(i.__0vsprintf$5) refers to printf5.o(i._sputc) for _sputc
    printf5.o(i._printf_core) refers to uldiv.o(.text) for __aeabi_uldivmod
    printf6.o(i.__0fprintf$6) refers to printf6.o(i._printf_core) for _printf_core
    printf6.o(i.__0fprintf$6) refers to retarget.o(i.fputc) for fputc
    printf6.o(i.__0printf$6) refers to printf6.o(i._printf_core) for _printf_core
    printf6.o(i.__0printf$6) refers to retarget.o(i.fputc) for fputc
    printf6.o(i.__0printf$6) refers to retarget.o(.data) for __stdout
    printf6.o(i.__0snprintf$6) refers to printf6.o(i._printf_core) for _printf_core
    printf6.o(i.__0snprintf$6) refers to printf6.o(i._snputc) for _snputc
    printf6.o(i.__0sprintf$6) refers to printf6.o(i._printf_core) for _printf_core
    printf6.o(i.__0sprintf$6) refers to printf6.o(i._sputc) for _sputc
    printf6.o(i.__0vfprintf$6) refers to printf6.o(i._printf_core) for _printf_core
    printf6.o(i.__0vfprintf$6) refers to retarget.o(i.fputc) for fputc
    printf6.o(i.__0vprintf$6) refers to printf6.o(i._printf_core) for _printf_core
    printf6.o(i.__0vprintf$6) refers to retarget.o(i.fputc) for fputc
    printf6.o(i.__0vprintf$6) refers to retarget.o(.data) for __stdout
    printf6.o(i.__0vsnprintf$6) refers to printf6.o(i._printf_core) for _printf_core
    printf6.o(i.__0vsnprintf$6) refers to printf6.o(i._snputc) for _snputc
    printf6.o(i.__0vsprintf$6) refers to printf6.o(i._printf_core) for _printf_core
    printf6.o(i.__0vsprintf$6) refers to printf6.o(i._sputc) for _sputc
    printf6.o(i._printf_core) refers to printf6.o(i._printf_pre_padding) for _printf_pre_padding
    printf6.o(i._printf_core) refers to uidiv.o(.text) for __aeabi_uidivmod
    printf6.o(i._printf_core) refers to printf6.o(i._printf_post_padding) for _printf_post_padding
    printf7.o(i.__0fprintf$7) refers to printf7.o(i._printf_core) for _printf_core
    printf7.o(i.__0fprintf$7) refers to retarget.o(i.fputc) for fputc
    printf7.o(i.__0printf$7) refers to printf7.o(i._printf_core) for _printf_core
    printf7.o(i.__0printf$7) refers to retarget.o(i.fputc) for fputc
    printf7.o(i.__0printf$7) refers to retarget.o(.data) for __stdout
    printf7.o(i.__0snprintf$7) refers to printf7.o(i._printf_core) for _printf_core
    printf7.o(i.__0snprintf$7) refers to printf7.o(i._snputc) for _snputc
    printf7.o(i.__0sprintf$7) refers to printf7.o(i._printf_core) for _printf_core
    printf7.o(i.__0sprintf$7) refers to printf7.o(i._sputc) for _sputc
    printf7.o(i.__0vfprintf$7) refers to printf7.o(i._printf_core) for _printf_core
    printf7.o(i.__0vfprintf$7) refers to retarget.o(i.fputc) for fputc
    printf7.o(i.__0vprintf$7) refers to printf7.o(i._printf_core) for _printf_core
    printf7.o(i.__0vprintf$7) refers to retarget.o(i.fputc) for fputc
    printf7.o(i.__0vprintf$7) refers to retarget.o(.data) for __stdout
    printf7.o(i.__0vsnprintf$7) refers to printf7.o(i._printf_core) for _printf_core
    printf7.o(i.__0vsnprintf$7) refers to printf7.o(i._snputc) for _snputc
    printf7.o(i.__0vsprintf$7) refers to printf7.o(i._printf_core) for _printf_core
    printf7.o(i.__0vsprintf$7) refers to printf7.o(i._sputc) for _sputc
    printf7.o(i._printf_core) refers to printf7.o(i._printf_pre_padding) for _printf_pre_padding
    printf7.o(i._printf_core) refers to uldiv.o(.text) for __aeabi_uldivmod
    printf7.o(i._printf_core) refers to printf7.o(i._printf_post_padding) for _printf_post_padding
    printf8.o(i.__0fprintf$8) refers to printf8.o(i._printf_core) for _printf_core
    printf8.o(i.__0fprintf$8) refers to retarget.o(i.fputc) for fputc
    printf8.o(i.__0printf$8) refers to printf8.o(i._printf_core) for _printf_core
    printf8.o(i.__0printf$8) refers to retarget.o(i.fputc) for fputc
    printf8.o(i.__0printf$8) refers to retarget.o(.data) for __stdout
    printf8.o(i.__0snprintf$8) refers to printf8.o(i._printf_core) for _printf_core
    printf8.o(i.__0snprintf$8) refers to printf8.o(i._snputc) for _snputc
    printf8.o(i.__0sprintf$8) refers to printf8.o(i._printf_core) for _printf_core
    printf8.o(i.__0sprintf$8) refers to printf8.o(i._sputc) for _sputc
    printf8.o(i.__0vfprintf$8) refers to printf8.o(i._printf_core) for _printf_core
    printf8.o(i.__0vfprintf$8) refers to retarget.o(i.fputc) for fputc
    printf8.o(i.__0vprintf$8) refers to printf8.o(i._printf_core) for _printf_core
    printf8.o(i.__0vprintf$8) refers to retarget.o(i.fputc) for fputc
    printf8.o(i.__0vprintf$8) refers to retarget.o(.data) for __stdout
    printf8.o(i.__0vsnprintf$8) refers to printf8.o(i._printf_core) for _printf_core
    printf8.o(i.__0vsnprintf$8) refers to printf8.o(i._snputc) for _snputc
    printf8.o(i.__0vsprintf$8) refers to printf8.o(i._printf_core) for _printf_core
    printf8.o(i.__0vsprintf$8) refers to printf8.o(i._sputc) for _sputc
    printf8.o(i._printf_core) refers to printf8.o(i._printf_pre_padding) for _printf_pre_padding
    printf8.o(i._printf_core) refers to uldiv.o(.text) for __aeabi_uldivmod
    printf8.o(i._printf_core) refers to printf8.o(i._printf_post_padding) for _printf_post_padding
    printfa.o(i.__0fprintf) refers (Special) to iusefp.o(.text) for __I$use$fp
    printfa.o(i.__0fprintf) refers to printfa.o(i._printf_core) for _printf_core
    printfa.o(i.__0fprintf) refers to retarget.o(i.fputc) for fputc
    printfa.o(i.__0printf) refers (Special) to iusefp.o(.text) for __I$use$fp
    printfa.o(i.__0printf) refers to printfa.o(i._printf_core) for _printf_core
    printfa.o(i.__0printf) refers to retarget.o(i.fputc) for fputc
    printfa.o(i.__0printf) refers to retarget.o(.data) for __stdout
    printfa.o(i.__0snprintf) refers (Special) to iusefp.o(.text) for __I$use$fp
    printfa.o(i.__0snprintf) refers to printfa.o(i._printf_core) for _printf_core
    printfa.o(i.__0snprintf) refers to printfa.o(i._snputc) for _snputc
    printfa.o(i.__0sprintf) refers (Special) to iusefp.o(.text) for __I$use$fp
    printfa.o(i.__0sprintf) refers to printfa.o(i._printf_core) for _printf_core
    printfa.o(i.__0sprintf) refers to printfa.o(i._sputc) for _sputc
    printfa.o(i.__0vfprintf) refers (Special) to iusefp.o(.text) for __I$use$fp
    printfa.o(i.__0vfprintf) refers to printfa.o(i._printf_core) for _printf_core
    printfa.o(i.__0vfprintf) refers to retarget.o(i.fputc) for fputc
    printfa.o(i.__0vprintf) refers (Special) to iusefp.o(.text) for __I$use$fp
    printfa.o(i.__0vprintf) refers to printfa.o(i._printf_core) for _printf_core
    printfa.o(i.__0vprintf) refers to retarget.o(i.fputc) for fputc
    printfa.o(i.__0vprintf) refers to retarget.o(.data) for __stdout
    printfa.o(i.__0vsnprintf) refers (Special) to iusefp.o(.text) for __I$use$fp
    printfa.o(i.__0vsnprintf) refers to printfa.o(i._printf_core) for _printf_core
    printfa.o(i.__0vsnprintf) refers to printfa.o(i._snputc) for _snputc
    printfa.o(i.__0vsprintf) refers (Special) to iusefp.o(.text) for __I$use$fp
    printfa.o(i.__0vsprintf) refers to printfa.o(i._printf_core) for _printf_core
    printfa.o(i.__0vsprintf) refers to printfa.o(i._sputc) for _sputc
    printfa.o(i._fp_digits) refers (Special) to iusefp.o(.text) for __I$use$fp
    printfa.o(i._fp_digits) refers to dmul.o(.text) for __aeabi_dmul
    printfa.o(i._fp_digits) refers to ddiv.o(.text) for __aeabi_ddiv
    printfa.o(i._fp_digits) refers to cdrcmple.o(.text) for __aeabi_cdrcmple
    printfa.o(i._fp_digits) refers to dadd.o(.text) for __aeabi_dadd
    printfa.o(i._fp_digits) refers to dfixul.o(.text) for __aeabi_d2ulz
    printfa.o(i._fp_digits) refers to uldiv.o(.text) for __aeabi_uldivmod
    printfa.o(i._printf_core) refers (Special) to iusefp.o(.text) for __I$use$fp
    printfa.o(i._printf_core) refers to printfa.o(i._printf_pre_padding) for _printf_pre_padding
    printfa.o(i._printf_core) refers to uldiv.o(.text) for __aeabi_uldivmod
    printfa.o(i._printf_core) refers to printfa.o(i._printf_post_padding) for _printf_post_padding
    printfa.o(i._printf_core) refers to printfa.o(i._fp_digits) for _fp_digits
    printfa.o(i._printf_core) refers to uidiv.o(.text) for __aeabi_uidivmod
    printfa.o(i._printf_post_padding) refers (Special) to iusefp.o(.text) for __I$use$fp
    printfa.o(i._printf_pre_padding) refers (Special) to iusefp.o(.text) for __I$use$fp
    printfa.o(i._snputc) refers (Special) to iusefp.o(.text) for __I$use$fp
    printfa.o(i._sputc) refers (Special) to iusefp.o(.text) for __I$use$fp
    dmul.o(.text) refers (Special) to iusefp.o(.text) for __I$use$fp
    dmul.o(.text) refers to depilogue.o(.text) for _double_epilogue
    ddiv.o(.text) refers (Special) to iusefp.o(.text) for __I$use$fp
    ddiv.o(.text) refers to depilogue.o(.text) for _double_round
    dflti.o(.text) refers (Special) to iusefp.o(.text) for __I$use$fp
    dflti.o(.text) refers to depilogue.o(.text) for _double_epilogue
    dfltui.o(.text) refers (Special) to iusefp.o(.text) for __I$use$fp
    dfltui.o(.text) refers to depilogue.o(.text) for _double_epilogue
    dfixi.o(.text) refers (Special) to iusefp.o(.text) for __I$use$fp
    dfixi.o(.text) refers to llushr.o(.text) for __aeabi_llsr
    dfixui.o(.text) refers (Special) to iusefp.o(.text) for __I$use$fp
    dfixui.o(.text) refers to llushr.o(.text) for __aeabi_llsr
    entry2.o(.ARM.Collect$$$$00000001) refers to entry2.o(.ARM.Collect$$$$00002712) for __lit__00000000
    entry2.o(.ARM.Collect$$$$00002712) refers to arm_startup_nrf52.o(STACK) for __initial_sp
    entry2.o(__vectab_stack_and_reset_area) refers to arm_startup_nrf52.o(STACK) for __initial_sp
    entry2.o(__vectab_stack_and_reset_area) refers to entry.o(.ARM.Collect$$$$00000000) for __main
    entry5.o(.ARM.Collect$$$$00000004) refers to init.o(.text) for __scatterload
    entry9a.o(.ARM.Collect$$$$0000000B) refers to main.o(i.main) for main
    entry9b.o(.ARM.Collect$$$$0000000C) refers to main.o(i.main) for main
    uldiv.o(.text) refers to llushr.o(.text) for __aeabi_llsr
    uldiv.o(.text) refers to llshl.o(.text) for __aeabi_llsl
    depilogue.o(.text) refers to llshl.o(.text) for __aeabi_llsl
    depilogue.o(.text) refers to llushr.o(.text) for __aeabi_llsr
    dadd.o(.text) refers to llshl.o(.text) for __aeabi_llsl
    dadd.o(.text) refers to llsshr.o(.text) for __aeabi_lasr
    dadd.o(.text) refers to depilogue.o(.text) for _double_epilogue
    dfixul.o(.text) refers to llushr.o(.text) for __aeabi_llsr
    dfixul.o(.text) refers to llshl.o(.text) for __aeabi_llsl
    init.o(.text) refers to entry5.o(.ARM.Collect$$$$00000004) for __main_after_scatterload


==============================================================================

Removing Unused input sections from the image.

    Removing main.o(.rev16_text), (4 bytes).
    Removing main.o(.revsh_text), (4 bytes).
    Removing main.o(.rrx_text), (6 bytes).
    Removing main.o(.emb_text), (118 bytes).
    Removing main.o(i.testSmoothValue), (80 bytes).
    Removing lts1303m.o(.rev16_text), (4 bytes).
    Removing lts1303m.o(.revsh_text), (4 bytes).
    Removing lts1303m.o(.rrx_text), (6 bytes).
    Removing lts1303m.o(.emb_text), (118 bytes).
    Removing simpress.o(.rev16_text), (4 bytes).
    Removing simpress.o(.revsh_text), (4 bytes).
    Removing simpress.o(.rrx_text), (6 bytes).
    Removing simpress.o(i.getBloodPress), (468 bytes).
    Removing simpress.o(.constdata), (522 bytes).
    Removing arm_startup_nrf52.o(HEAP), (8192 bytes).
    Removing system_nrf52.o(.rev16_text), (4 bytes).
    Removing system_nrf52.o(.revsh_text), (4 bytes).
    Removing system_nrf52.o(.rrx_text), (6 bytes).
    Removing system_nrf52.o(i.SystemCoreClockUpdate), (16 bytes).
    Removing app_uart_fifo.o(.rev16_text), (4 bytes).
    Removing app_uart_fifo.o(.revsh_text), (4 bytes).
    Removing app_uart_fifo.o(.rrx_text), (6 bytes).
    Removing app_uart_fifo.o(i.app_uart_close), (10 bytes).
    Removing app_uart_fifo.o(i.app_uart_flush), (32 bytes).
    Removing app_uart_fifo.o(i.app_uart_get), (52 bytes).
    Removing nrf_drv_common.o(.rev16_text), (4 bytes).
    Removing nrf_drv_common.o(.revsh_text), (4 bytes).
    Removing nrf_drv_common.o(.rrx_text), (6 bytes).
    Removing nrf_delay.o(.rev16_text), (4 bytes).
    Removing nrf_delay.o(.revsh_text), (4 bytes).
    Removing nrf_delay.o(.rrx_text), (6 bytes).
    Removing nrf_saadc.o(.rev16_text), (4 bytes).
    Removing nrf_saadc.o(.revsh_text), (4 bytes).
    Removing nrf_saadc.o(.rrx_text), (6 bytes).
    Removing nrf_saadc.o(i.nrf_saadc_channel_init), (96 bytes).
    Removing nrf_drv_ppi.o(.rev16_text), (4 bytes).
    Removing nrf_drv_ppi.o(.revsh_text), (4 bytes).
    Removing nrf_drv_ppi.o(.rrx_text), (6 bytes).
    Removing nrf_drv_ppi.o(i.is_allocated_channel), (24 bytes).
    Removing nrf_drv_ppi.o(i.is_allocated_group), (24 bytes).
    Removing nrf_drv_ppi.o(i.is_app_group), (12 bytes).
    Removing nrf_drv_ppi.o(i.is_programmable_app_channel), (12 bytes).
    Removing nrf_drv_ppi.o(i.nrf_drv_ppi_channel_alloc), (92 bytes).
    Removing nrf_drv_ppi.o(i.nrf_drv_ppi_channel_assign), (60 bytes).
    Removing nrf_drv_ppi.o(i.nrf_drv_ppi_channel_disable), (40 bytes).
    Removing nrf_drv_ppi.o(i.nrf_drv_ppi_channel_enable), (40 bytes).
    Removing nrf_drv_ppi.o(i.nrf_drv_ppi_channel_fork_assign), (48 bytes).
    Removing nrf_drv_ppi.o(i.nrf_drv_ppi_channel_free), (52 bytes).
    Removing nrf_drv_ppi.o(i.nrf_drv_ppi_channels_include_in_group), (64 bytes).
    Removing nrf_drv_ppi.o(i.nrf_drv_ppi_channels_remove_from_group), (64 bytes).
    Removing nrf_drv_ppi.o(i.nrf_drv_ppi_group_alloc), (88 bytes).
    Removing nrf_drv_ppi.o(i.nrf_drv_ppi_group_disable), (32 bytes).
    Removing nrf_drv_ppi.o(i.nrf_drv_ppi_group_enable), (44 bytes).
    Removing nrf_drv_ppi.o(i.nrf_drv_ppi_group_free), (68 bytes).
    Removing nrf_drv_ppi.o(i.nrf_drv_ppi_init), (24 bytes).
    Removing nrf_drv_ppi.o(i.nrf_drv_ppi_uninit), (84 bytes).
    Removing nrf_drv_ppi.o(.data), (8 bytes).
    Removing nrf_drv_saadc.o(.rev16_text), (4 bytes).
    Removing nrf_drv_saadc.o(.revsh_text), (4 bytes).
    Removing nrf_drv_saadc.o(.rrx_text), (6 bytes).
    Removing nrf_drv_saadc.o(i.ain_set_allocated), (28 bytes).
    Removing nrf_drv_saadc.o(i.input_is_ain), (14 bytes).
    Removing nrf_drv_saadc.o(i.input_is_allocated), (40 bytes).
    Removing nrf_drv_saadc.o(i.nrf_drv_saadc_busy_check), (20 bytes).
    Removing nrf_drv_saadc.o(i.nrf_drv_saadc_channel_init), (132 bytes).
    Removing nrf_drv_saadc.o(i.nrf_drv_saadc_channel_uninit), (116 bytes).
    Removing nrf_drv_saadc.o(i.nrf_drv_saadc_init), (104 bytes).
    Removing nrf_drv_saadc.o(i.nrf_drv_saadc_limit_set), (132 bytes).
    Removing nrf_drv_saadc.o(i.nrf_drv_saadc_sample), (32 bytes).
    Removing nrf_drv_saadc.o(i.nrf_drv_saadc_sample_convert), (144 bytes).
    Removing nrf_drv_saadc.o(i.nrf_drv_saadc_uninit), (112 bytes).
    Removing nrf_drv_saadc.o(i.nrf_saadc_limit_int_get), (16 bytes).
    Removing nrf_drv_saadc.o(.constdata), (3 bytes).
    Removing nrf_drv_timer.o(.rev16_text), (4 bytes).
    Removing nrf_drv_timer.o(.revsh_text), (4 bytes).
    Removing nrf_drv_timer.o(.rrx_text), (6 bytes).
    Removing nrf_drv_timer.o(i.nrf_drv_timer_capture), (30 bytes).
    Removing nrf_drv_timer.o(i.nrf_drv_timer_clear), (8 bytes).
    Removing nrf_drv_timer.o(i.nrf_drv_timer_compare), (34 bytes).
    Removing nrf_drv_timer.o(i.nrf_drv_timer_compare_int_disable), (14 bytes).
    Removing nrf_drv_timer.o(i.nrf_drv_timer_compare_int_enable), (32 bytes).
    Removing nrf_drv_timer.o(i.nrf_drv_timer_disable), (28 bytes).
    Removing nrf_drv_timer.o(i.nrf_drv_timer_enable), (28 bytes).
    Removing nrf_drv_timer.o(i.nrf_drv_timer_extended_compare), (42 bytes).
    Removing nrf_drv_timer.o(i.nrf_drv_timer_increment), (8 bytes).
    Removing nrf_drv_timer.o(i.nrf_drv_timer_init), (160 bytes).
    Removing nrf_drv_timer.o(i.nrf_drv_timer_pause), (8 bytes).
    Removing nrf_drv_timer.o(i.nrf_drv_timer_resume), (8 bytes).
    Removing nrf_drv_timer.o(i.nrf_drv_timer_uninit), (80 bytes).
    Removing nrf_drv_timer.o(.constdata), (8 bytes).
    Removing nrf_drv_uart.o(.rev16_text), (4 bytes).
    Removing nrf_drv_uart.o(.revsh_text), (4 bytes).
    Removing nrf_drv_uart.o(.rrx_text), (6 bytes).
    Removing nrf_drv_uart.o(i.nrf_drv_uart_errorsrc_get), (32 bytes).
    Removing nrf_drv_uart.o(i.nrf_drv_uart_rx_abort), (32 bytes).
    Removing nrf_drv_uart.o(i.nrf_drv_uart_rx_disable), (28 bytes).
    Removing nrf_drv_uart.o(i.nrf_drv_uart_tx_abort), (80 bytes).
    Removing nrf_drv_uart.o(i.nrf_drv_uart_uninit), (64 bytes).
    Removing nrf_drv_uart.o(i.nrf_gpio_cfg_default), (18 bytes).
    Removing nrf_drv_uart.o(i.pins_to_default), (84 bytes).
    Removing app_error.o(.rev16_text), (4 bytes).
    Removing app_error.o(.revsh_text), (4 bytes).
    Removing app_error.o(.rrx_text), (6 bytes).
    Removing app_error.o(i.app_error_handler), (22 bytes).
    Removing app_error.o(i.app_error_save_and_stop), (100 bytes).
    Removing app_error.o(.bss), (32 bytes).
    Removing app_fifo.o(.rev16_text), (4 bytes).
    Removing app_fifo.o(.revsh_text), (4 bytes).
    Removing app_fifo.o(.rrx_text), (6 bytes).
    Removing app_fifo.o(i.app_fifo_flush), (8 bytes).
    Removing app_fifo.o(i.app_fifo_read), (74 bytes).
    Removing app_fifo.o(i.app_fifo_write), (78 bytes).
    Removing app_util_platform.o(.rev16_text), (4 bytes).
    Removing app_util_platform.o(.revsh_text), (4 bytes).
    Removing app_util_platform.o(.rrx_text), (6 bytes).
    Removing app_util_platform.o(i.critical_region_enter), (16 bytes).
    Removing app_util_platform.o(i.critical_region_exit), (20 bytes).
    Removing app_util_platform.o(.data), (4 bytes).
    Removing nrf_assert.o(.rev16_text), (4 bytes).
    Removing nrf_assert.o(.revsh_text), (4 bytes).
    Removing nrf_assert.o(.rrx_text), (6 bytes).
    Removing retarget.o(.rev16_text), (4 bytes).
    Removing retarget.o(.revsh_text), (4 bytes).
    Removing retarget.o(.rrx_text), (6 bytes).
    Removing retarget.o(i.fgetc), (18 bytes).
    Removing retarget.o(.data), (4 bytes).
    Removing dmul.o(.text), (228 bytes).
    Removing ddiv.o(.text), (222 bytes).
    Removing dflti.o(.text), (34 bytes).
    Removing dfltui.o(.text), (26 bytes).
    Removing dfixi.o(.text), (62 bytes).
    Removing dfixui.o(.text), (50 bytes).
    Removing depilogue.o(.text), (186 bytes).
    Removing dadd.o(.text), (334 bytes).
    Removing dfixul.o(.text), (48 bytes).
    Removing cdrcmple.o(.text), (48 bytes).

136 unused section(s) (total 14155 bytes) removed from the image.

==============================================================================

Image Symbol Table

    Local Symbols

    Symbol Name                              Value     Ov Type        Size  Object(Section)

    RESET                                    0x00000000   Section     1024  arm_startup_nrf52.o(RESET)
    ../clib/microlib/division.c              0x00000000   Number         0  uidiv.o ABSOLUTE
    ../clib/microlib/division.c              0x00000000   Number         0  uldiv.o ABSOLUTE
    ../clib/microlib/init/entry.s            0x00000000   Number         0  entry.o ABSOLUTE
    ../clib/microlib/init/entry.s            0x00000000   Number         0  entry7b.o ABSOLUTE
    ../clib/microlib/init/entry.s            0x00000000   Number         0  entry8a.o ABSOLUTE
    ../clib/microlib/init/entry.s            0x00000000   Number         0  entry8b.o ABSOLUTE
    ../clib/microlib/init/entry.s            0x00000000   Number         0  entry9a.o ABSOLUTE
    ../clib/microlib/init/entry.s            0x00000000   Number         0  entry10b.o ABSOLUTE
    ../clib/microlib/init/entry.s            0x00000000   Number         0  entry9b.o ABSOLUTE
    ../clib/microlib/init/entry.s            0x00000000   Number         0  entry10a.o ABSOLUTE
    ../clib/microlib/init/entry.s            0x00000000   Number         0  entry11a.o ABSOLUTE
    ../clib/microlib/init/entry.s            0x00000000   Number         0  entry11b.o ABSOLUTE
    ../clib/microlib/init/entry.s            0x00000000   Number         0  entry2.o ABSOLUTE
    ../clib/microlib/init/entry.s            0x00000000   Number         0  entry5.o ABSOLUTE
    ../clib/microlib/init/entry.s            0x00000000   Number         0  entry7a.o ABSOLUTE
    ../clib/microlib/longlong.c              0x00000000   Number         0  llushr.o ABSOLUTE
    ../clib/microlib/longlong.c              0x00000000   Number         0  llsshr.o ABSOLUTE
    ../clib/microlib/longlong.c              0x00000000   Number         0  llshl.o ABSOLUTE
    ../clib/microlib/printf/printf.c         0x00000000   Number         0  printf5.o ABSOLUTE
    ../clib/microlib/printf/printf.c         0x00000000   Number         0  printf1.o ABSOLUTE
    ../clib/microlib/printf/printf.c         0x00000000   Number         0  printf0.o ABSOLUTE
    ../clib/microlib/printf/printf.c         0x00000000   Number         0  printfb.o ABSOLUTE
    ../clib/microlib/printf/printf.c         0x00000000   Number         0  printf4.o ABSOLUTE
    ../clib/microlib/printf/printf.c         0x00000000   Number         0  printf3.o ABSOLUTE
    ../clib/microlib/printf/printf.c         0x00000000   Number         0  printf2.o ABSOLUTE
    ../clib/microlib/printf/printf.c         0x00000000   Number         0  printfa.o ABSOLUTE
    ../clib/microlib/printf/printf.c         0x00000000   Number         0  printf8.o ABSOLUTE
    ../clib/microlib/printf/printf.c         0x00000000   Number         0  printf7.o ABSOLUTE
    ../clib/microlib/printf/printf.c         0x00000000   Number         0  printf6.o ABSOLUTE
    ../clib/microlib/printf/stubs.s          0x00000000   Number         0  stubs.o ABSOLUTE
    ../clib/microlib/stdlib/rand.c           0x00000000   Number         0  rand.o ABSOLUTE
    ../clib/microlib/string/memcpy.c         0x00000000   Number         0  memcpyb.o ABSOLUTE
    ../clib/microlib/string/memcpy.c         0x00000000   Number         0  memcpya.o ABSOLUTE
    ../clib/microlib/stubs.s                 0x00000000   Number         0  iusefp.o ABSOLUTE
    ../fplib/microlib/fpadd.c                0x00000000   Number         0  dadd.o ABSOLUTE
    ../fplib/microlib/fpdiv.c                0x00000000   Number         0  ddiv.o ABSOLUTE
    ../fplib/microlib/fpepilogue.c           0x00000000   Number         0  depilogue.o ABSOLUTE
    ../fplib/microlib/fpfix.c                0x00000000   Number         0  dfixui.o ABSOLUTE
    ../fplib/microlib/fpfix.c                0x00000000   Number         0  dfixul.o ABSOLUTE
    ../fplib/microlib/fpfix.c                0x00000000   Number         0  dfixi.o ABSOLUTE
    ../fplib/microlib/fpflt.c                0x00000000   Number         0  dflti.o ABSOLUTE
    ../fplib/microlib/fpflt.c                0x00000000   Number         0  dfltui.o ABSOLUTE
    ../fplib/microlib/fpmul.c                0x00000000   Number         0  dmul.o ABSOLUTE
    ..\..\Lts1303m.c                         0x00000000   Number         0  lts1303m.o ABSOLUTE
    ..\..\SimPress.c                         0x00000000   Number         0  simpress.o ABSOLUTE
    ..\..\main.c                             0x00000000   Number         0  main.o ABSOLUTE
    ..\\..\\Lts1303m.c                       0x00000000   Number         0  lts1303m.o ABSOLUTE
    ..\\..\\SimPress.c                       0x00000000   Number         0  simpress.o ABSOLUTE
    ..\\..\\main.c                           0x00000000   Number         0  main.o ABSOLUTE
    RTE\Device\nRF52832_xxAA\arm_startup_nrf52.s 0x00000000   Number         0  arm_startup_nrf52.o ABSOLUTE
    RTE\Device\nRF52832_xxAA\system_nrf52.c  0x00000000   Number         0  system_nrf52.o ABSOLUTE
    RTE\\Device\\nRF52832_xxAA\\system_nrf52.c 0x00000000   Number         0  system_nrf52.o ABSOLUTE
    RTE\\nRF_Drivers\\nRF52832_xxAA\\app_uart_fifo.c 0x00000000   Number         0  app_uart_fifo.o ABSOLUTE
    RTE\\nRF_Libraries\\nRF52832_xxAA\\app_error.c 0x00000000   Number         0  app_error.o ABSOLUTE
    RTE\\nRF_Libraries\\nRF52832_xxAA\\app_fifo.c 0x00000000   Number         0  app_fifo.o ABSOLUTE
    RTE\\nRF_Libraries\\nRF52832_xxAA\\app_util_platform.c 0x00000000   Number         0  app_util_platform.o ABSOLUTE
    RTE\\nRF_Libraries\\nRF52832_xxAA\\nrf_assert.c 0x00000000   Number         0  nrf_assert.o ABSOLUTE
    RTE\\nRF_Libraries\\nRF52832_xxAA\\retarget.c 0x00000000   Number         0  retarget.o ABSOLUTE
    RTE\nRF_Drivers\nRF52832_xxAA\app_uart_fifo.c 0x00000000   Number         0  app_uart_fifo.o ABSOLUTE
    RTE\nRF_Libraries\nRF52832_xxAA\app_error.c 0x00000000   Number         0  app_error.o ABSOLUTE
    RTE\nRF_Libraries\nRF52832_xxAA\app_fifo.c 0x00000000   Number         0  app_fifo.o ABSOLUTE
    RTE\nRF_Libraries\nRF52832_xxAA\app_util_platform.c 0x00000000   Number         0  app_util_platform.o ABSOLUTE
    RTE\nRF_Libraries\nRF52832_xxAA\nrf_assert.c 0x00000000   Number         0  nrf_assert.o ABSOLUTE
    RTE\nRF_Libraries\nRF52832_xxAA\retarget.c 0x00000000   Number         0  retarget.o ABSOLUTE
    cdrcmple.s                               0x00000000   Number         0  cdrcmple.o ABSOLUTE
    d:\Keil_v5\ARM\PACK\NordicSemiconductor\nRF_Drivers\4.0.0-2.alpha\common\nrf_drv_common.c 0x00000000   Number         0  nrf_drv_common.o ABSOLUTE
    d:\Keil_v5\ARM\PACK\NordicSemiconductor\nRF_Drivers\4.0.0-2.alpha\delay\nrf_delay.c 0x00000000   Number         0  nrf_delay.o ABSOLUTE
    d:\Keil_v5\ARM\PACK\NordicSemiconductor\nRF_Drivers\4.0.0-2.alpha\hal\nrf_saadc.c 0x00000000   Number         0  nrf_saadc.o ABSOLUTE
    d:\Keil_v5\ARM\PACK\NordicSemiconductor\nRF_Drivers\4.0.0-2.alpha\ppi\nrf_drv_ppi.c 0x00000000   Number         0  nrf_drv_ppi.o ABSOLUTE
    d:\Keil_v5\ARM\PACK\NordicSemiconductor\nRF_Drivers\4.0.0-2.alpha\saadc\nrf_drv_saadc.c 0x00000000   Number         0  nrf_drv_saadc.o ABSOLUTE
    d:\Keil_v5\ARM\PACK\NordicSemiconductor\nRF_Drivers\4.0.0-2.alpha\timer\nrf_drv_timer.c 0x00000000   Number         0  nrf_drv_timer.o ABSOLUTE
    d:\Keil_v5\ARM\PACK\NordicSemiconductor\nRF_Drivers\4.0.0-2.alpha\uart\nrf_drv_uart.c 0x00000000   Number         0  nrf_drv_uart.o ABSOLUTE
    d:\\Keil_v5\\ARM\\PACK\\NordicSemiconductor\\nRF_Drivers\\4.0.0-2.alpha\\common\\nrf_drv_common.c 0x00000000   Number         0  nrf_drv_common.o ABSOLUTE
    d:\\Keil_v5\\ARM\\PACK\\NordicSemiconductor\\nRF_Drivers\\4.0.0-2.alpha\\delay\\nrf_delay.c 0x00000000   Number         0  nrf_delay.o ABSOLUTE
    d:\\Keil_v5\\ARM\\PACK\\NordicSemiconductor\\nRF_Drivers\\4.0.0-2.alpha\\hal\\nrf_saadc.c 0x00000000   Number         0  nrf_saadc.o ABSOLUTE
    d:\\Keil_v5\\ARM\\PACK\\NordicSemiconductor\\nRF_Drivers\\4.0.0-2.alpha\\ppi\\nrf_drv_ppi.c 0x00000000   Number         0  nrf_drv_ppi.o ABSOLUTE
    d:\\Keil_v5\\ARM\\PACK\\NordicSemiconductor\\nRF_Drivers\\4.0.0-2.alpha\\saadc\\nrf_drv_saadc.c 0x00000000   Number         0  nrf_drv_saadc.o ABSOLUTE
    d:\\Keil_v5\\ARM\\PACK\\NordicSemiconductor\\nRF_Drivers\\4.0.0-2.alpha\\timer\\nrf_drv_timer.c 0x00000000   Number         0  nrf_drv_timer.o ABSOLUTE
    d:\\Keil_v5\\ARM\\PACK\\NordicSemiconductor\\nRF_Drivers\\4.0.0-2.alpha\\uart\\nrf_drv_uart.c 0x00000000   Number         0  nrf_drv_uart.o ABSOLUTE
    dc.s                                     0x00000000   Number         0  dc.o ABSOLUTE
    handlers.s                               0x00000000   Number         0  handlers.o ABSOLUTE
    init.s                                   0x00000000   Number         0  init.o ABSOLUTE
    .ARM.Collect$$$$00000000                 0x00000400   Section        0  entry.o(.ARM.Collect$$$$00000000)
    .ARM.Collect$$$$00000001                 0x00000400   Section        4  entry2.o(.ARM.Collect$$$$00000001)
    .ARM.Collect$$$$00000004                 0x00000404   Section        4  entry5.o(.ARM.Collect$$$$00000004)
    .ARM.Collect$$$$00000008                 0x00000408   Section        0  entry7b.o(.ARM.Collect$$$$00000008)
    .ARM.Collect$$$$0000000A                 0x00000408   Section        0  entry8b.o(.ARM.Collect$$$$0000000A)
    .ARM.Collect$$$$0000000B                 0x00000408   Section        8  entry9a.o(.ARM.Collect$$$$0000000B)
    .ARM.Collect$$$$0000000D                 0x00000410   Section        0  entry10a.o(.ARM.Collect$$$$0000000D)
    .ARM.Collect$$$$0000000F                 0x00000410   Section        0  entry11a.o(.ARM.Collect$$$$0000000F)
    .ARM.Collect$$$$00002712                 0x00000410   Section        4  entry2.o(.ARM.Collect$$$$00002712)
    __lit__00000000                          0x00000410   Data           4  entry2.o(.ARM.Collect$$$$00002712)
    .emb_text                                0x00000414   Section      118  nrf_delay.o(.emb_text)
    $v0                                      0x00000414   Number         0  nrf_delay.o(.emb_text)
    .text                                    0x0000048c   Section       36  arm_startup_nrf52.o(.text)
    $v0                                      0x0000048c   Number         0  arm_startup_nrf52.o(.text)
    .text                                    0x000004b0   Section        0  memcpya.o(.text)
    .text                                    0x000004d4   Section        0  uidiv.o(.text)
    .text                                    0x00000500   Section       36  init.o(.text)
    i.SAADC_IRQHandler                       0x00000524   Section        0  nrf_drv_saadc.o(i.SAADC_IRQHandler)
    i.SystemInit                             0x0000068c   Section        0  system_nrf52.o(i.SystemInit)
    i.TIMER0_IRQHandler                      0x000008e8   Section        0  nrf_drv_timer.o(i.TIMER0_IRQHandler)
    i.UARTE0_UART0_IRQHandler                0x00000930   Section        0  nrf_drv_uart.o(i.UARTE0_UART0_IRQHandler)
    i.__0printf$1                            0x00000944   Section        0  printf1.o(i.__0printf$1)
    i.__scatterload_copy                     0x00000964   Section       14  handlers.o(i.__scatterload_copy)
    i.__scatterload_null                     0x00000972   Section        2  handlers.o(i.__scatterload_null)
    i.__scatterload_zeroinit                 0x00000974   Section       14  handlers.o(i.__scatterload_zeroinit)
    i._printf_core                           0x00000984   Section        0  printf1.o(i._printf_core)
    _printf_core                             0x00000985   Thumb Code   336  printf1.o(i._printf_core)
    i.app_error_fault_handler                0x00000ad8   Section        0  app_error.o(i.app_error_fault_handler)
    i.app_error_handler_bare                 0x00000afc   Section        0  app_error.o(i.app_error_handler_bare)
    i.app_fifo_get                           0x00000b10   Section        0  app_fifo.o(i.app_fifo_get)
    i.app_fifo_init                          0x00000b26   Section        0  app_fifo.o(i.app_fifo_init)
    i.app_fifo_put                           0x00000b46   Section        0  app_fifo.o(i.app_fifo_put)
    i.app_uart_init                          0x00000b60   Section        0  app_uart_fifo.o(i.app_uart_init)
    i.app_uart_put                           0x00000c04   Section        0  app_uart_fifo.o(i.app_uart_put)
    i.apply_config                           0x00000c30   Section        0  nrf_drv_uart.o(i.apply_config)
    apply_config                             0x00000c31   Thumb Code   108  nrf_drv_uart.o(i.apply_config)
    i.fifo_get                               0x00000ca8   Section        0  app_fifo.o(i.fifo_get)
    fifo_get                                 0x00000ca9   Thumb Code    20  app_fifo.o(i.fifo_get)
    i.fifo_put                               0x00000cbc   Section        0  app_fifo.o(i.fifo_put)
    fifo_put                                 0x00000cbd   Thumb Code    18  app_fifo.o(i.fifo_put)
    i.fputc                                  0x00000cce   Section        0  retarget.o(i.fputc)
    i.getArrayMaxIndex                       0x00000cdc   Section        0  lts1303m.o(i.getArrayMaxIndex)
    i.getArrayMinIndex                       0x00000d00   Section        0  lts1303m.o(i.getArrayMinIndex)
    i.getHeartAverage                        0x00000d22   Section        0  lts1303m.o(i.getHeartAverage)
    i.getHeartAverageWithoutPeak             0x00000d3e   Section        0  lts1303m.o(i.getHeartAverageWithoutPeak)
    i.getHeartRateDetection                  0x00000d7c   Section        0  lts1303m.o(i.getHeartRateDetection)
    i.getHeartRateSmooth                     0x00000e04   Section        0  lts1303m.o(i.getHeartRateSmooth)
    i.getHeartRateWaveInfo                   0x00000e68   Section        0  lts1303m.o(i.getHeartRateWaveInfo)
    i.getWavePeakBottom                      0x00000f80   Section        0  lts1303m.o(i.getWavePeakBottom)
    i.heartDealLoop                          0x00000f9c   Section        0  main.o(i.heartDealLoop)
    i.heartRateInit                          0x00001020   Section        0  lts1303m.o(i.heartRateInit)
    i.main                                   0x00001034   Section        0  main.o(i.main)
    i.nrf_delay_ms                           0x000010c8   Section        0  nrf_delay.o(i.nrf_delay_ms)
    i.nrf_drv_common_irq_enable              0x000010e2   Section        0  nrf_drv_common.o(i.nrf_drv_common_irq_enable)
    i.nrf_drv_saadc_buffer_convert           0x0000111c   Section        0  nrf_drv_saadc.o(i.nrf_drv_saadc_buffer_convert)
    i.nrf_drv_uart_init                      0x000011fc   Section        0  nrf_drv_uart.o(i.nrf_drv_uart_init)
    i.nrf_drv_uart_rx                        0x00001290   Section        0  nrf_drv_uart.o(i.nrf_drv_uart_rx)
    i.nrf_drv_uart_rx_enable                 0x0000131c   Section        0  nrf_drv_uart.o(i.nrf_drv_uart_rx_enable)
    i.nrf_drv_uart_rx_for_uart               0x0000133c   Section        0  nrf_drv_uart.o(i.nrf_drv_uart_rx_for_uart)
    nrf_drv_uart_rx_for_uart                 0x0000133d   Thumb Code   148  nrf_drv_uart.o(i.nrf_drv_uart_rx_for_uart)
    i.nrf_drv_uart_rx_for_uarte              0x000013d8   Section        0  nrf_drv_uart.o(i.nrf_drv_uart_rx_for_uarte)
    nrf_drv_uart_rx_for_uarte                0x000013d9   Thumb Code   136  nrf_drv_uart.o(i.nrf_drv_uart_rx_for_uarte)
    i.nrf_drv_uart_tx                        0x00001468   Section        0  nrf_drv_uart.o(i.nrf_drv_uart_tx)
    i.nrf_drv_uart_tx_for_uart               0x000014f0   Section        0  nrf_drv_uart.o(i.nrf_drv_uart_tx_for_uart)
    nrf_drv_uart_tx_for_uart                 0x000014f1   Thumb Code   118  nrf_drv_uart.o(i.nrf_drv_uart_tx_for_uart)
    i.nrf_gpio_cfg                           0x00001570   Section        0  nrf_drv_uart.o(i.nrf_gpio_cfg)
    nrf_gpio_cfg                             0x00001571   Thumb Code    34  nrf_drv_uart.o(i.nrf_gpio_cfg)
    i.nrf_gpio_cfg_input                     0x00001592   Section        0  nrf_drv_uart.o(i.nrf_gpio_cfg_input)
    nrf_gpio_cfg_input                       0x00001593   Thumb Code    18  nrf_drv_uart.o(i.nrf_gpio_cfg_input)
    i.nrf_gpio_cfg_output                    0x000015a4   Section        0  nrf_drv_uart.o(i.nrf_gpio_cfg_output)
    nrf_gpio_cfg_output                      0x000015a5   Thumb Code    20  nrf_drv_uart.o(i.nrf_gpio_cfg_output)
    i.nrf_saadc_buffer_init                  0x000015b8   Section        0  nrf_drv_saadc.o(i.nrf_saadc_buffer_init)
    nrf_saadc_buffer_init                    0x000015b9   Thumb Code    10  nrf_drv_saadc.o(i.nrf_saadc_buffer_init)
    i.nrf_saadc_channel_input_set            0x000015c8   Section        0  nrf_drv_saadc.o(i.nrf_saadc_channel_input_set)
    nrf_saadc_channel_input_set              0x000015c9   Thumb Code    16  nrf_drv_saadc.o(i.nrf_saadc_channel_input_set)
    i.nrf_saadc_event_check                  0x000015dc   Section        0  nrf_drv_saadc.o(i.nrf_saadc_event_check)
    nrf_saadc_event_check                    0x000015dd   Thumb Code    12  nrf_drv_saadc.o(i.nrf_saadc_event_check)
    i.nrf_uart_event_check                   0x000015ec   Section        0  nrf_drv_uart.o(i.nrf_uart_event_check)
    nrf_uart_event_check                     0x000015ed   Thumb Code    10  nrf_drv_uart.o(i.nrf_uart_event_check)
    i.nrf_uart_int_enable_check              0x000015f6   Section        0  nrf_drv_uart.o(i.nrf_uart_int_enable_check)
    nrf_uart_int_enable_check                0x000015f7   Thumb Code    12  nrf_drv_uart.o(i.nrf_uart_int_enable_check)
    i.nrf_uarte_event_check                  0x00001602   Section        0  nrf_drv_uart.o(i.nrf_uarte_event_check)
    nrf_uarte_event_check                    0x00001603   Thumb Code    10  nrf_drv_uart.o(i.nrf_uarte_event_check)
    i.rx_byte                                0x0000160c   Section        0  nrf_drv_uart.o(i.rx_byte)
    rx_byte                                  0x0000160d   Thumb Code    38  nrf_drv_uart.o(i.rx_byte)
    i.rx_done_event                          0x0000163c   Section        0  nrf_drv_uart.o(i.rx_done_event)
    rx_done_event                            0x0000163d   Thumb Code    26  nrf_drv_uart.o(i.rx_done_event)
    i.rx_enable                              0x0000165c   Section        0  nrf_drv_uart.o(i.rx_enable)
    rx_enable                                0x0000165d   Thumb Code    18  nrf_drv_uart.o(i.rx_enable)
    i.tx_byte                                0x00001674   Section        0  nrf_drv_uart.o(i.tx_byte)
    tx_byte                                  0x00001675   Thumb Code    28  nrf_drv_uart.o(i.tx_byte)
    i.tx_done_event                          0x00001698   Section        0  nrf_drv_uart.o(i.tx_done_event)
    tx_done_event                            0x00001699   Thumb Code    30  nrf_drv_uart.o(i.tx_done_event)
    i.uart_config                            0x000016bc   Section        0  main.o(i.uart_config)
    i.uart_event_handler                     0x00001704   Section        0  app_uart_fifo.o(i.uart_event_handler)
    uart_event_handler                       0x00001705   Thumb Code   160  app_uart_fifo.o(i.uart_event_handler)
    i.uart_events_handler                    0x000017ac   Section        0  main.o(i.uart_events_handler)
    i.uart_irq_handler                       0x000017b0   Section        0  nrf_drv_uart.o(i.uart_irq_handler)
    uart_irq_handler                         0x000017b1   Thumb Code   254  nrf_drv_uart.o(i.uart_irq_handler)
    i.uarte_irq_handler                      0x000018b8   Section        0  nrf_drv_uart.o(i.uarte_irq_handler)
    uarte_irq_handler                        0x000018b9   Thumb Code   206  nrf_drv_uart.o(i.uarte_irq_handler)
    .constdata                               0x00001990   Section    40052  main.o(.constdata)
    .constdata                               0x0000b604   Section       32  app_uart_fifo.o(.constdata)
    .constdata                               0x0000b624   Section       32  nrf_drv_uart.o(.constdata)
    m_default_config                         0x0000b624   Data          32  nrf_drv_uart.o(.constdata)
    .data                                    0x20000000   Section        1  main.o(.data)
    rx_buf                                   0x20000000   Data           1  main.o(.data)
    .data                                    0x20000004   Section       44  lts1303m.o(.data)
    .data                                    0x20000030   Section        4  system_nrf52.o(.data)
    __tagsym$$used                           0x20000030   Number         0  system_nrf52.o(.data)
    .data                                    0x20000034   Section        8  app_uart_fifo.o(.data)
    tx_buffer                                0x20000034   Data           1  app_uart_fifo.o(.data)
    tx_tmp                                   0x20000035   Data           1  app_uart_fifo.o(.data)
    rx_buffer                                0x20000036   Data           1  app_uart_fifo.o(.data)
    m_event_handler                          0x20000038   Data           4  app_uart_fifo.o(.data)
    .data                                    0x2000003c   Section        4  retarget.o(.data)
    .bss                                     0x20000040   Section      256  main.o(.bss)
    tx_buf                                   0x20000040   Data         256  main.o(.bss)
    .bss                                     0x20000140   Section      128  lts1303m.o(.bss)
    .bss                                     0x200001c0   Section       32  app_uart_fifo.o(.bss)
    m_rx_fifo                                0x200001c0   Data          16  app_uart_fifo.o(.bss)
    m_tx_fifo                                0x200001d0   Data          16  app_uart_fifo.o(.bss)
    .bss                                     0x200001e0   Section       44  nrf_drv_saadc.o(.bss)
    m_cb                                     0x200001e0   Data          44  nrf_drv_saadc.o(.bss)
    .bss                                     0x2000020c   Section       12  nrf_drv_timer.o(.bss)
    m_cb                                     0x2000020c   Data          12  nrf_drv_timer.o(.bss)
    .bss                                     0x20000218   Section       32  nrf_drv_uart.o(.bss)
    m_cb                                     0x20000218   Data          32  nrf_drv_uart.o(.bss)
    STACK                                    0x20000238   Section     8192  arm_startup_nrf52.o(STACK)

    Global Symbols

    Symbol Name                              Value     Ov Type        Size  Object(Section)

    BuildAttributes$$THM_ISAv4$E$P$D$K$B$S$7EM$VFPi3$EXTD16$VFPS$VFMA$PE$A:L22UL41UL21$X:L11$S22US41US21$IEEE1$IW$USESV6$~STKCKD$USESV7$~SHL$OSPACE$ROPI$EBA8$MICROLIB$REQ8$PRES8$EABIv2 0x00000000   Number         0  anon$$obj.o ABSOLUTE
    __ARM_use_no_argv                        0x00000000   Number         0  main.o ABSOLUTE
    __Vectors                                0x00000000   Data           4  arm_startup_nrf52.o(RESET)
    _printf_a                                0x00000000   Number         0  stubs.o ABSOLUTE
    _printf_c                                0x00000000   Number         0  stubs.o ABSOLUTE
    _printf_charcount                        0x00000000   Number         0  stubs.o ABSOLUTE
    _printf_d                                0x00000000   Number         0  stubs.o ABSOLUTE
    _printf_e                                0x00000000   Number         0  stubs.o ABSOLUTE
    _printf_f                                0x00000000   Number         0  stubs.o ABSOLUTE
    _printf_flags                            0x00000000   Number         0  stubs.o ABSOLUTE
    _printf_fp_dec                           0x00000000   Number         0  stubs.o ABSOLUTE
    _printf_fp_hex                           0x00000000   Number         0  stubs.o ABSOLUTE
    _printf_g                                0x00000000   Number         0  stubs.o ABSOLUTE
    _printf_i                                0x00000000   Number         0  stubs.o ABSOLUTE
    _printf_int_dec                          0x00000000   Number         0  stubs.o ABSOLUTE
    _printf_l                                0x00000000   Number         0  stubs.o ABSOLUTE
    _printf_lc                               0x00000000   Number         0  stubs.o ABSOLUTE
    _printf_ll                               0x00000000   Number         0  stubs.o ABSOLUTE
    _printf_lld                              0x00000000   Number         0  stubs.o ABSOLUTE
    _printf_lli                              0x00000000   Number         0  stubs.o ABSOLUTE
    _printf_llo                              0x00000000   Number         0  stubs.o ABSOLUTE
    _printf_llu                              0x00000000   Number         0  stubs.o ABSOLUTE
    _printf_llx                              0x00000000   Number         0  stubs.o ABSOLUTE
    _printf_longlong_dec                     0x00000000   Number         0  stubs.o ABSOLUTE
    _printf_longlong_hex                     0x00000000   Number         0  stubs.o ABSOLUTE
    _printf_longlong_oct                     0x00000000   Number         0  stubs.o ABSOLUTE
    _printf_ls                               0x00000000   Number         0  stubs.o ABSOLUTE
    _printf_mbtowc                           0x00000000   Number         0  stubs.o ABSOLUTE
    _printf_n                                0x00000000   Number         0  stubs.o ABSOLUTE
    _printf_o                                0x00000000   Number         0  stubs.o ABSOLUTE
    _printf_p                                0x00000000   Number         0  stubs.o ABSOLUTE
    _printf_percent                          0x00000000   Number         0  stubs.o ABSOLUTE
    _printf_pre_padding                      0x00000000   Number         0  stubs.o ABSOLUTE
    _printf_return_value                     0x00000000   Number         0  stubs.o ABSOLUTE
    _printf_s                                0x00000000   Number         0  stubs.o ABSOLUTE
    _printf_sizespec                         0x00000000   Number         0  stubs.o ABSOLUTE
    _printf_str                              0x00000000   Number         0  stubs.o ABSOLUTE
    _printf_truncate_signed                  0x00000000   Number         0  stubs.o ABSOLUTE
    _printf_truncate_unsigned                0x00000000   Number         0  stubs.o ABSOLUTE
    _printf_u                                0x00000000   Number         0  stubs.o ABSOLUTE
    _printf_wc                               0x00000000   Number         0  stubs.o ABSOLUTE
    _printf_wctomb                           0x00000000   Number         0  stubs.o ABSOLUTE
    _printf_widthprec                        0x00000000   Number         0  stubs.o ABSOLUTE
    _printf_x                                0x00000000   Number         0  stubs.o ABSOLUTE
    __cpp_initialize__aeabi_                  - Undefined Weak Reference
    __cxa_finalize                            - Undefined Weak Reference
    __decompress                              - Undefined Weak Reference
    _clock_init                               - Undefined Weak Reference
    _microlib_exit                            - Undefined Weak Reference
    __Vectors_End                            0x00000400   Data           0  arm_startup_nrf52.o(RESET)
    __Vectors_Size                           0x00000400   Number         0  arm_startup_nrf52.o ABSOLUTE
    __main                                   0x00000401   Thumb Code     0  entry.o(.ARM.Collect$$$$00000000)
    _main_stk                                0x00000401   Thumb Code     0  entry2.o(.ARM.Collect$$$$00000001)
    _main_scatterload                        0x00000405   Thumb Code     0  entry5.o(.ARM.Collect$$$$00000004)
    __main_after_scatterload                 0x00000409   Thumb Code     0  entry5.o(.ARM.Collect$$$$00000004)
    _main_clock                              0x00000409   Thumb Code     0  entry7b.o(.ARM.Collect$$$$00000008)
    _main_cpp_init                           0x00000409   Thumb Code     0  entry8b.o(.ARM.Collect$$$$0000000A)
    _main_init                               0x00000409   Thumb Code     0  entry9a.o(.ARM.Collect$$$$0000000B)
    __rt_final_cpp                           0x00000411   Thumb Code     0  entry10a.o(.ARM.Collect$$$$0000000D)
    __rt_final_exit                          0x00000411   Thumb Code     0  entry11a.o(.ARM.Collect$$$$0000000F)
    __asm___11_nrf_delay_c_532987f3__nrf_delay_us 0x00000415   Thumb Code   118  nrf_delay.o(.emb_text)
    Reset_Handler                            0x0000048d   Thumb Code     8  arm_startup_nrf52.o(.text)
    NMI_Handler                              0x00000495   Thumb Code     2  arm_startup_nrf52.o(.text)
    HardFault_Handler                        0x00000497   Thumb Code     2  arm_startup_nrf52.o(.text)
    MemoryManagement_Handler                 0x00000499   Thumb Code     2  arm_startup_nrf52.o(.text)
    BusFault_Handler                         0x0000049b   Thumb Code     2  arm_startup_nrf52.o(.text)
    UsageFault_Handler                       0x0000049d   Thumb Code     2  arm_startup_nrf52.o(.text)
    SVC_Handler                              0x0000049f   Thumb Code     2  arm_startup_nrf52.o(.text)
    PendSV_Handler                           0x000004a1   Thumb Code     2  arm_startup_nrf52.o(.text)
    SysTick_Handler                          0x000004a3   Thumb Code     2  arm_startup_nrf52.o(.text)
    CCM_AAR_IRQHandler                       0x000004a5   Thumb Code     0  arm_startup_nrf52.o(.text)
    COMP_LPCOMP_IRQHandler                   0x000004a5   Thumb Code     0  arm_startup_nrf52.o(.text)
    ECB_IRQHandler                           0x000004a5   Thumb Code     0  arm_startup_nrf52.o(.text)
    GPIOTE_IRQHandler                        0x000004a5   Thumb Code     0  arm_startup_nrf52.o(.text)
    I2S_IRQHandler                           0x000004a5   Thumb Code     0  arm_startup_nrf52.o(.text)
    MWU_IRQHandler                           0x000004a5   Thumb Code     0  arm_startup_nrf52.o(.text)
    NFCT_IRQHandler                          0x000004a5   Thumb Code     0  arm_startup_nrf52.o(.text)
    PDM_IRQHandler                           0x000004a5   Thumb Code     0  arm_startup_nrf52.o(.text)
    POWER_CLOCK_IRQHandler                   0x000004a5   Thumb Code     0  arm_startup_nrf52.o(.text)
    PWM0_IRQHandler                          0x000004a5   Thumb Code     0  arm_startup_nrf52.o(.text)
    PWM1_IRQHandler                          0x000004a5   Thumb Code     0  arm_startup_nrf52.o(.text)
    PWM2_IRQHandler                          0x000004a5   Thumb Code     0  arm_startup_nrf52.o(.text)
    QDEC_IRQHandler                          0x000004a5   Thumb Code     0  arm_startup_nrf52.o(.text)
    RADIO_IRQHandler                         0x000004a5   Thumb Code     0  arm_startup_nrf52.o(.text)
    RNG_IRQHandler                           0x000004a5   Thumb Code     0  arm_startup_nrf52.o(.text)
    RTC0_IRQHandler                          0x000004a5   Thumb Code     0  arm_startup_nrf52.o(.text)
    RTC1_IRQHandler                          0x000004a5   Thumb Code     0  arm_startup_nrf52.o(.text)
    RTC2_IRQHandler                          0x000004a5   Thumb Code     0  arm_startup_nrf52.o(.text)
    SPIM0_SPIS0_TWIM0_TWIS0_SPI0_TWI0_IRQHandler 0x000004a5   Thumb Code     0  arm_startup_nrf52.o(.text)
    SPIM1_SPIS1_TWIM1_TWIS1_SPI1_TWI1_IRQHandler 0x000004a5   Thumb Code     0  arm_startup_nrf52.o(.text)
    SPIM2_SPIS2_SPI2_IRQHandler              0x000004a5   Thumb Code     0  arm_startup_nrf52.o(.text)
    SWI0_EGU0_IRQHandler                     0x000004a5   Thumb Code     0  arm_startup_nrf52.o(.text)
    SWI1_EGU1_IRQHandler                     0x000004a5   Thumb Code     0  arm_startup_nrf52.o(.text)
    SWI2_EGU2_IRQHandler                     0x000004a5   Thumb Code     0  arm_startup_nrf52.o(.text)
    SWI3_EGU3_IRQHandler                     0x000004a5   Thumb Code     0  arm_startup_nrf52.o(.text)
    SWI4_EGU4_IRQHandler                     0x000004a5   Thumb Code     0  arm_startup_nrf52.o(.text)
    SWI5_EGU5_IRQHandler                     0x000004a5   Thumb Code     0  arm_startup_nrf52.o(.text)
    TEMP_IRQHandler                          0x000004a5   Thumb Code     0  arm_startup_nrf52.o(.text)
    TIMER1_IRQHandler                        0x000004a5   Thumb Code     0  arm_startup_nrf52.o(.text)
    TIMER2_IRQHandler                        0x000004a5   Thumb Code     0  arm_startup_nrf52.o(.text)
    TIMER3_IRQHandler                        0x000004a5   Thumb Code     0  arm_startup_nrf52.o(.text)
    TIMER4_IRQHandler                        0x000004a5   Thumb Code     0  arm_startup_nrf52.o(.text)
    WDT_IRQHandler                           0x000004a5   Thumb Code     0  arm_startup_nrf52.o(.text)
    __aeabi_memcpy                           0x000004b1   Thumb Code    36  memcpya.o(.text)
    __aeabi_memcpy4                          0x000004b1   Thumb Code     0  memcpya.o(.text)
    __aeabi_memcpy8                          0x000004b1   Thumb Code     0  memcpya.o(.text)
    __aeabi_uidiv                            0x000004d5   Thumb Code     0  uidiv.o(.text)
    __aeabi_uidivmod                         0x000004d5   Thumb Code    44  uidiv.o(.text)
    __scatterload                            0x00000501   Thumb Code    28  init.o(.text)
    __scatterload_rt2                        0x00000501   Thumb Code     0  init.o(.text)
    SAADC_IRQHandler                         0x00000525   Thumb Code   346  nrf_drv_saadc.o(i.SAADC_IRQHandler)
    SystemInit                               0x0000068d   Thumb Code   562  system_nrf52.o(i.SystemInit)
    TIMER0_IRQHandler                        0x000008e9   Thumb Code    64  nrf_drv_timer.o(i.TIMER0_IRQHandler)
    UARTE0_UART0_IRQHandler                  0x00000931   Thumb Code    14  nrf_drv_uart.o(i.UARTE0_UART0_IRQHandler)
    __0printf$1                              0x00000945   Thumb Code    22  printf1.o(i.__0printf$1)
    __1printf$1                              0x00000945   Thumb Code     0  printf1.o(i.__0printf$1)
    __2printf                                0x00000945   Thumb Code     0  printf1.o(i.__0printf$1)
    __scatterload_copy                       0x00000965   Thumb Code    14  handlers.o(i.__scatterload_copy)
    __scatterload_null                       0x00000973   Thumb Code     2  handlers.o(i.__scatterload_null)
    __scatterload_zeroinit                   0x00000975   Thumb Code    14  handlers.o(i.__scatterload_zeroinit)
    app_error_fault_handler                  0x00000ad9   Thumb Code    26  app_error.o(i.app_error_fault_handler)
    app_error_handler_bare                   0x00000afd   Thumb Code    20  app_error.o(i.app_error_handler_bare)
    app_fifo_get                             0x00000b11   Thumb Code    22  app_fifo.o(i.app_fifo_get)
    app_fifo_init                            0x00000b27   Thumb Code    32  app_fifo.o(i.app_fifo_init)
    app_fifo_put                             0x00000b47   Thumb Code    26  app_fifo.o(i.app_fifo_put)
    app_uart_init                            0x00000b61   Thumb Code   146  app_uart_fifo.o(i.app_uart_init)
    app_uart_put                             0x00000c05   Thumb Code    34  app_uart_fifo.o(i.app_uart_put)
    fputc                                    0x00000ccf   Thumb Code    14  retarget.o(i.fputc)
    getArrayMaxIndex                         0x00000cdd   Thumb Code    34  lts1303m.o(i.getArrayMaxIndex)
    getArrayMinIndex                         0x00000d01   Thumb Code    34  lts1303m.o(i.getArrayMinIndex)
    getHeartAverage                          0x00000d23   Thumb Code    28  lts1303m.o(i.getHeartAverage)
    getHeartAverageWithoutPeak               0x00000d3f   Thumb Code    60  lts1303m.o(i.getHeartAverageWithoutPeak)
    getHeartRateDetection                    0x00000d7d   Thumb Code   104  lts1303m.o(i.getHeartRateDetection)
    getHeartRateSmooth                       0x00000e05   Thumb Code    66  lts1303m.o(i.getHeartRateSmooth)
    getHeartRateWaveInfo                     0x00000e69   Thumb Code   168  lts1303m.o(i.getHeartRateWaveInfo)
    getWavePeakBottom                        0x00000f81   Thumb Code    26  lts1303m.o(i.getWavePeakBottom)
    heartDealLoop                            0x00000f9d   Thumb Code    90  main.o(i.heartDealLoop)
    heartRateInit                            0x00001021   Thumb Code    16  lts1303m.o(i.heartRateInit)
    main                                     0x00001035   Thumb Code    28  main.o(i.main)
    nrf_delay_ms                             0x000010c9   Thumb Code    26  nrf_delay.o(i.nrf_delay_ms)
    nrf_drv_common_irq_enable                0x000010e3   Thumb Code    56  nrf_drv_common.o(i.nrf_drv_common_irq_enable)
    nrf_drv_saadc_buffer_convert             0x0000111d   Thumb Code   210  nrf_drv_saadc.o(i.nrf_drv_saadc_buffer_convert)
    nrf_drv_uart_init                        0x000011fd   Thumb Code   126  nrf_drv_uart.o(i.nrf_drv_uart_init)
    nrf_drv_uart_rx                          0x00001291   Thumb Code   132  nrf_drv_uart.o(i.nrf_drv_uart_rx)
    nrf_drv_uart_rx_enable                   0x0000131d   Thumb Code    26  nrf_drv_uart.o(i.nrf_drv_uart_rx_enable)
    nrf_drv_uart_tx                          0x00001469   Thumb Code   128  nrf_drv_uart.o(i.nrf_drv_uart_tx)
    uart_config                              0x000016bd   Thumb Code    56  main.o(i.uart_config)
    uart_events_handler                      0x000017ad   Thumb Code     2  main.o(i.uart_events_handler)
    wave_2660                                0x00001990   Data       39998  main.o(.constdata)
    hearts                                   0x0000b5ce   Data          40  main.o(.constdata)
    Region$$Table$$Base                      0x0000b644   Number         0  anon$$obj.o(Region$$Table)
    Region$$Table$$Limit                     0x0000b664   Number         0  anon$$obj.o(Region$$Table)
    heartRateIndex                           0x20000004   Data           1  lts1303m.o(.data)
    wavePulseState                           0x20000005   Data           1  lts1303m.o(.data)
    lastHeartRate                            0x20000006   Data           2  lts1303m.o(.data)
    heartRate                                0x20000008   Data           2  lts1303m.o(.data)
    peakCount                                0x2000000c   Data           4  lts1303m.o(.data)
    pulseIndex                               0x20000010   Data           4  lts1303m.o(.data)
    peakStart                                0x20000014   Data           4  lts1303m.o(.data)
    peakStop                                 0x20000018   Data           4  lts1303m.o(.data)
    bottomStart                              0x2000001c   Data           4  lts1303m.o(.data)
    bottomStop                               0x20000020   Data           4  lts1303m.o(.data)
    pointCount                               0x20000024   Data           4  lts1303m.o(.data)
    peakAve                                  0x20000028   Data           4  lts1303m.o(.data)
    pulsePeakIndex                           0x2000002c   Data           4  lts1303m.o(.data)
    SystemCoreClock                          0x20000030   Data           4  system_nrf52.o(.data)
    __stdout                                 0x2000003c   Data           4  retarget.o(.data)
    heartRateStack                           0x20000140   Data          32  lts1303m.o(.bss)
    heartRateTemp                            0x20000160   Data          32  lts1303m.o(.bss)
    peakIndexs                               0x20000180   Data          64  lts1303m.o(.bss)
    __initial_sp                             0x20002238   Data           0  arm_startup_nrf52.o(STACK)



==============================================================================

Memory Map of the image

  Image Entry point : 0x00000401

  Load Region LR_IROM1 (Base: 0x00000000, Size: 0x0000b6a4, Max: 0x00080000, ABSOLUTE)

    Execution Region ER_IROM1 (Base: 0x00000000, Size: 0x0000b664, Max: 0x00080000, ABSOLUTE)

    Base Addr    Size         Type   Attr      Idx    E Section Name        Object

    0x00000000   0x00000400   Data   RO          264    RESET               arm_startup_nrf52.o
    0x00000400   0x00000000   Code   RO         1290  * .ARM.Collect$$$$00000000  mc_w.l(entry.o)
    0x00000400   0x00000004   Code   RO         1573    .ARM.Collect$$$$00000001  mc_w.l(entry2.o)
    0x00000404   0x00000004   Code   RO         1576    .ARM.Collect$$$$00000004  mc_w.l(entry5.o)
    0x00000408   0x00000000   Code   RO         1578    .ARM.Collect$$$$00000008  mc_w.l(entry7b.o)
    0x00000408   0x00000000   Code   RO         1580    .ARM.Collect$$$$0000000A  mc_w.l(entry8b.o)
    0x00000408   0x00000008   Code   RO         1581    .ARM.Collect$$$$0000000B  mc_w.l(entry9a.o)
    0x00000410   0x00000000   Code   RO         1583    .ARM.Collect$$$$0000000D  mc_w.l(entry10a.o)
    0x00000410   0x00000000   Code   RO         1585    .ARM.Collect$$$$0000000F  mc_w.l(entry11a.o)
    0x00000410   0x00000004   Code   RO         1574    .ARM.Collect$$$$00002712  mc_w.l(entry2.o)
    0x00000414   0x00000076   Code   RO          457    .emb_text           nrf_delay.o
    0x0000048a   0x00000002   PAD
    0x0000048c   0x00000024   Code   RO          265    .text               arm_startup_nrf52.o
    0x000004b0   0x00000024   Code   RO         1296    .text               mc_w.l(memcpya.o)
    0x000004d4   0x0000002c   Code   RO         1587    .text               mc_w.l(uidiv.o)
    0x00000500   0x00000024   Code   RO         1602    .text               mc_w.l(init.o)
    0x00000524   0x00000168   Code   RO          645    i.SAADC_IRQHandler  nrf_drv_saadc.o
    0x0000068c   0x0000025c   Code   RO          273    i.SystemInit        system_nrf52.o
    0x000008e8   0x00000048   Code   RO          774    i.TIMER0_IRQHandler  nrf_drv_timer.o
    0x00000930   0x00000014   Code   RO          887    i.UARTE0_UART0_IRQHandler  nrf_drv_uart.o
    0x00000944   0x00000020   Code   RO         1345    i.__0printf$1       mc_w.l(printf1.o)
    0x00000964   0x0000000e   Code   RO         1610    i.__scatterload_copy  mc_w.l(handlers.o)
    0x00000972   0x00000002   Code   RO         1611    i.__scatterload_null  mc_w.l(handlers.o)
    0x00000974   0x0000000e   Code   RO         1612    i.__scatterload_zeroinit  mc_w.l(handlers.o)
    0x00000982   0x00000002   PAD
    0x00000984   0x00000154   Code   RO         1352    i._printf_core      mc_w.l(printf1.o)
    0x00000ad8   0x00000024   Code   RO         1075    i.app_error_fault_handler  app_error.o
    0x00000afc   0x00000014   Code   RO         1077    i.app_error_handler_bare  app_error.o
    0x00000b10   0x00000016   Code   RO         1133    i.app_fifo_get      app_fifo.o
    0x00000b26   0x00000020   Code   RO         1134    i.app_fifo_init     app_fifo.o
    0x00000b46   0x0000001a   Code   RO         1135    i.app_fifo_put      app_fifo.o
    0x00000b60   0x000000a4   Code   RO          315    i.app_uart_init     app_uart_fifo.o
    0x00000c04   0x0000002c   Code   RO          316    i.app_uart_put      app_uart_fifo.o
    0x00000c30   0x00000078   Code   RO          888    i.apply_config      nrf_drv_uart.o
    0x00000ca8   0x00000014   Code   RO         1138    i.fifo_get          app_fifo.o
    0x00000cbc   0x00000012   Code   RO         1139    i.fifo_put          app_fifo.o
    0x00000cce   0x0000000e   Code   RO         1256    i.fputc             retarget.o
    0x00000cdc   0x00000022   Code   RO          156    i.getArrayMaxIndex  lts1303m.o
    0x00000cfe   0x00000002   PAD
    0x00000d00   0x00000022   Code   RO          157    i.getArrayMinIndex  lts1303m.o
    0x00000d22   0x0000001c   Code   RO          158    i.getHeartAverage   lts1303m.o
    0x00000d3e   0x0000003c   Code   RO          159    i.getHeartAverageWithoutPeak  lts1303m.o
    0x00000d7a   0x00000002   PAD
    0x00000d7c   0x00000088   Code   RO          160    i.getHeartRateDetection  lts1303m.o
    0x00000e04   0x00000064   Code   RO          161    i.getHeartRateSmooth  lts1303m.o
    0x00000e68   0x00000118   Code   RO          162    i.getHeartRateWaveInfo  lts1303m.o
    0x00000f80   0x0000001a   Code   RO          163    i.getWavePeakBottom  lts1303m.o
    0x00000f9a   0x00000002   PAD
    0x00000f9c   0x00000084   Code   RO            5    i.heartDealLoop     main.o
    0x00001020   0x00000014   Code   RO          164    i.heartRateInit     lts1303m.o
    0x00001034   0x00000094   Code   RO            6    i.main              main.o
    0x000010c8   0x0000001a   Code   RO          458    i.nrf_delay_ms      nrf_delay.o
    0x000010e2   0x00000038   Code   RO          419    i.nrf_drv_common_irq_enable  nrf_drv_common.o
    0x0000111a   0x00000002   PAD
    0x0000111c   0x000000e0   Code   RO          649    i.nrf_drv_saadc_buffer_convert  nrf_drv_saadc.o
    0x000011fc   0x00000094   Code   RO          890    i.nrf_drv_uart_init  nrf_drv_uart.o
    0x00001290   0x0000008c   Code   RO          891    i.nrf_drv_uart_rx   nrf_drv_uart.o
    0x0000131c   0x00000020   Code   RO          894    i.nrf_drv_uart_rx_enable  nrf_drv_uart.o
    0x0000133c   0x0000009c   Code   RO          895    i.nrf_drv_uart_rx_for_uart  nrf_drv_uart.o
    0x000013d8   0x00000090   Code   RO          896    i.nrf_drv_uart_rx_for_uarte  nrf_drv_uart.o
    0x00001468   0x00000088   Code   RO          897    i.nrf_drv_uart_tx   nrf_drv_uart.o
    0x000014f0   0x00000080   Code   RO          899    i.nrf_drv_uart_tx_for_uart  nrf_drv_uart.o
    0x00001570   0x00000022   Code   RO          901    i.nrf_gpio_cfg      nrf_drv_uart.o
    0x00001592   0x00000012   Code   RO          903    i.nrf_gpio_cfg_input  nrf_drv_uart.o
    0x000015a4   0x00000014   Code   RO          904    i.nrf_gpio_cfg_output  nrf_drv_uart.o
    0x000015b8   0x00000010   Code   RO          658    i.nrf_saadc_buffer_init  nrf_drv_saadc.o
    0x000015c8   0x00000014   Code   RO          659    i.nrf_saadc_channel_input_set  nrf_drv_saadc.o
    0x000015dc   0x00000010   Code   RO          660    i.nrf_saadc_event_check  nrf_drv_saadc.o
    0x000015ec   0x0000000a   Code   RO          905    i.nrf_uart_event_check  nrf_drv_uart.o
    0x000015f6   0x0000000c   Code   RO          906    i.nrf_uart_int_enable_check  nrf_drv_uart.o
    0x00001602   0x0000000a   Code   RO          907    i.nrf_uarte_event_check  nrf_drv_uart.o
    0x0000160c   0x00000030   Code   RO          909    i.rx_byte           nrf_drv_uart.o
    0x0000163c   0x00000020   Code   RO          910    i.rx_done_event     nrf_drv_uart.o
    0x0000165c   0x00000018   Code   RO          911    i.rx_enable         nrf_drv_uart.o
    0x00001674   0x00000024   Code   RO          912    i.tx_byte           nrf_drv_uart.o
    0x00001698   0x00000024   Code   RO          913    i.tx_done_event     nrf_drv_uart.o
    0x000016bc   0x00000048   Code   RO            8    i.uart_config       main.o
    0x00001704   0x000000a8   Code   RO          317    i.uart_event_handler  app_uart_fifo.o
    0x000017ac   0x00000002   Code   RO            9    i.uart_events_handler  main.o
    0x000017ae   0x00000002   PAD
    0x000017b0   0x00000108   Code   RO          914    i.uart_irq_handler  nrf_drv_uart.o
    0x000018b8   0x000000d8   Code   RO          915    i.uarte_irq_handler  nrf_drv_uart.o
    0x00001990   0x00009c74   Data   RO           11    .constdata          main.o
    0x0000b604   0x00000020   Data   RO          319    .constdata          app_uart_fifo.o
    0x0000b624   0x00000020   Data   RO          917    .constdata          nrf_drv_uart.o
    0x0000b644   0x00000020   Data   RO         1608    Region$$Table       anon$$obj.o


    Execution Region RW_IRAM1 (Base: 0x20000000, Size: 0x00002238, Max: 0x00008000, ABSOLUTE)

    Base Addr    Size         Type   Attr      Idx    E Section Name        Object

    0x20000000   0x00000001   Data   RW           12    .data               main.o
    0x20000001   0x00000003   PAD
    0x20000004   0x0000002c   Data   RW          166    .data               lts1303m.o
    0x20000030   0x00000004   Data   RW          274    .data               system_nrf52.o
    0x20000034   0x00000008   Data   RW          320    .data               app_uart_fifo.o
    0x2000003c   0x00000004   Data   RW         1257    .data               retarget.o
    0x20000040   0x00000100   Zero   RW           10    .bss                main.o
    0x20000140   0x00000080   Zero   RW          165    .bss                lts1303m.o
    0x200001c0   0x00000020   Zero   RW          318    .bss                app_uart_fifo.o
    0x200001e0   0x0000002c   Zero   RW          662    .bss                nrf_drv_saadc.o
    0x2000020c   0x0000000c   Zero   RW          788    .bss                nrf_drv_timer.o
    0x20000218   0x00000020   Zero   RW          916    .bss                nrf_drv_uart.o
    0x20000238   0x00002000   Zero   RW          262    STACK               arm_startup_nrf52.o


==============================================================================

Image component sizes


      Code (inc. data)   RO Data    RW Data    ZI Data      Debug   Object Name

        56         10          0          0          0       2747   app_error.o
       118          0          0          0          0       4414   app_fifo.o
       376         36         32          8         32      11359   app_uart_fifo.o
        36         10       1024          0       8192        836   arm_startup_nrf52.o
       718        182          0         44        128       8260   lts1303m.o
       354        178      40052          1        256      42518   main.o
       144          0          0          0          0       1803   nrf_delay.o
        56          0          0          0          0      27495   nrf_drv_common.o
       636         42          0          0         44      15270   nrf_drv_saadc.o
        72          8          0          0         12      10450   nrf_drv_timer.o
      1784        144         32          0         32      33207   nrf_drv_uart.o
        14          0          0          4          0       2758   retarget.o
       604         42          0          4          0      28910   system_nrf52.o

    ----------------------------------------------------------------------
      4980        652      41172         64       8696     190027   Object Totals
         0          0         32          0          0          0   (incl. Generated)
        12          0          0          3          0          0   (incl. Padding)

    ----------------------------------------------------------------------

      Code (inc. data)   RO Data    RW Data    ZI Data      Debug   Library Member Name

         0          0          0          0          0          0   entry.o
         0          0          0          0          0          0   entry10a.o
         0          0          0          0          0          0   entry11a.o
         8          4          0          0          0          0   entry2.o
         4          0          0          0          0          0   entry5.o
         0          0          0          0          0          0   entry7b.o
         0          0          0          0          0          0   entry8b.o
         8          4          0          0          0          0   entry9a.o
        30          0          0          0          0          0   handlers.o
        36          8          0          0          0         68   init.o
        36          0          0          0          0         68   memcpya.o
       372         14          0          0          0        184   printf1.o
        44          0          0          0          0         80   uidiv.o

    ----------------------------------------------------------------------
       540         30          0          0          0        400   Library Totals
         2          0          0          0          0          0   (incl. Padding)

    ----------------------------------------------------------------------

      Code (inc. data)   RO Data    RW Data    ZI Data      Debug   Library Name

       538         30          0          0          0        400   mc_w.l

    ----------------------------------------------------------------------
       540         30          0          0          0        400   Library Totals

    ----------------------------------------------------------------------

==============================================================================


      Code (inc. data)   RO Data    RW Data    ZI Data      Debug   

      5520        682      41172         64       8696     185527   Grand Totals
      5520        682      41172         64       8696     185527   ELF Image Totals
      5520        682      41172         64          0          0   ROM Totals

==============================================================================

    Total RO  Size (Code + RO Data)                46692 (  45.60kB)
    Total RW  Size (RW Data + ZI Data)              8760 (   8.55kB)
    Total ROM Size (Code + RO Data + RW Data)      46756 (  45.66kB)

==============================================================================

