<html>
<body>
<pre>
<h1>µVision Build Log</h1>
<h2>Tool Versions:</h2>
IDE-Version: ¦ÌVision V5.17.0.0
Copyright (C) 2015 ARM Ltd and ARM Germany GmbH. All rights reserved.
License Information: h s, f, LIC=IK1CX-HSUZF-12PLE-5XG4Q-GD9AH-WXK8G
 
Tool Versions:
Toolchain:       MDK-ARM Standard  Version: 5.17
Toolchain Path:  d:\Keil_v5\ARM\ARMCC\Bin
C Compiler:      Armcc.exe V5.06 update 1 (build 61)
Assembler:       Armasm.exe V5.06 update 1 (build 61)
Linker/Locator:  ArmLink.exe V5.06 update 1 (build 61)
Library Manager: ArmAr.exe V5.06 update 1 (build 61)
Hex Converter:   FromElf.exe V5.06 update 1 (build 61)
CPU DLL:         
Dialog DLL:      
Target DLL:      Segger\JL2CM3.dll V2.99.16.0
Dialog DLL:      TCM.DLL V1.14.6.0
 
<h2>Project:</h2>
E:\projects\HeartRate\lts1303m_mxd2660\lts1303mMain\project\arm5\lts1303m_mxd2660.uvprojx
Project File Date:  09/12/2017

<h2>Output:</h2>
*** Using Compiler 'V5.06 update 1 (build 61)', folder: 'd:\Keil_v5\ARM\ARMCC\Bin'
Build target 'nrf52832_lts1303m'
compiling Lts1303m.c...
linking...
Program Size: Code=4952 RO-data=21172 RW-data=64 ZI-data=8696  
FromELF: creating hex file...
".\_build\nrf52832_xxaa.axf" - 0 Error(s), 0 Warning(s).

<h2>Software Packages used:</h2>

Package Vendor: ARM
                http://www.keil.com/pack/ARM.CMSIS.4.5.0.pack
                ARM::CMSIS:CORE:4.3.0
                CMSIS (Cortex Microcontroller Software Interface Standard)
   * Component: CORE Version: 4.3.0

Package Vendor: NordicSemiconductor
                http://developer.nordicsemi.com/nRF51_SDK/pieces/nRF_DeviceFamilyPack/NordicSemiconductor.nRF_DeviceFamilyPack.8.3.1.pack
                NordicSemiconductor::Device:Startup:8.3.1
                Nordic Semiconductor nRF ARM devices Device Family Pack.
   * Component: Startup Version: 8.3.1

Package Vendor: NordicSemiconductor
                http://developer.nordicsemi.com/nRF51_SDK/pieces/nRF_Drivers/NordicSemiconductor.nRF_Drivers.4.0.0-2.alpha.pack
                NordicSemiconductor::nRF_Drivers:nrf_saadc:4.0.0-2.alpha
                Drivers for Nordic Semiconductor nRF family.
   * Component: nrf_saadc Version: 4.0.0-2.alpha
   * Component: nrf_delay Version: 4.0.0-2.alpha
   * Component: nrf_gpio Version: 4.0.0-2.alpha
   * Component: nrf_drv_saadc Version: 4.0.0-2.alpha
   * Component: nrf_ppi Version: 4.0.0-2.alpha
   * Component: nrf_uart Version: 4.0.0-2.alpha
   * Component: nrf_error Variant: No_softdevice Version: 4.0.0-2.alpha
   * Component: nrf_timer Version: 4.0.0-2.alpha
   * Component: nrf_uarte Version: 4.0.0-2.alpha
   * Component: nrf_drv_uart Version: 4.0.0-2.alpha
   * Component: nrf_drv_timer Version: 4.0.0-2.alpha
   * Component: nrf_soc Variant: default Version: 4.0.0-2.alpha
   * Component: nrf_drv_common Version: 4.0.0-2.alpha
   * Component: nrf_drv_ppi Version: 4.0.0-2.alpha

Package Vendor: NordicSemiconductor
                http://developer.nordicsemi.com/nRF51_SDK/pieces/nRF_Examples/NordicSemiconductor.nRF_Examples.11.0.0-2.alpha.pack
                NordicSemiconductor::Board Support:bsp:Defines:11.0.0-2.alpha
                Examples and BSP for Nordic Semiconductor nRF family.
   * Component: bsp Variant: Defines Version: 11.0.0-2.alpha

Package Vendor: NordicSemiconductor
                http://developer.nordicsemi.com/nRF51_SDK/pieces/nRF_Libraries/NordicSemiconductor.nRF_Libraries.4.0.0-2.alpha.pack
                NordicSemiconductor::nRF_Libraries:app_error:4.0.0-2.alpha
                Software modules for Nordic Semiconductor nRF family.
   * Component: app_error Version: 4.0.0-2.alpha
   * Component: nrf_assert Version: 4.0.0-2.alpha
   * Component: retarget Version: 4.0.0-2.alpha
   * Component: app_fifo Version: 4.0.0-2.alpha
   * Component: app_util Variant: No_softdevice Version: 4.0.0-2.alpha
   * Component: nordic_common Version: 4.0.0-2.alpha
   * Component: app_uart Variant: Fifo Version: 4.0.0-2.alpha

<h2>Collection of Component include folders:</h2>
  E:\projects\HeartRate\lts1303m_mxd2660\lts1303mMain\project\arm5\RTE
  E:\projects\HeartRate\lts1303m_mxd2660\lts1303mMain\project\arm5\RTE\nRF_Drivers\nRF52832_xxAA
  E:\projects\HeartRate\lts1303m_mxd2660\lts1303mMain\project\arm5\RTE\nRF_Libraries\nRF52832_xxAA
  d:\Keil_v5\ARM\PACK\ARM\CMSIS\4.5.0\CMSIS\Include
  d:\Keil_v5\ARM\PACK\NordicSemiconductor\nRF_DeviceFamilyPack\8.13.0\Device\Include
  d:\Keil_v5\ARM\PACK\NordicSemiconductor\nRF_DeviceFamilyPack\8.3.1\Device\Include
  d:\Keil_v5\ARM\PACK\NordicSemiconductor\nRF_Drivers\4.0.0-2.alpha\common
  d:\Keil_v5\ARM\PACK\NordicSemiconductor\nRF_Drivers\4.0.0-2.alpha\config
  d:\Keil_v5\ARM\PACK\NordicSemiconductor\nRF_Drivers\4.0.0-2.alpha\delay
  d:\Keil_v5\ARM\PACK\NordicSemiconductor\nRF_Drivers\4.0.0-2.alpha\hal
  d:\Keil_v5\ARM\PACK\NordicSemiconductor\nRF_Drivers\4.0.0-2.alpha\nrf_soc_nosd
  d:\Keil_v5\ARM\PACK\NordicSemiconductor\nRF_Drivers\4.0.0-2.alpha\ppi
  d:\Keil_v5\ARM\PACK\NordicSemiconductor\nRF_Drivers\4.0.0-2.alpha\saadc
  d:\Keil_v5\ARM\PACK\NordicSemiconductor\nRF_Drivers\4.0.0-2.alpha\timer
  d:\Keil_v5\ARM\PACK\NordicSemiconductor\nRF_Drivers\4.0.0-2.alpha\uart
  d:\Keil_v5\ARM\PACK\NordicSemiconductor\nRF_Examples\11.0.0-2.alpha\bsp
  d:\Keil_v5\ARM\PACK\NordicSemiconductor\nRF_Libraries\4.0.0-2.alpha\fifo
  d:\Keil_v5\ARM\PACK\NordicSemiconductor\nRF_Libraries\4.0.0-2.alpha\uart
  d:\Keil_v5\ARM\PACK\NordicSemiconductor\nRF_Libraries\4.0.0-2.alpha\util

<h2>Collection of Component Files used:</h2>

   * Component: ARM::CMSIS:CORE:4.3.0

   * Component: NordicSemiconductor::Device:Startup:8.3.1
      Source file:   Device\Source\arm\arm_startup_nrf52.s
      Source file:   Device\Source\system_nrf52.c
      Include file:  Device\Include\system_nrf52.h

   * Component: NordicSemiconductor::nRF_Drivers:nrf_saadc:4.0.0-2.alpha
      Source file:   hal\nrf_saadc.c
      Include file:  hal\nrf_saadc.h

   * Component: NordicSemiconductor::nRF_Drivers:nrf_delay:4.0.0-2.alpha
      Source file:   delay\nrf_delay.c
      Include file:  delay\nrf_delay.h

   * Component: NordicSemiconductor::nRF_Drivers:nrf_gpio:4.0.0-2.alpha
      Include file:  hal\nrf_gpio.h

   * Component: NordicSemiconductor::nRF_Drivers:nrf_drv_saadc:4.0.0-2.alpha
      Source file:   saadc\nrf_drv_saadc.c
      Include file:  saadc\nrf_drv_saadc.h
      Include file:  config\nrf_drv_config.h

   * Component: NordicSemiconductor::nRF_Drivers:nrf_ppi:4.0.0-2.alpha
      Include file:  hal\nrf_ppi.h

   * Component: NordicSemiconductor::nRF_Drivers:nrf_uart:4.0.0-2.alpha
      Include file:  hal\nrf_uart.h

   * Component: NordicSemiconductor::nRF_Drivers:nrf_error:No_softdevice:4.0.0-2.alpha

   * Component: NordicSemiconductor::nRF_Drivers:nrf_timer:4.0.0-2.alpha
      Include file:  hal\nrf_timer.h

   * Component: NordicSemiconductor::nRF_Drivers:nrf_uarte:4.0.0-2.alpha
      Include file:  hal\nrf_uarte.h

   * Component: NordicSemiconductor::nRF_Drivers:nrf_drv_uart:4.0.0-2.alpha
      Source file:   uart\nrf_drv_uart.c
      Include file:  uart\nrf_drv_uart.h
      Include file:  config\nrf_drv_config.h

   * Component: NordicSemiconductor::nRF_Drivers:nrf_drv_timer:4.0.0-2.alpha
      Source file:   timer\nrf_drv_timer.c
      Include file:  timer\nrf_drv_timer.h
      Include file:  config\nrf_drv_config.h

   * Component: NordicSemiconductor::nRF_Drivers:nrf_soc:default:4.0.0-2.alpha

   * Component: NordicSemiconductor::nRF_Drivers:nrf_drv_common:4.0.0-2.alpha
      Source file:   common\nrf_drv_common.c
      Include file:  common\nrf_drv_common.h
      Include file:  config\nrf_drv_config.h

   * Component: NordicSemiconductor::nRF_Drivers:nrf_drv_ppi:4.0.0-2.alpha
      Source file:   ppi\nrf_drv_ppi.c
      Include file:  ppi\nrf_drv_ppi.h

   * Component: NordicSemiconductor::Board Support:bsp:Defines:11.0.0-2.alpha

   * Component: NordicSemiconductor::nRF_Libraries:app_error:4.0.0-2.alpha
      Source file:   util\app_error.c
      Include file:  util\app_error.h

   * Component: NordicSemiconductor::nRF_Libraries:nrf_assert:4.0.0-2.alpha
      Source file:   util\nrf_assert.c
      Include file:  util\nrf_assert.h

   * Component: NordicSemiconductor::nRF_Libraries:retarget:4.0.0-2.alpha
      Source file:   uart\retarget.c

   * Component: NordicSemiconductor::nRF_Libraries:app_fifo:4.0.0-2.alpha
      Source file:   fifo\app_fifo.c
      Include file:  fifo\app_fifo.h

   * Component: NordicSemiconductor::nRF_Libraries:app_util:No_softdevice:4.0.0-2.alpha
      Source file:   util\app_util_platform.c

   * Component: NordicSemiconductor::nRF_Libraries:nordic_common:4.0.0-2.alpha

   * Component: NordicSemiconductor::nRF_Drivers:app_uart:Fifo:4.0.0-2.alpha
      Source file:   uart\app_uart_fifo.c
      Include file:  uart\app_uart.h
Build Time Elapsed:  00:00:01
</pre>
</body>
</html>
