Component: ARM Compiler 5.06 update 1 (build 61) Tool: armlink [4d35a8]

==============================================================================

Section Cross References

    main.o(i.led_blinking_setup) refers to nrf_drv_gpiote.o(i.nrf_drv_gpiote_out_init) for nrf_drv_gpiote_out_init
    main.o(i.led_blinking_setup) refers to app_error.o(i.app_error_handler_bare) for app_error_handler_bare
    main.o(i.led_blinking_setup) refers to nrf_drv_timer.o(i.nrf_drv_timer_extended_compare) for nrf_drv_timer_extended_compare
    main.o(i.led_blinking_setup) refers to nrf_drv_ppi.o(i.nrf_drv_ppi_channel_alloc) for nrf_drv_ppi_channel_alloc
    main.o(i.led_blinking_setup) refers to nrf_drv_gpiote.o(i.nrf_drv_gpiote_out_task_addr_get) for nrf_drv_gpiote_out_task_addr_get
    main.o(i.led_blinking_setup) refers to nrf_drv_ppi.o(i.nrf_drv_ppi_channel_assign) for nrf_drv_ppi_channel_assign
    main.o(i.led_blinking_setup) refers to nrf_drv_ppi.o(i.nrf_drv_ppi_channel_enable) for nrf_drv_ppi_channel_enable
    main.o(i.led_blinking_setup) refers to nrf_drv_gpiote.o(i.nrf_drv_gpiote_out_task_enable) for nrf_drv_gpiote_out_task_enable
    main.o(i.led_blinking_setup) refers to main.o(.constdata) for .constdata
    main.o(i.led_blinking_setup) refers to main.o(.data) for .data
    main.o(i.main) refers to nrf_drv_ppi.o(i.nrf_drv_ppi_init) for nrf_drv_ppi_init
    main.o(i.main) refers to app_error.o(i.app_error_handler_bare) for app_error_handler_bare
    main.o(i.main) refers to nrf_drv_gpiote.o(i.nrf_drv_gpiote_init) for nrf_drv_gpiote_init
    main.o(i.main) refers to nrf_drv_timer.o(i.nrf_drv_timer_init) for nrf_drv_timer_init
    main.o(i.main) refers to main.o(i.led_blinking_setup) for led_blinking_setup
    main.o(i.main) refers to nrf_drv_timer.o(i.nrf_drv_timer_enable) for nrf_drv_timer_enable
    main.o(i.main) refers to main.o(i.timer_dummy_handler) for timer_dummy_handler
    main.o(i.main) refers to main.o(.data) for .data
    arm_startup_nrf52.o(RESET) refers to arm_startup_nrf52.o(STACK) for __initial_sp
    arm_startup_nrf52.o(RESET) refers to arm_startup_nrf52.o(.text) for Reset_Handler
    arm_startup_nrf52.o(RESET) refers to nrf_drv_gpiote.o(i.GPIOTE_IRQHandler) for GPIOTE_IRQHandler
    arm_startup_nrf52.o(RESET) refers to nrf_drv_timer.o(i.TIMER0_IRQHandler) for TIMER0_IRQHandler
    arm_startup_nrf52.o(.text) refers to system_nrf52.o(i.SystemInit) for SystemInit
    arm_startup_nrf52.o(.text) refers to entry.o(.ARM.Collect$$$$00000000) for __main
    system_nrf52.o(i.SystemCoreClockUpdate) refers to system_nrf52.o(.data) for .data
    system_nrf52.o(i.SystemInit) refers to system_nrf52.o(.data) for .data
    nrf_drv_gpiote.o(i.GPIOTE_IRQHandler) refers to nrf_drv_gpiote.o(i.nrf_gpiote_event_is_set) for nrf_gpiote_event_is_set
    nrf_drv_gpiote.o(i.GPIOTE_IRQHandler) refers to nrf_drv_gpiote.o(i.nrf_gpiote_event_clear) for nrf_gpiote_event_clear
    nrf_drv_gpiote.o(i.GPIOTE_IRQHandler) refers to nrf_drv_gpiote.o(i.channel_port_get) for channel_port_get
    nrf_drv_gpiote.o(i.GPIOTE_IRQHandler) refers to nrf_drv_gpiote.o(i.nrf_gpio_cfg_sense_set) for nrf_gpio_cfg_sense_set
    nrf_drv_gpiote.o(i.GPIOTE_IRQHandler) refers to nrf_drv_gpiote.o(.bss) for .bss
    nrf_drv_gpiote.o(i.channel_free) refers to nrf_drv_gpiote.o(.bss) for .bss
    nrf_drv_gpiote.o(i.channel_port_alloc) refers to nrf_drv_gpiote.o(.bss) for .bss
    nrf_drv_gpiote.o(i.channel_port_get) refers to nrf_drv_gpiote.o(.bss) for .bss
    nrf_drv_gpiote.o(i.nrf_drv_gpiote_in_event_addr_get) refers to nrf_drv_gpiote.o(i.channel_port_get) for channel_port_get
    nrf_drv_gpiote.o(i.nrf_drv_gpiote_in_event_disable) refers to nrf_drv_gpiote.o(i.pin_in_use_by_port) for pin_in_use_by_port
    nrf_drv_gpiote.o(i.nrf_drv_gpiote_in_event_disable) refers to nrf_drv_gpiote.o(i.nrf_gpio_cfg_sense_set) for nrf_gpio_cfg_sense_set
    nrf_drv_gpiote.o(i.nrf_drv_gpiote_in_event_disable) refers to nrf_drv_gpiote.o(i.pin_in_use_by_te) for pin_in_use_by_te
    nrf_drv_gpiote.o(i.nrf_drv_gpiote_in_event_disable) refers to nrf_drv_gpiote.o(i.channel_port_get) for channel_port_get
    nrf_drv_gpiote.o(i.nrf_drv_gpiote_in_event_enable) refers to nrf_drv_gpiote.o(i.pin_in_use_by_port) for pin_in_use_by_port
    nrf_drv_gpiote.o(i.nrf_drv_gpiote_in_event_enable) refers to nrf_drv_gpiote.o(i.channel_port_get) for channel_port_get
    nrf_drv_gpiote.o(i.nrf_drv_gpiote_in_event_enable) refers to nrf_drv_gpiote.o(i.nrf_gpio_cfg_sense_set) for nrf_gpio_cfg_sense_set
    nrf_drv_gpiote.o(i.nrf_drv_gpiote_in_event_enable) refers to nrf_drv_gpiote.o(i.pin_in_use_by_te) for pin_in_use_by_te
    nrf_drv_gpiote.o(i.nrf_drv_gpiote_in_event_enable) refers to nrf_drv_gpiote.o(i.nrf_gpiote_event_clear) for nrf_gpiote_event_clear
    nrf_drv_gpiote.o(i.nrf_drv_gpiote_in_event_enable) refers to nrf_drv_gpiote.o(.bss) for .bss
    nrf_drv_gpiote.o(i.nrf_drv_gpiote_in_init) refers to nrf_drv_gpiote.o(i.channel_port_alloc) for channel_port_alloc
    nrf_drv_gpiote.o(i.nrf_drv_gpiote_in_init) refers to nrf_drv_gpiote.o(i.nrf_gpio_cfg) for nrf_gpio_cfg
    nrf_drv_gpiote.o(i.nrf_drv_gpiote_in_init) refers to nrf_drv_gpiote.o(.bss) for .bss
    nrf_drv_gpiote.o(i.nrf_drv_gpiote_in_uninit) refers to nrf_drv_gpiote.o(i.nrf_drv_gpiote_in_event_disable) for nrf_drv_gpiote_in_event_disable
    nrf_drv_gpiote.o(i.nrf_drv_gpiote_in_uninit) refers to nrf_drv_gpiote.o(i.pin_in_use_by_te) for pin_in_use_by_te
    nrf_drv_gpiote.o(i.nrf_drv_gpiote_in_uninit) refers to nrf_drv_gpiote.o(i.channel_port_get) for channel_port_get
    nrf_drv_gpiote.o(i.nrf_drv_gpiote_in_uninit) refers to nrf_drv_gpiote.o(i.nrf_gpio_cfg_default) for nrf_gpio_cfg_default
    nrf_drv_gpiote.o(i.nrf_drv_gpiote_in_uninit) refers to nrf_drv_gpiote.o(i.channel_free) for channel_free
    nrf_drv_gpiote.o(i.nrf_drv_gpiote_in_uninit) refers to nrf_drv_gpiote.o(.bss) for .bss
    nrf_drv_gpiote.o(i.nrf_drv_gpiote_init) refers to nrf_drv_gpiote.o(i.channel_free) for channel_free
    nrf_drv_gpiote.o(i.nrf_drv_gpiote_init) refers to nrf_drv_common.o(i.nrf_drv_common_irq_enable) for nrf_drv_common_irq_enable
    nrf_drv_gpiote.o(i.nrf_drv_gpiote_init) refers to nrf_drv_gpiote.o(.bss) for .bss
    nrf_drv_gpiote.o(i.nrf_drv_gpiote_is_init) refers to nrf_drv_gpiote.o(.bss) for .bss
    nrf_drv_gpiote.o(i.nrf_drv_gpiote_out_init) refers to nrf_drv_gpiote.o(i.channel_port_alloc) for channel_port_alloc
    nrf_drv_gpiote.o(i.nrf_drv_gpiote_out_init) refers to nrf_drv_gpiote.o(i.nrf_gpio_cfg) for nrf_gpio_cfg
    nrf_drv_gpiote.o(i.nrf_drv_gpiote_out_init) refers to nrf_drv_gpiote.o(.bss) for .bss
    nrf_drv_gpiote.o(i.nrf_drv_gpiote_out_task_addr_get) refers to nrf_drv_gpiote.o(i.channel_port_get) for channel_port_get
    nrf_drv_gpiote.o(i.nrf_drv_gpiote_out_task_disable) refers to nrf_drv_gpiote.o(.bss) for .bss
    nrf_drv_gpiote.o(i.nrf_drv_gpiote_out_task_enable) refers to nrf_drv_gpiote.o(.bss) for .bss
    nrf_drv_gpiote.o(i.nrf_drv_gpiote_out_task_force) refers to nrf_drv_gpiote.o(.bss) for .bss
    nrf_drv_gpiote.o(i.nrf_drv_gpiote_out_task_trigger) refers to nrf_drv_gpiote.o(i.channel_port_get) for channel_port_get
    nrf_drv_gpiote.o(i.nrf_drv_gpiote_out_uninit) refers to nrf_drv_gpiote.o(i.pin_in_use_by_te) for pin_in_use_by_te
    nrf_drv_gpiote.o(i.nrf_drv_gpiote_out_uninit) refers to nrf_drv_gpiote.o(i.channel_port_get) for channel_port_get
    nrf_drv_gpiote.o(i.nrf_drv_gpiote_out_uninit) refers to nrf_drv_gpiote.o(i.channel_free) for channel_free
    nrf_drv_gpiote.o(i.nrf_drv_gpiote_out_uninit) refers to nrf_drv_gpiote.o(i.nrf_gpio_cfg_default) for nrf_gpio_cfg_default
    nrf_drv_gpiote.o(i.nrf_drv_gpiote_out_uninit) refers to nrf_drv_gpiote.o(.bss) for .bss
    nrf_drv_gpiote.o(i.nrf_drv_gpiote_uninit) refers to nrf_drv_gpiote.o(i.nrf_drv_gpiote_in_uninit) for nrf_drv_gpiote_in_uninit
    nrf_drv_gpiote.o(i.nrf_drv_gpiote_uninit) refers to nrf_drv_gpiote.o(i.nrf_drv_gpiote_out_uninit) for nrf_drv_gpiote_out_uninit
    nrf_drv_gpiote.o(i.nrf_drv_gpiote_uninit) refers to nrf_drv_gpiote.o(.bss) for .bss
    nrf_drv_gpiote.o(i.nrf_gpio_cfg_default) refers to nrf_drv_gpiote.o(i.nrf_gpio_cfg) for nrf_gpio_cfg
    nrf_drv_gpiote.o(i.pin_in_use_by_port) refers to nrf_drv_gpiote.o(.bss) for .bss
    nrf_drv_gpiote.o(i.pin_in_use_by_te) refers to nrf_drv_gpiote.o(.bss) for .bss
    nrf_drv_ppi.o(i.is_allocated_channel) refers to nrf_drv_ppi.o(.data) for .data
    nrf_drv_ppi.o(i.is_allocated_group) refers to nrf_drv_ppi.o(.data) for .data
    nrf_drv_ppi.o(i.nrf_drv_ppi_channel_alloc) refers to app_util_platform.o(i.critical_region_enter) for critical_region_enter
    nrf_drv_ppi.o(i.nrf_drv_ppi_channel_alloc) refers to nrf_drv_ppi.o(i.is_allocated_channel) for is_allocated_channel
    nrf_drv_ppi.o(i.nrf_drv_ppi_channel_alloc) refers to app_util_platform.o(i.critical_region_exit) for critical_region_exit
    nrf_drv_ppi.o(i.nrf_drv_ppi_channel_alloc) refers to nrf_drv_ppi.o(.data) for .data
    nrf_drv_ppi.o(i.nrf_drv_ppi_channel_assign) refers to nrf_drv_ppi.o(i.is_programmable_app_channel) for is_programmable_app_channel
    nrf_drv_ppi.o(i.nrf_drv_ppi_channel_assign) refers to nrf_drv_ppi.o(i.is_allocated_channel) for is_allocated_channel
    nrf_drv_ppi.o(i.nrf_drv_ppi_channel_disable) refers to nrf_drv_ppi.o(i.is_programmable_app_channel) for is_programmable_app_channel
    nrf_drv_ppi.o(i.nrf_drv_ppi_channel_disable) refers to nrf_drv_ppi.o(i.is_allocated_channel) for is_allocated_channel
    nrf_drv_ppi.o(i.nrf_drv_ppi_channel_enable) refers to nrf_drv_ppi.o(i.is_programmable_app_channel) for is_programmable_app_channel
    nrf_drv_ppi.o(i.nrf_drv_ppi_channel_enable) refers to nrf_drv_ppi.o(i.is_allocated_channel) for is_allocated_channel
    nrf_drv_ppi.o(i.nrf_drv_ppi_channel_fork_assign) refers to nrf_drv_ppi.o(i.is_programmable_app_channel) for is_programmable_app_channel
    nrf_drv_ppi.o(i.nrf_drv_ppi_channel_fork_assign) refers to nrf_drv_ppi.o(i.is_allocated_channel) for is_allocated_channel
    nrf_drv_ppi.o(i.nrf_drv_ppi_channel_free) refers to nrf_drv_ppi.o(i.is_programmable_app_channel) for is_programmable_app_channel
    nrf_drv_ppi.o(i.nrf_drv_ppi_channel_free) refers to app_util_platform.o(i.critical_region_enter) for critical_region_enter
    nrf_drv_ppi.o(i.nrf_drv_ppi_channel_free) refers to app_util_platform.o(i.critical_region_exit) for critical_region_exit
    nrf_drv_ppi.o(i.nrf_drv_ppi_channel_free) refers to nrf_drv_ppi.o(.data) for .data
    nrf_drv_ppi.o(i.nrf_drv_ppi_channels_include_in_group) refers to nrf_drv_ppi.o(i.is_app_group) for is_app_group
    nrf_drv_ppi.o(i.nrf_drv_ppi_channels_include_in_group) refers to nrf_drv_ppi.o(i.is_allocated_group) for is_allocated_group
    nrf_drv_ppi.o(i.nrf_drv_ppi_channels_include_in_group) refers to app_util_platform.o(i.critical_region_enter) for critical_region_enter
    nrf_drv_ppi.o(i.nrf_drv_ppi_channels_include_in_group) refers to app_util_platform.o(i.critical_region_exit) for critical_region_exit
    nrf_drv_ppi.o(i.nrf_drv_ppi_channels_remove_from_group) refers to nrf_drv_ppi.o(i.is_app_group) for is_app_group
    nrf_drv_ppi.o(i.nrf_drv_ppi_channels_remove_from_group) refers to nrf_drv_ppi.o(i.is_allocated_group) for is_allocated_group
    nrf_drv_ppi.o(i.nrf_drv_ppi_channels_remove_from_group) refers to app_util_platform.o(i.critical_region_enter) for critical_region_enter
    nrf_drv_ppi.o(i.nrf_drv_ppi_channels_remove_from_group) refers to app_util_platform.o(i.critical_region_exit) for critical_region_exit
    nrf_drv_ppi.o(i.nrf_drv_ppi_group_alloc) refers to app_util_platform.o(i.critical_region_enter) for critical_region_enter
    nrf_drv_ppi.o(i.nrf_drv_ppi_group_alloc) refers to nrf_drv_ppi.o(i.is_allocated_group) for is_allocated_group
    nrf_drv_ppi.o(i.nrf_drv_ppi_group_alloc) refers to app_util_platform.o(i.critical_region_exit) for critical_region_exit
    nrf_drv_ppi.o(i.nrf_drv_ppi_group_alloc) refers to nrf_drv_ppi.o(.data) for .data
    nrf_drv_ppi.o(i.nrf_drv_ppi_group_disable) refers to nrf_drv_ppi.o(i.is_app_group) for is_app_group
    nrf_drv_ppi.o(i.nrf_drv_ppi_group_enable) refers to nrf_drv_ppi.o(i.is_app_group) for is_app_group
    nrf_drv_ppi.o(i.nrf_drv_ppi_group_enable) refers to nrf_drv_ppi.o(i.is_allocated_group) for is_allocated_group
    nrf_drv_ppi.o(i.nrf_drv_ppi_group_free) refers to nrf_drv_ppi.o(i.is_app_group) for is_app_group
    nrf_drv_ppi.o(i.nrf_drv_ppi_group_free) refers to nrf_drv_ppi.o(i.is_allocated_group) for is_allocated_group
    nrf_drv_ppi.o(i.nrf_drv_ppi_group_free) refers to app_util_platform.o(i.critical_region_enter) for critical_region_enter
    nrf_drv_ppi.o(i.nrf_drv_ppi_group_free) refers to app_util_platform.o(i.critical_region_exit) for critical_region_exit
    nrf_drv_ppi.o(i.nrf_drv_ppi_group_free) refers to nrf_drv_ppi.o(.data) for .data
    nrf_drv_ppi.o(i.nrf_drv_ppi_init) refers to nrf_drv_ppi.o(.data) for .data
    nrf_drv_ppi.o(i.nrf_drv_ppi_uninit) refers to nrf_drv_ppi.o(.data) for .data
    nrf_drv_timer.o(i.TIMER0_IRQHandler) refers to nrf_drv_timer.o(.bss) for .bss
    nrf_drv_timer.o(i.nrf_drv_timer_disable) refers to nrf_drv_timer.o(.bss) for .bss
    nrf_drv_timer.o(i.nrf_drv_timer_enable) refers to nrf_drv_timer.o(.bss) for .bss
    nrf_drv_timer.o(i.nrf_drv_timer_extended_compare) refers to nrf_drv_timer.o(i.nrf_drv_timer_compare) for nrf_drv_timer_compare
    nrf_drv_timer.o(i.nrf_drv_timer_init) refers to nrf_drv_common.o(i.nrf_drv_common_irq_enable) for nrf_drv_common_irq_enable
    nrf_drv_timer.o(i.nrf_drv_timer_init) refers to nrf_drv_timer.o(.bss) for .bss
    nrf_drv_timer.o(i.nrf_drv_timer_init) refers to nrf_drv_timer.o(.constdata) for .constdata
    nrf_drv_timer.o(i.nrf_drv_timer_uninit) refers to nrf_drv_timer.o(i.nrf_drv_timer_disable) for nrf_drv_timer_disable
    nrf_drv_timer.o(i.nrf_drv_timer_uninit) refers to nrf_drv_timer.o(.bss) for .bss
    app_error.o(i.app_error_handler) refers to app_error.o(i.app_error_fault_handler) for app_error_fault_handler
    app_error.o(i.app_error_handler_bare) refers to app_error.o(i.app_error_fault_handler) for app_error_fault_handler
    app_error.o(i.app_error_save_and_stop) refers to app_error.o(.bss) for .bss
    app_util_platform.o(i.critical_region_enter) refers to app_util_platform.o(.data) for .data
    app_util_platform.o(i.critical_region_exit) refers to app_util_platform.o(.data) for .data
    entry.o(.ARM.Collect$$$$00000000) refers (Special) to entry10a.o(.ARM.Collect$$$$0000000D) for __rt_final_cpp
    entry.o(.ARM.Collect$$$$00000000) refers (Special) to entry11a.o(.ARM.Collect$$$$0000000F) for __rt_final_exit
    entry.o(.ARM.Collect$$$$00000000) refers (Special) to entry7b.o(.ARM.Collect$$$$00000008) for _main_clock
    entry.o(.ARM.Collect$$$$00000000) refers (Special) to entry8b.o(.ARM.Collect$$$$0000000A) for _main_cpp_init
    entry.o(.ARM.Collect$$$$00000000) refers (Special) to entry9a.o(.ARM.Collect$$$$0000000B) for _main_init
    entry.o(.ARM.Collect$$$$00000000) refers (Special) to entry5.o(.ARM.Collect$$$$00000004) for _main_scatterload
    entry.o(.ARM.Collect$$$$00000000) refers (Special) to entry2.o(.ARM.Collect$$$$00000001) for _main_stk
    entry2.o(.ARM.Collect$$$$00000001) refers to entry2.o(.ARM.Collect$$$$00002712) for __lit__00000000
    entry2.o(.ARM.Collect$$$$00002712) refers to arm_startup_nrf52.o(STACK) for __initial_sp
    entry2.o(__vectab_stack_and_reset_area) refers to arm_startup_nrf52.o(STACK) for __initial_sp
    entry2.o(__vectab_stack_and_reset_area) refers to entry.o(.ARM.Collect$$$$00000000) for __main
    entry5.o(.ARM.Collect$$$$00000004) refers to init.o(.text) for __scatterload
    entry9a.o(.ARM.Collect$$$$0000000B) refers to main.o(i.main) for main
    entry9b.o(.ARM.Collect$$$$0000000C) refers to main.o(i.main) for main
    init.o(.text) refers to entry5.o(.ARM.Collect$$$$00000004) for __main_after_scatterload


==============================================================================

Removing Unused input sections from the image.

    Removing main.o(.rev16_text), (4 bytes).
    Removing main.o(.revsh_text), (4 bytes).
    Removing main.o(.rrx_text), (6 bytes).
    Removing arm_startup_nrf52.o(HEAP), (8192 bytes).
    Removing system_nrf52.o(.rev16_text), (4 bytes).
    Removing system_nrf52.o(.revsh_text), (4 bytes).
    Removing system_nrf52.o(.rrx_text), (6 bytes).
    Removing system_nrf52.o(i.SystemCoreClockUpdate), (16 bytes).
    Removing nrf_drv_common.o(.rev16_text), (4 bytes).
    Removing nrf_drv_common.o(.revsh_text), (4 bytes).
    Removing nrf_drv_common.o(.rrx_text), (6 bytes).
    Removing nrf_drv_gpiote.o(.rev16_text), (4 bytes).
    Removing nrf_drv_gpiote.o(.revsh_text), (4 bytes).
    Removing nrf_drv_gpiote.o(.rrx_text), (6 bytes).
    Removing nrf_drv_gpiote.o(i.nrf_drv_gpiote_in_event_addr_get), (28 bytes).
    Removing nrf_drv_gpiote.o(i.nrf_drv_gpiote_in_event_disable), (72 bytes).
    Removing nrf_drv_gpiote.o(i.nrf_drv_gpiote_in_event_enable), (164 bytes).
    Removing nrf_drv_gpiote.o(i.nrf_drv_gpiote_in_init), (184 bytes).
    Removing nrf_drv_gpiote.o(i.nrf_drv_gpiote_in_is_set), (20 bytes).
    Removing nrf_drv_gpiote.o(i.nrf_drv_gpiote_in_uninit), (72 bytes).
    Removing nrf_drv_gpiote.o(i.nrf_drv_gpiote_is_init), (20 bytes).
    Removing nrf_drv_gpiote.o(i.nrf_drv_gpiote_out_clear), (16 bytes).
    Removing nrf_drv_gpiote.o(i.nrf_drv_gpiote_out_set), (16 bytes).
    Removing nrf_drv_gpiote.o(i.nrf_drv_gpiote_out_task_disable), (36 bytes).
    Removing nrf_drv_gpiote.o(i.nrf_drv_gpiote_out_task_force), (40 bytes).
    Removing nrf_drv_gpiote.o(i.nrf_drv_gpiote_out_task_trigger), (24 bytes).
    Removing nrf_drv_gpiote.o(i.nrf_drv_gpiote_out_toggle), (32 bytes).
    Removing nrf_drv_gpiote.o(i.nrf_drv_gpiote_out_uninit), (68 bytes).
    Removing nrf_drv_gpiote.o(i.nrf_drv_gpiote_uninit), (56 bytes).
    Removing nrf_drv_gpiote.o(i.nrf_gpio_cfg_default), (18 bytes).
    Removing nrf_drv_gpiote.o(i.pin_in_use_by_port), (24 bytes).
    Removing nrf_drv_gpiote.o(i.pin_in_use_by_te), (24 bytes).
    Removing nrf_drv_ppi.o(.rev16_text), (4 bytes).
    Removing nrf_drv_ppi.o(.revsh_text), (4 bytes).
    Removing nrf_drv_ppi.o(.rrx_text), (6 bytes).
    Removing nrf_drv_ppi.o(i.is_allocated_group), (24 bytes).
    Removing nrf_drv_ppi.o(i.is_app_group), (12 bytes).
    Removing nrf_drv_ppi.o(i.nrf_drv_ppi_channel_disable), (40 bytes).
    Removing nrf_drv_ppi.o(i.nrf_drv_ppi_channel_fork_assign), (48 bytes).
    Removing nrf_drv_ppi.o(i.nrf_drv_ppi_channel_free), (52 bytes).
    Removing nrf_drv_ppi.o(i.nrf_drv_ppi_channels_include_in_group), (64 bytes).
    Removing nrf_drv_ppi.o(i.nrf_drv_ppi_channels_remove_from_group), (64 bytes).
    Removing nrf_drv_ppi.o(i.nrf_drv_ppi_group_alloc), (88 bytes).
    Removing nrf_drv_ppi.o(i.nrf_drv_ppi_group_disable), (32 bytes).
    Removing nrf_drv_ppi.o(i.nrf_drv_ppi_group_enable), (44 bytes).
    Removing nrf_drv_ppi.o(i.nrf_drv_ppi_group_free), (68 bytes).
    Removing nrf_drv_ppi.o(i.nrf_drv_ppi_uninit), (84 bytes).
    Removing nrf_drv_timer.o(.rev16_text), (4 bytes).
    Removing nrf_drv_timer.o(.revsh_text), (4 bytes).
    Removing nrf_drv_timer.o(.rrx_text), (6 bytes).
    Removing nrf_drv_timer.o(i.nrf_drv_timer_capture), (30 bytes).
    Removing nrf_drv_timer.o(i.nrf_drv_timer_clear), (8 bytes).
    Removing nrf_drv_timer.o(i.nrf_drv_timer_compare_int_disable), (14 bytes).
    Removing nrf_drv_timer.o(i.nrf_drv_timer_compare_int_enable), (32 bytes).
    Removing nrf_drv_timer.o(i.nrf_drv_timer_disable), (28 bytes).
    Removing nrf_drv_timer.o(i.nrf_drv_timer_increment), (8 bytes).
    Removing nrf_drv_timer.o(i.nrf_drv_timer_pause), (8 bytes).
    Removing nrf_drv_timer.o(i.nrf_drv_timer_resume), (8 bytes).
    Removing nrf_drv_timer.o(i.nrf_drv_timer_uninit), (80 bytes).
    Removing app_error.o(.rev16_text), (4 bytes).
    Removing app_error.o(.revsh_text), (4 bytes).
    Removing app_error.o(.rrx_text), (6 bytes).
    Removing app_error.o(i.app_error_handler), (22 bytes).
    Removing app_error.o(i.app_error_save_and_stop), (100 bytes).
    Removing app_error.o(.bss), (32 bytes).
    Removing app_util_platform.o(.rev16_text), (4 bytes).
    Removing app_util_platform.o(.revsh_text), (4 bytes).
    Removing app_util_platform.o(.rrx_text), (6 bytes).
    Removing nrf_assert.o(.rev16_text), (4 bytes).
    Removing nrf_assert.o(.revsh_text), (4 bytes).
    Removing nrf_assert.o(.rrx_text), (6 bytes).

71 unused section(s) (total 10238 bytes) removed from the image.

==============================================================================

Image Symbol Table

    Local Symbols

    Symbol Name                              Value     Ov Type        Size  Object(Section)

    RESET                                    0x00000000   Section     1024  arm_startup_nrf52.o(RESET)
    ../clib/microlib/init/entry.s            0x00000000   Number         0  entry.o ABSOLUTE
    ../clib/microlib/init/entry.s            0x00000000   Number         0  entry11b.o ABSOLUTE
    ../clib/microlib/init/entry.s            0x00000000   Number         0  entry9b.o ABSOLUTE
    ../clib/microlib/init/entry.s            0x00000000   Number         0  entry8b.o ABSOLUTE
    ../clib/microlib/init/entry.s            0x00000000   Number         0  entry8a.o ABSOLUTE
    ../clib/microlib/init/entry.s            0x00000000   Number         0  entry7b.o ABSOLUTE
    ../clib/microlib/init/entry.s            0x00000000   Number         0  entry7a.o ABSOLUTE
    ../clib/microlib/init/entry.s            0x00000000   Number         0  entry5.o ABSOLUTE
    ../clib/microlib/init/entry.s            0x00000000   Number         0  entry11a.o ABSOLUTE
    ../clib/microlib/init/entry.s            0x00000000   Number         0  entry10b.o ABSOLUTE
    ../clib/microlib/init/entry.s            0x00000000   Number         0  entry2.o ABSOLUTE
    ../clib/microlib/init/entry.s            0x00000000   Number         0  entry9a.o ABSOLUTE
    ../clib/microlib/init/entry.s            0x00000000   Number         0  entry10a.o ABSOLUTE
    ..\..\main.c                             0x00000000   Number         0  main.o ABSOLUTE
    ..\\..\\main.c                           0x00000000   Number         0  main.o ABSOLUTE
    RTE\Device\nRF52832_xxAA\arm_startup_nrf52.s 0x00000000   Number         0  arm_startup_nrf52.o ABSOLUTE
    RTE\Device\nRF52832_xxAA\system_nrf52.c  0x00000000   Number         0  system_nrf52.o ABSOLUTE
    RTE\\Device\\nRF52832_xxAA\\system_nrf52.c 0x00000000   Number         0  system_nrf52.o ABSOLUTE
    RTE\\nRF_Libraries\\nRF52832_xxAA\\app_error.c 0x00000000   Number         0  app_error.o ABSOLUTE
    RTE\\nRF_Libraries\\nRF52832_xxAA\\app_util_platform.c 0x00000000   Number         0  app_util_platform.o ABSOLUTE
    RTE\\nRF_Libraries\\nRF52832_xxAA\\nrf_assert.c 0x00000000   Number         0  nrf_assert.o ABSOLUTE
    RTE\nRF_Libraries\nRF52832_xxAA\app_error.c 0x00000000   Number         0  app_error.o ABSOLUTE
    RTE\nRF_Libraries\nRF52832_xxAA\app_util_platform.c 0x00000000   Number         0  app_util_platform.o ABSOLUTE
    RTE\nRF_Libraries\nRF52832_xxAA\nrf_assert.c 0x00000000   Number         0  nrf_assert.o ABSOLUTE
    d:\Keil_v5\ARM\PACK\NordicSemiconductor\nRF_Drivers\4.0.0-2.alpha\common\nrf_drv_common.c 0x00000000   Number         0  nrf_drv_common.o ABSOLUTE
    d:\Keil_v5\ARM\PACK\NordicSemiconductor\nRF_Drivers\4.0.0-2.alpha\gpiote\nrf_drv_gpiote.c 0x00000000   Number         0  nrf_drv_gpiote.o ABSOLUTE
    d:\Keil_v5\ARM\PACK\NordicSemiconductor\nRF_Drivers\4.0.0-2.alpha\ppi\nrf_drv_ppi.c 0x00000000   Number         0  nrf_drv_ppi.o ABSOLUTE
    d:\Keil_v5\ARM\PACK\NordicSemiconductor\nRF_Drivers\4.0.0-2.alpha\timer\nrf_drv_timer.c 0x00000000   Number         0  nrf_drv_timer.o ABSOLUTE
    d:\\Keil_v5\\ARM\\PACK\\NordicSemiconductor\\nRF_Drivers\\4.0.0-2.alpha\\common\\nrf_drv_common.c 0x00000000   Number         0  nrf_drv_common.o ABSOLUTE
    d:\\Keil_v5\\ARM\\PACK\\NordicSemiconductor\\nRF_Drivers\\4.0.0-2.alpha\\gpiote\\nrf_drv_gpiote.c 0x00000000   Number         0  nrf_drv_gpiote.o ABSOLUTE
    d:\\Keil_v5\\ARM\\PACK\\NordicSemiconductor\\nRF_Drivers\\4.0.0-2.alpha\\ppi\\nrf_drv_ppi.c 0x00000000   Number         0  nrf_drv_ppi.o ABSOLUTE
    d:\\Keil_v5\\ARM\\PACK\\NordicSemiconductor\\nRF_Drivers\\4.0.0-2.alpha\\timer\\nrf_drv_timer.c 0x00000000   Number         0  nrf_drv_timer.o ABSOLUTE
    dc.s                                     0x00000000   Number         0  dc.o ABSOLUTE
    handlers.s                               0x00000000   Number         0  handlers.o ABSOLUTE
    init.s                                   0x00000000   Number         0  init.o ABSOLUTE
    .ARM.Collect$$$$00000000                 0x00000400   Section        0  entry.o(.ARM.Collect$$$$00000000)
    .ARM.Collect$$$$00000001                 0x00000400   Section        4  entry2.o(.ARM.Collect$$$$00000001)
    .ARM.Collect$$$$00000004                 0x00000404   Section        4  entry5.o(.ARM.Collect$$$$00000004)
    .ARM.Collect$$$$00000008                 0x00000408   Section        0  entry7b.o(.ARM.Collect$$$$00000008)
    .ARM.Collect$$$$0000000A                 0x00000408   Section        0  entry8b.o(.ARM.Collect$$$$0000000A)
    .ARM.Collect$$$$0000000B                 0x00000408   Section        8  entry9a.o(.ARM.Collect$$$$0000000B)
    .ARM.Collect$$$$0000000D                 0x00000410   Section        0  entry10a.o(.ARM.Collect$$$$0000000D)
    .ARM.Collect$$$$0000000F                 0x00000410   Section        0  entry11a.o(.ARM.Collect$$$$0000000F)
    .ARM.Collect$$$$00002712                 0x00000410   Section        4  entry2.o(.ARM.Collect$$$$00002712)
    __lit__00000000                          0x00000410   Data           4  entry2.o(.ARM.Collect$$$$00002712)
    .text                                    0x00000414   Section       36  arm_startup_nrf52.o(.text)
    $v0                                      0x00000414   Number         0  arm_startup_nrf52.o(.text)
    .text                                    0x00000438   Section       36  init.o(.text)
    i.GPIOTE_IRQHandler                      0x0000045c   Section        0  nrf_drv_gpiote.o(i.GPIOTE_IRQHandler)
    i.SystemInit                             0x00000558   Section        0  system_nrf52.o(i.SystemInit)
    i.TIMER0_IRQHandler                      0x000007b4   Section        0  nrf_drv_timer.o(i.TIMER0_IRQHandler)
    i.__scatterload_copy                     0x000007fc   Section       14  handlers.o(i.__scatterload_copy)
    i.__scatterload_null                     0x0000080a   Section        2  handlers.o(i.__scatterload_null)
    i.__scatterload_zeroinit                 0x0000080c   Section       14  handlers.o(i.__scatterload_zeroinit)
    i.app_error_fault_handler                0x0000081c   Section        0  app_error.o(i.app_error_fault_handler)
    i.app_error_handler_bare                 0x00000840   Section        0  app_error.o(i.app_error_handler_bare)
    i.channel_free                           0x00000854   Section        0  nrf_drv_gpiote.o(i.channel_free)
    channel_free                             0x00000855   Thumb Code    22  nrf_drv_gpiote.o(i.channel_free)
    i.channel_port_alloc                     0x00000870   Section        0  nrf_drv_gpiote.o(i.channel_port_alloc)
    channel_port_alloc                       0x00000871   Thumb Code    66  nrf_drv_gpiote.o(i.channel_port_alloc)
    i.channel_port_get                       0x000008b8   Section        0  nrf_drv_gpiote.o(i.channel_port_get)
    channel_port_get                         0x000008b9   Thumb Code    10  nrf_drv_gpiote.o(i.channel_port_get)
    i.critical_region_enter                  0x000008c8   Section        0  app_util_platform.o(i.critical_region_enter)
    i.critical_region_exit                   0x000008d8   Section        0  app_util_platform.o(i.critical_region_exit)
    i.is_allocated_channel                   0x000008ec   Section        0  nrf_drv_ppi.o(i.is_allocated_channel)
    is_allocated_channel                     0x000008ed   Thumb Code    20  nrf_drv_ppi.o(i.is_allocated_channel)
    i.is_programmable_app_channel            0x00000904   Section        0  nrf_drv_ppi.o(i.is_programmable_app_channel)
    is_programmable_app_channel              0x00000905   Thumb Code    12  nrf_drv_ppi.o(i.is_programmable_app_channel)
    i.led_blinking_setup                     0x00000910   Section        0  main.o(i.led_blinking_setup)
    led_blinking_setup                       0x00000911   Thumb Code   104  main.o(i.led_blinking_setup)
    i.main                                   0x00000984   Section        0  main.o(i.main)
    i.nrf_drv_common_irq_enable              0x000009bc   Section        0  nrf_drv_common.o(i.nrf_drv_common_irq_enable)
    i.nrf_drv_gpiote_init                    0x000009f4   Section        0  nrf_drv_gpiote.o(i.nrf_drv_gpiote_init)
    i.nrf_drv_gpiote_out_init                0x00000a48   Section        0  nrf_drv_gpiote.o(i.nrf_drv_gpiote_out_init)
    i.nrf_drv_gpiote_out_task_addr_get       0x00000b00   Section        0  nrf_drv_gpiote.o(i.nrf_drv_gpiote_out_task_addr_get)
    i.nrf_drv_gpiote_out_task_enable         0x00000b14   Section        0  nrf_drv_gpiote.o(i.nrf_drv_gpiote_out_task_enable)
    i.nrf_drv_ppi_channel_alloc              0x00000b48   Section        0  nrf_drv_ppi.o(i.nrf_drv_ppi_channel_alloc)
    i.nrf_drv_ppi_channel_assign             0x00000ba4   Section        0  nrf_drv_ppi.o(i.nrf_drv_ppi_channel_assign)
    i.nrf_drv_ppi_channel_enable             0x00000be0   Section        0  nrf_drv_ppi.o(i.nrf_drv_ppi_channel_enable)
    i.nrf_drv_ppi_init                       0x00000c08   Section        0  nrf_drv_ppi.o(i.nrf_drv_ppi_init)
    i.nrf_drv_timer_compare                  0x00000c20   Section        0  nrf_drv_timer.o(i.nrf_drv_timer_compare)
    i.nrf_drv_timer_enable                   0x00000c44   Section        0  nrf_drv_timer.o(i.nrf_drv_timer_enable)
    i.nrf_drv_timer_extended_compare         0x00000c60   Section        0  nrf_drv_timer.o(i.nrf_drv_timer_extended_compare)
    i.nrf_drv_timer_init                     0x00000c8c   Section        0  nrf_drv_timer.o(i.nrf_drv_timer_init)
    i.nrf_gpio_cfg                           0x00000d2c   Section        0  nrf_drv_gpiote.o(i.nrf_gpio_cfg)
    nrf_gpio_cfg                             0x00000d2d   Thumb Code    34  nrf_drv_gpiote.o(i.nrf_gpio_cfg)
    i.nrf_gpio_cfg_sense_set                 0x00000d4e   Section        0  nrf_drv_gpiote.o(i.nrf_gpio_cfg_sense_set)
    nrf_gpio_cfg_sense_set                   0x00000d4f   Thumb Code    28  nrf_drv_gpiote.o(i.nrf_gpio_cfg_sense_set)
    i.nrf_gpiote_event_clear                 0x00000d6c   Section        0  nrf_drv_gpiote.o(i.nrf_gpiote_event_clear)
    nrf_gpiote_event_clear                   0x00000d6d   Thumb Code    16  nrf_drv_gpiote.o(i.nrf_gpiote_event_clear)
    i.nrf_gpiote_event_is_set                0x00000d80   Section        0  nrf_drv_gpiote.o(i.nrf_gpiote_event_is_set)
    nrf_gpiote_event_is_set                  0x00000d81   Thumb Code    12  nrf_drv_gpiote.o(i.nrf_gpiote_event_is_set)
    i.timer_dummy_handler                    0x00000d90   Section        0  main.o(i.timer_dummy_handler)
    .constdata                               0x00000d94   Section        3  main.o(.constdata)
    .constdata                               0x00000d98   Section        8  nrf_drv_timer.o(.constdata)
    m_default_config                         0x00000d98   Data           8  nrf_drv_timer.o(.constdata)
    .data                                    0x20000000   Section        8  main.o(.data)
    timer                                    0x20000000   Data           8  main.o(.data)
    .data                                    0x20000008   Section        4  system_nrf52.o(.data)
    __tagsym$$used                           0x20000008   Number         0  system_nrf52.o(.data)
    .data                                    0x2000000c   Section        8  nrf_drv_ppi.o(.data)
    m_drv_state                              0x2000000c   Data           1  nrf_drv_ppi.o(.data)
    m_groups_allocated                       0x2000000d   Data           1  nrf_drv_ppi.o(.data)
    m_channels_allocated                     0x20000010   Data           4  nrf_drv_ppi.o(.data)
    .data                                    0x20000014   Section        4  app_util_platform.o(.data)
    m_in_critical_region                     0x20000014   Data           4  app_util_platform.o(.data)
    .bss                                     0x20000018   Section       72  nrf_drv_gpiote.o(.bss)
    m_cb                                     0x20000018   Data          72  nrf_drv_gpiote.o(.bss)
    .bss                                     0x20000060   Section       12  nrf_drv_timer.o(.bss)
    m_cb                                     0x20000060   Data          12  nrf_drv_timer.o(.bss)
    STACK                                    0x20000070   Section     8192  arm_startup_nrf52.o(STACK)

    Global Symbols

    Symbol Name                              Value     Ov Type        Size  Object(Section)

    BuildAttributes$$THM_ISAv4$E$P$D$K$B$S$7EM$VFPi3$EXTD16$VFPS$VFMA$PE$A:L22UL41UL21$X:L11$S22US41US21$IEEE1$IW$USESV6$~STKCKD$USESV7$~SHL$OSPACE$EBA8$MICROLIB$REQ8$PRES8$EABIv2 0x00000000   Number         0  anon$$obj.o ABSOLUTE
    __ARM_use_no_argv                        0x00000000   Number         0  main.o ABSOLUTE
    __Vectors                                0x00000000   Data           4  arm_startup_nrf52.o(RESET)
    __cpp_initialize__aeabi_                  - Undefined Weak Reference
    __cxa_finalize                            - Undefined Weak Reference
    __decompress                              - Undefined Weak Reference
    _clock_init                               - Undefined Weak Reference
    _microlib_exit                            - Undefined Weak Reference
    __Vectors_End                            0x00000400   Data           0  arm_startup_nrf52.o(RESET)
    __Vectors_Size                           0x00000400   Number         0  arm_startup_nrf52.o ABSOLUTE
    __main                                   0x00000401   Thumb Code     0  entry.o(.ARM.Collect$$$$00000000)
    _main_stk                                0x00000401   Thumb Code     0  entry2.o(.ARM.Collect$$$$00000001)
    _main_scatterload                        0x00000405   Thumb Code     0  entry5.o(.ARM.Collect$$$$00000004)
    __main_after_scatterload                 0x00000409   Thumb Code     0  entry5.o(.ARM.Collect$$$$00000004)
    _main_clock                              0x00000409   Thumb Code     0  entry7b.o(.ARM.Collect$$$$00000008)
    _main_cpp_init                           0x00000409   Thumb Code     0  entry8b.o(.ARM.Collect$$$$0000000A)
    _main_init                               0x00000409   Thumb Code     0  entry9a.o(.ARM.Collect$$$$0000000B)
    __rt_final_cpp                           0x00000411   Thumb Code     0  entry10a.o(.ARM.Collect$$$$0000000D)
    __rt_final_exit                          0x00000411   Thumb Code     0  entry11a.o(.ARM.Collect$$$$0000000F)
    Reset_Handler                            0x00000415   Thumb Code     8  arm_startup_nrf52.o(.text)
    NMI_Handler                              0x0000041d   Thumb Code     2  arm_startup_nrf52.o(.text)
    HardFault_Handler                        0x0000041f   Thumb Code     2  arm_startup_nrf52.o(.text)
    MemoryManagement_Handler                 0x00000421   Thumb Code     2  arm_startup_nrf52.o(.text)
    BusFault_Handler                         0x00000423   Thumb Code     2  arm_startup_nrf52.o(.text)
    UsageFault_Handler                       0x00000425   Thumb Code     2  arm_startup_nrf52.o(.text)
    SVC_Handler                              0x00000427   Thumb Code     2  arm_startup_nrf52.o(.text)
    PendSV_Handler                           0x00000429   Thumb Code     2  arm_startup_nrf52.o(.text)
    SysTick_Handler                          0x0000042b   Thumb Code     2  arm_startup_nrf52.o(.text)
    CCM_AAR_IRQHandler                       0x0000042d   Thumb Code     0  arm_startup_nrf52.o(.text)
    COMP_LPCOMP_IRQHandler                   0x0000042d   Thumb Code     0  arm_startup_nrf52.o(.text)
    ECB_IRQHandler                           0x0000042d   Thumb Code     0  arm_startup_nrf52.o(.text)
    I2S_IRQHandler                           0x0000042d   Thumb Code     0  arm_startup_nrf52.o(.text)
    MWU_IRQHandler                           0x0000042d   Thumb Code     0  arm_startup_nrf52.o(.text)
    NFCT_IRQHandler                          0x0000042d   Thumb Code     0  arm_startup_nrf52.o(.text)
    PDM_IRQHandler                           0x0000042d   Thumb Code     0  arm_startup_nrf52.o(.text)
    POWER_CLOCK_IRQHandler                   0x0000042d   Thumb Code     0  arm_startup_nrf52.o(.text)
    PWM0_IRQHandler                          0x0000042d   Thumb Code     0  arm_startup_nrf52.o(.text)
    PWM1_IRQHandler                          0x0000042d   Thumb Code     0  arm_startup_nrf52.o(.text)
    PWM2_IRQHandler                          0x0000042d   Thumb Code     0  arm_startup_nrf52.o(.text)
    QDEC_IRQHandler                          0x0000042d   Thumb Code     0  arm_startup_nrf52.o(.text)
    RADIO_IRQHandler                         0x0000042d   Thumb Code     0  arm_startup_nrf52.o(.text)
    RNG_IRQHandler                           0x0000042d   Thumb Code     0  arm_startup_nrf52.o(.text)
    RTC0_IRQHandler                          0x0000042d   Thumb Code     0  arm_startup_nrf52.o(.text)
    RTC1_IRQHandler                          0x0000042d   Thumb Code     0  arm_startup_nrf52.o(.text)
    RTC2_IRQHandler                          0x0000042d   Thumb Code     0  arm_startup_nrf52.o(.text)
    SAADC_IRQHandler                         0x0000042d   Thumb Code     0  arm_startup_nrf52.o(.text)
    SPIM0_SPIS0_TWIM0_TWIS0_SPI0_TWI0_IRQHandler 0x0000042d   Thumb Code     0  arm_startup_nrf52.o(.text)
    SPIM1_SPIS1_TWIM1_TWIS1_SPI1_TWI1_IRQHandler 0x0000042d   Thumb Code     0  arm_startup_nrf52.o(.text)
    SPIM2_SPIS2_SPI2_IRQHandler              0x0000042d   Thumb Code     0  arm_startup_nrf52.o(.text)
    SWI0_EGU0_IRQHandler                     0x0000042d   Thumb Code     0  arm_startup_nrf52.o(.text)
    SWI1_EGU1_IRQHandler                     0x0000042d   Thumb Code     0  arm_startup_nrf52.o(.text)
    SWI2_EGU2_IRQHandler                     0x0000042d   Thumb Code     0  arm_startup_nrf52.o(.text)
    SWI3_EGU3_IRQHandler                     0x0000042d   Thumb Code     0  arm_startup_nrf52.o(.text)
    SWI4_EGU4_IRQHandler                     0x0000042d   Thumb Code     0  arm_startup_nrf52.o(.text)
    SWI5_EGU5_IRQHandler                     0x0000042d   Thumb Code     0  arm_startup_nrf52.o(.text)
    TEMP_IRQHandler                          0x0000042d   Thumb Code     0  arm_startup_nrf52.o(.text)
    TIMER1_IRQHandler                        0x0000042d   Thumb Code     0  arm_startup_nrf52.o(.text)
    TIMER2_IRQHandler                        0x0000042d   Thumb Code     0  arm_startup_nrf52.o(.text)
    TIMER3_IRQHandler                        0x0000042d   Thumb Code     0  arm_startup_nrf52.o(.text)
    TIMER4_IRQHandler                        0x0000042d   Thumb Code     0  arm_startup_nrf52.o(.text)
    UARTE0_UART0_IRQHandler                  0x0000042d   Thumb Code     0  arm_startup_nrf52.o(.text)
    WDT_IRQHandler                           0x0000042d   Thumb Code     0  arm_startup_nrf52.o(.text)
    __scatterload                            0x00000439   Thumb Code    28  init.o(.text)
    __scatterload_rt2                        0x00000439   Thumb Code     0  init.o(.text)
    GPIOTE_IRQHandler                        0x0000045d   Thumb Code   238  nrf_drv_gpiote.o(i.GPIOTE_IRQHandler)
    SystemInit                               0x00000559   Thumb Code   562  system_nrf52.o(i.SystemInit)
    TIMER0_IRQHandler                        0x000007b5   Thumb Code    64  nrf_drv_timer.o(i.TIMER0_IRQHandler)
    __scatterload_copy                       0x000007fd   Thumb Code    14  handlers.o(i.__scatterload_copy)
    __scatterload_null                       0x0000080b   Thumb Code     2  handlers.o(i.__scatterload_null)
    __scatterload_zeroinit                   0x0000080d   Thumb Code    14  handlers.o(i.__scatterload_zeroinit)
    app_error_fault_handler                  0x0000081d   Thumb Code    26  app_error.o(i.app_error_fault_handler)
    app_error_handler_bare                   0x00000841   Thumb Code    20  app_error.o(i.app_error_handler_bare)
    critical_region_enter                    0x000008c9   Thumb Code    12  app_util_platform.o(i.critical_region_enter)
    critical_region_exit                     0x000008d9   Thumb Code    14  app_util_platform.o(i.critical_region_exit)
    main                                     0x00000985   Thumb Code    48  main.o(i.main)
    nrf_drv_common_irq_enable                0x000009bd   Thumb Code    56  nrf_drv_common.o(i.nrf_drv_common_irq_enable)
    nrf_drv_gpiote_init                      0x000009f5   Thumb Code    76  nrf_drv_gpiote.o(i.nrf_drv_gpiote_init)
    nrf_drv_gpiote_out_init                  0x00000a49   Thumb Code   166  nrf_drv_gpiote.o(i.nrf_drv_gpiote_out_init)
    nrf_drv_gpiote_out_task_addr_get         0x00000b01   Thumb Code    16  nrf_drv_gpiote.o(i.nrf_drv_gpiote_out_task_addr_get)
    nrf_drv_gpiote_out_task_enable           0x00000b15   Thumb Code    44  nrf_drv_gpiote.o(i.nrf_drv_gpiote_out_task_enable)
    nrf_drv_ppi_channel_alloc                0x00000b49   Thumb Code    82  nrf_drv_ppi.o(i.nrf_drv_ppi_channel_alloc)
    nrf_drv_ppi_channel_assign               0x00000ba5   Thumb Code    56  nrf_drv_ppi.o(i.nrf_drv_ppi_channel_assign)
    nrf_drv_ppi_channel_enable               0x00000be1   Thumb Code    34  nrf_drv_ppi.o(i.nrf_drv_ppi_channel_enable)
    nrf_drv_ppi_init                         0x00000c09   Thumb Code    18  nrf_drv_ppi.o(i.nrf_drv_ppi_init)
    nrf_drv_timer_compare                    0x00000c21   Thumb Code    34  nrf_drv_timer.o(i.nrf_drv_timer_compare)
    nrf_drv_timer_enable                     0x00000c45   Thumb Code    24  nrf_drv_timer.o(i.nrf_drv_timer_enable)
    nrf_drv_timer_extended_compare           0x00000c61   Thumb Code    42  nrf_drv_timer.o(i.nrf_drv_timer_extended_compare)
    nrf_drv_timer_init                       0x00000c8d   Thumb Code   150  nrf_drv_timer.o(i.nrf_drv_timer_init)
    timer_dummy_handler                      0x00000d91   Thumb Code     2  main.o(i.timer_dummy_handler)
    Region$$Table$$Base                      0x00000da0   Number         0  anon$$obj.o(Region$$Table)
    Region$$Table$$Limit                     0x00000dc0   Number         0  anon$$obj.o(Region$$Table)
    SystemCoreClock                          0x20000008   Data           4  system_nrf52.o(.data)
    __initial_sp                             0x20002070   Data           0  arm_startup_nrf52.o(STACK)



==============================================================================

Memory Map of the image

  Image Entry point : 0x00000401

  Load Region LR_IROM1 (Base: 0x00000000, Size: 0x00000dd8, Max: 0x00080000, ABSOLUTE)

    Execution Region ER_IROM1 (Base: 0x00000000, Size: 0x00000dc0, Max: 0x00080000, ABSOLUTE)

    Base Addr    Size         Type   Attr      Idx    E Section Name        Object

    0x00000000   0x00000400   Data   RO          146    RESET               arm_startup_nrf52.o
    0x00000400   0x00000000   Code   RO          810  * .ARM.Collect$$$$00000000  mc_w.l(entry.o)
    0x00000400   0x00000004   Code   RO          813    .ARM.Collect$$$$00000001  mc_w.l(entry2.o)
    0x00000404   0x00000004   Code   RO          816    .ARM.Collect$$$$00000004  mc_w.l(entry5.o)
    0x00000408   0x00000000   Code   RO          818    .ARM.Collect$$$$00000008  mc_w.l(entry7b.o)
    0x00000408   0x00000000   Code   RO          820    .ARM.Collect$$$$0000000A  mc_w.l(entry8b.o)
    0x00000408   0x00000008   Code   RO          821    .ARM.Collect$$$$0000000B  mc_w.l(entry9a.o)
    0x00000410   0x00000000   Code   RO          823    .ARM.Collect$$$$0000000D  mc_w.l(entry10a.o)
    0x00000410   0x00000000   Code   RO          825    .ARM.Collect$$$$0000000F  mc_w.l(entry11a.o)
    0x00000410   0x00000004   Code   RO          814    .ARM.Collect$$$$00002712  mc_w.l(entry2.o)
    0x00000414   0x00000024   Code   RO          147    .text               arm_startup_nrf52.o
    0x00000438   0x00000024   Code   RO          827    .text               mc_w.l(init.o)
    0x0000045c   0x000000fc   Code   RO          228    i.GPIOTE_IRQHandler  nrf_drv_gpiote.o
    0x00000558   0x0000025c   Code   RO          155    i.SystemInit        system_nrf52.o
    0x000007b4   0x00000048   Code   RO          576    i.TIMER0_IRQHandler  nrf_drv_timer.o
    0x000007fc   0x0000000e   Code   RO          831    i.__scatterload_copy  mc_w.l(handlers.o)
    0x0000080a   0x00000002   Code   RO          832    i.__scatterload_null  mc_w.l(handlers.o)
    0x0000080c   0x0000000e   Code   RO          833    i.__scatterload_zeroinit  mc_w.l(handlers.o)
    0x0000081a   0x00000002   PAD
    0x0000081c   0x00000024   Code   RO          693    i.app_error_fault_handler  app_error.o
    0x00000840   0x00000014   Code   RO          695    i.app_error_handler_bare  app_error.o
    0x00000854   0x0000001c   Code   RO          229    i.channel_free      nrf_drv_gpiote.o
    0x00000870   0x00000048   Code   RO          230    i.channel_port_alloc  nrf_drv_gpiote.o
    0x000008b8   0x00000010   Code   RO          231    i.channel_port_get  nrf_drv_gpiote.o
    0x000008c8   0x00000010   Code   RO          750    i.critical_region_enter  app_util_platform.o
    0x000008d8   0x00000014   Code   RO          751    i.critical_region_exit  app_util_platform.o
    0x000008ec   0x00000018   Code   RO          427    i.is_allocated_channel  nrf_drv_ppi.o
    0x00000904   0x0000000c   Code   RO          430    i.is_programmable_app_channel  nrf_drv_ppi.o
    0x00000910   0x00000074   Code   RO            4    i.led_blinking_setup  main.o
    0x00000984   0x00000038   Code   RO            5    i.main              main.o
    0x000009bc   0x00000038   Code   RO          194    i.nrf_drv_common_irq_enable  nrf_drv_common.o
    0x000009f4   0x00000054   Code   RO          238    i.nrf_drv_gpiote_init  nrf_drv_gpiote.o
    0x00000a48   0x000000b8   Code   RO          241    i.nrf_drv_gpiote_out_init  nrf_drv_gpiote.o
    0x00000b00   0x00000014   Code   RO          243    i.nrf_drv_gpiote_out_task_addr_get  nrf_drv_gpiote.o
    0x00000b14   0x00000034   Code   RO          245    i.nrf_drv_gpiote_out_task_enable  nrf_drv_gpiote.o
    0x00000b48   0x0000005c   Code   RO          431    i.nrf_drv_ppi_channel_alloc  nrf_drv_ppi.o
    0x00000ba4   0x0000003c   Code   RO          432    i.nrf_drv_ppi_channel_assign  nrf_drv_ppi.o
    0x00000be0   0x00000028   Code   RO          434    i.nrf_drv_ppi_channel_enable  nrf_drv_ppi.o
    0x00000c08   0x00000018   Code   RO          443    i.nrf_drv_ppi_init  nrf_drv_ppi.o
    0x00000c20   0x00000022   Code   RO          579    i.nrf_drv_timer_compare  nrf_drv_timer.o
    0x00000c42   0x00000002   PAD
    0x00000c44   0x0000001c   Code   RO          583    i.nrf_drv_timer_enable  nrf_drv_timer.o
    0x00000c60   0x0000002a   Code   RO          584    i.nrf_drv_timer_extended_compare  nrf_drv_timer.o
    0x00000c8a   0x00000002   PAD
    0x00000c8c   0x000000a0   Code   RO          586    i.nrf_drv_timer_init  nrf_drv_timer.o
    0x00000d2c   0x00000022   Code   RO          251    i.nrf_gpio_cfg      nrf_drv_gpiote.o
    0x00000d4e   0x0000001c   Code   RO          253    i.nrf_gpio_cfg_sense_set  nrf_drv_gpiote.o
    0x00000d6a   0x00000002   PAD
    0x00000d6c   0x00000014   Code   RO          254    i.nrf_gpiote_event_clear  nrf_drv_gpiote.o
    0x00000d80   0x00000010   Code   RO          255    i.nrf_gpiote_event_is_set  nrf_drv_gpiote.o
    0x00000d90   0x00000002   Code   RO            6    i.timer_dummy_handler  main.o
    0x00000d92   0x00000002   PAD
    0x00000d94   0x00000003   Data   RO            7    .constdata          main.o
    0x00000d97   0x00000001   PAD
    0x00000d98   0x00000008   Data   RO          591    .constdata          nrf_drv_timer.o
    0x00000da0   0x00000020   Data   RO          829    Region$$Table       anon$$obj.o


    Execution Region RW_IRAM1 (Base: 0x20000000, Size: 0x00002070, Max: 0x00008000, ABSOLUTE)

    Base Addr    Size         Type   Attr      Idx    E Section Name        Object

    0x20000000   0x00000008   Data   RW            8    .data               main.o
    0x20000008   0x00000004   Data   RW          156    .data               system_nrf52.o
    0x2000000c   0x00000008   Data   RW          445    .data               nrf_drv_ppi.o
    0x20000014   0x00000004   Data   RW          752    .data               app_util_platform.o
    0x20000018   0x00000048   Zero   RW          258    .bss                nrf_drv_gpiote.o
    0x20000060   0x0000000c   Zero   RW          590    .bss                nrf_drv_timer.o
    0x2000006c   0x00000004   PAD
    0x20000070   0x00002000   Zero   RW          144    STACK               arm_startup_nrf52.o


==============================================================================

Image component sizes


      Code (inc. data)   RO Data    RW Data    ZI Data      Debug   Object Name

        56         10          0          0          0       2755   app_error.o
        36         10          0          4          0       1347   app_util_platform.o
        36         10       1024          0       8192        836   arm_startup_nrf52.o
       174         20          3          8          0      56597   main.o
        56          0          0          0          0      28815   nrf_drv_common.o
       806         78          0          0         72      20592   nrf_drv_gpiote.o
       252         30          0          8          0      11101   nrf_drv_ppi.o
       336         22          8          0         12      14639   nrf_drv_timer.o
       604         42          0          4          0      28918   system_nrf52.o

    ----------------------------------------------------------------------
      2364        222       1068         24       8280     165600   Object Totals
         0          0         32          0          0          0   (incl. Generated)
         8          0          1          0          4          0   (incl. Padding)

    ----------------------------------------------------------------------

      Code (inc. data)   RO Data    RW Data    ZI Data      Debug   Library Member Name

         0          0          0          0          0          0   entry.o
         0          0          0          0          0          0   entry10a.o
         0          0          0          0          0          0   entry11a.o
         8          4          0          0          0          0   entry2.o
         4          0          0          0          0          0   entry5.o
         0          0          0          0          0          0   entry7b.o
         0          0          0          0          0          0   entry8b.o
         8          4          0          0          0          0   entry9a.o
        30          0          0          0          0          0   handlers.o
        36          8          0          0          0         68   init.o

    ----------------------------------------------------------------------
        88         16          0          0          0         68   Library Totals
         2          0          0          0          0          0   (incl. Padding)

    ----------------------------------------------------------------------

      Code (inc. data)   RO Data    RW Data    ZI Data      Debug   Library Name

        86         16          0          0          0         68   mc_w.l

    ----------------------------------------------------------------------
        88         16          0          0          0         68   Library Totals

    ----------------------------------------------------------------------

==============================================================================


      Code (inc. data)   RO Data    RW Data    ZI Data      Debug   

      2452        238       1068         24       8280     163172   Grand Totals
      2452        238       1068         24       8280     163172   ELF Image Totals
      2452        238       1068         24          0          0   ROM Totals

==============================================================================

    Total RO  Size (Code + RO Data)                 3520 (   3.44kB)
    Total RW  Size (RW Data + ZI Data)              8304 (   8.11kB)
    Total ROM Size (Code + RO Data + RW Data)       3544 (   3.46kB)

==============================================================================

