<html>
<body>
<pre>
<h1>µVision Build Log</h1>
<h2>Tool Versions:</h2>
IDE-Version: ¦ÌVision V5.17.0.0
Copyright (C) 2015 ARM Ltd and ARM Germany GmbH. All rights reserved.
License Information: h s, f, LIC=IK1CX-HSUZF-12PLE-5XG4Q-GD9AH-WXK8G
 
Tool Versions:
Toolchain:       MDK-ARM Standard  Version: 5.17
Toolchain Path:  d:\Keil_v5\ARM\ARMCC\Bin
C Compiler:      Armcc.exe V5.06 update 1 (build 61)
Assembler:       Armasm.exe V5.06 update 1 (build 61)
Linker/Locator:  ArmLink.exe V5.06 update 1 (build 61)
Library Manager: ArmAr.exe V5.06 update 1 (build 61)
Hex Converter:   FromElf.exe V5.06 update 1 (build 61)
CPU DLL:         
Dialog DLL:      
Target DLL:      Segger\JL2CM3.dll V2.99.16.0
Dialog DLL:      TCM.DLL V1.14.6.0
 
<h2>Project:</h2>
E:\projects\HeartRate\nrf52832demo\peripheral\simple_timer\pca10040\arm5\simple_timer_pca10040.uvprojx
Project File Date:  12/18/2015

<h2>Output:</h2>
*** Using Compiler 'V5.06 update 1 (build 61)', folder: 'd:\Keil_v5\ARM\ARMCC\Bin'
Build target 'nrf52832_xxaa'
compiling main.c...
compiling bsp.c...
assembling arm_startup_nrf52.s...
compiling system_nrf52.c...
compiling nrf_soc.c...
compiling nrf_drv_common.c...
compiling nrf_delay.c...
compiling nrf_drv_gpiote.c...
compiling nrf_drv_timer.c...
compiling app_button.c...
compiling app_error.c...
compiling app_simple_timer.c...
compiling app_timer.c...
compiling app_util_platform.c...
compiling nrf_assert.c...
linking...
Program Size: Code=3544 RO-data=1072 RW-data=60 ZI-data=8292  
FromELF: creating hex file...
".\_build\nrf52832_xxaa.axf" - 0 Error(s), 0 Warning(s).

<h2>Software Packages used:</h2>

Package Vendor: ARM
                http://www.keil.com/pack/ARM.CMSIS.4.5.0.pack
                ARM::CMSIS:CORE:4.3.0
                CMSIS (Cortex Microcontroller Software Interface Standard)
   * Component: CORE Version: 4.3.0

Package Vendor: NordicSemiconductor
                http://developer.nordicsemi.com/nRF51_SDK/pieces/nRF_DeviceFamilyPack/NordicSemiconductor.nRF_DeviceFamilyPack.8.3.1.pack
                NordicSemiconductor::Device:Startup:8.3.1
                Nordic Semiconductor nRF ARM devices Device Family Pack.
   * Component: Startup Version: 8.3.1

Package Vendor: NordicSemiconductor
                http://developer.nordicsemi.com/nRF51_SDK/pieces/nRF_Drivers/NordicSemiconductor.nRF_Drivers.4.0.0-2.alpha.pack
                NordicSemiconductor::nRF_Drivers:nrf_delay:4.0.0-2.alpha
                Drivers for Nordic Semiconductor nRF family.
   * Component: nrf_delay Version: 4.0.0-2.alpha
   * Component: nrf_gpio Version: 4.0.0-2.alpha
   * Component: nrf_gpiote Version: 4.0.0-2.alpha
   * Component: nrf_error Variant: No_softdevice Version: 4.0.0-2.alpha
   * Component: nrf_timer Version: 4.0.0-2.alpha
   * Component: nrf_drv_timer Version: 4.0.0-2.alpha
   * Component: nrf_soc Variant: No_softdevice Version: 4.0.0-2.alpha
   * Component: nrf_drv_gpiote Version: 4.0.0-2.alpha
   * Component: nrf_drv_common Version: 4.0.0-2.alpha

Package Vendor: NordicSemiconductor
                http://developer.nordicsemi.com/nRF51_SDK/pieces/nRF_Examples/NordicSemiconductor.nRF_Examples.11.0.0-2.alpha.pack
                NordicSemiconductor::Board Support:bsp:default:11.0.0-2.alpha
                Examples and BSP for Nordic Semiconductor nRF family.
   * Component: bsp Variant: default Version: 11.0.0-2.alpha

Package Vendor: NordicSemiconductor
                http://developer.nordicsemi.com/nRF51_SDK/pieces/nRF_Libraries/NordicSemiconductor.nRF_Libraries.4.0.0-2.alpha.pack
                NordicSemiconductor::nRF_Libraries:app_button:4.0.0-2.alpha
                Software modules for Nordic Semiconductor nRF family.
   * Component: app_button Version: 4.0.0-2.alpha
   * Component: app_error Version: 4.0.0-2.alpha
   * Component: app_simple_timer Version: 4.0.0-2.alpha
   * Component: nrf_assert Version: 4.0.0-2.alpha
   * Component: app_util Variant: No_softdevice Version: 4.0.0-2.alpha
   * Component: nordic_common Version: 4.0.0-2.alpha
   * Component: app_timer Variant: default Version: 4.0.0-2.alpha

<h2>Collection of Component include folders:</h2>
  E:\projects\HeartRate\nrf52832demo\peripheral\simple_timer\pca10040\arm5\RTE
  E:\projects\HeartRate\nrf52832demo\peripheral\simple_timer\pca10040\arm5\RTE\nRF_Drivers\nRF52832_xxAA
  E:\projects\HeartRate\nrf52832demo\peripheral\simple_timer\pca10040\arm5\RTE\nRF_Libraries\nRF52832_xxAA
  d:\Keil_v5\ARM\PACK\ARM\CMSIS\4.5.0\CMSIS\Include
  d:\Keil_v5\ARM\PACK\NordicSemiconductor\nRF_DeviceFamilyPack\8.13.0\Device\Include
  d:\Keil_v5\ARM\PACK\NordicSemiconductor\nRF_DeviceFamilyPack\8.3.1\Device\Include
  d:\Keil_v5\ARM\PACK\NordicSemiconductor\nRF_Drivers\4.0.0-2.alpha\common
  d:\Keil_v5\ARM\PACK\NordicSemiconductor\nRF_Drivers\4.0.0-2.alpha\config
  d:\Keil_v5\ARM\PACK\NordicSemiconductor\nRF_Drivers\4.0.0-2.alpha\delay
  d:\Keil_v5\ARM\PACK\NordicSemiconductor\nRF_Drivers\4.0.0-2.alpha\gpiote
  d:\Keil_v5\ARM\PACK\NordicSemiconductor\nRF_Drivers\4.0.0-2.alpha\hal
  d:\Keil_v5\ARM\PACK\NordicSemiconductor\nRF_Drivers\4.0.0-2.alpha\nrf_soc_nosd
  d:\Keil_v5\ARM\PACK\NordicSemiconductor\nRF_Drivers\4.0.0-2.alpha\timer
  d:\Keil_v5\ARM\PACK\NordicSemiconductor\nRF_Examples\11.0.0-2.alpha\bsp
  d:\Keil_v5\ARM\PACK\NordicSemiconductor\nRF_Libraries\4.0.0-2.alpha\button
  d:\Keil_v5\ARM\PACK\NordicSemiconductor\nRF_Libraries\4.0.0-2.alpha\simple_timer
  d:\Keil_v5\ARM\PACK\NordicSemiconductor\nRF_Libraries\4.0.0-2.alpha\timer
  d:\Keil_v5\ARM\PACK\NordicSemiconductor\nRF_Libraries\4.0.0-2.alpha\util

<h2>Collection of Component Files used:</h2>

   * Component: ARM::CMSIS:CORE:4.3.0

   * Component: NordicSemiconductor::Device:Startup:8.3.1
      Source file:   Device\Source\arm\arm_startup_nrf52.s
      Source file:   Device\Source\system_nrf52.c
      Include file:  Device\Include\system_nrf52.h

   * Component: NordicSemiconductor::nRF_Drivers:nrf_delay:4.0.0-2.alpha
      Source file:   delay\nrf_delay.c
      Include file:  delay\nrf_delay.h

   * Component: NordicSemiconductor::nRF_Drivers:nrf_gpio:4.0.0-2.alpha
      Include file:  hal\nrf_gpio.h

   * Component: NordicSemiconductor::nRF_Drivers:nrf_gpiote:4.0.0-2.alpha
      Include file:  hal\nrf_gpiote.h

   * Component: NordicSemiconductor::nRF_Drivers:nrf_error:No_softdevice:4.0.0-2.alpha

   * Component: NordicSemiconductor::nRF_Drivers:nrf_timer:4.0.0-2.alpha
      Include file:  hal\nrf_timer.h

   * Component: NordicSemiconductor::nRF_Drivers:nrf_drv_timer:4.0.0-2.alpha
      Source file:   timer\nrf_drv_timer.c
      Include file:  timer\nrf_drv_timer.h
      Include file:  config\nrf_drv_config.h

   * Component: NordicSemiconductor::nRF_Drivers:nrf_soc:No_softdevice:4.0.0-2.alpha
      Source file:   nrf_soc_nosd\nrf_soc.c

   * Component: NordicSemiconductor::nRF_Drivers:nrf_drv_gpiote:4.0.0-2.alpha
      Source file:   gpiote\nrf_drv_gpiote.c
      Include file:  gpiote\nrf_drv_gpiote.h
      Include file:  config\nrf_drv_config.h

   * Component: NordicSemiconductor::nRF_Drivers:nrf_drv_common:4.0.0-2.alpha
      Source file:   common\nrf_drv_common.c
      Include file:  common\nrf_drv_common.h
      Include file:  config\nrf_drv_config.h

   * Component: NordicSemiconductor::Board Support:bsp:default:11.0.0-2.alpha
      Source file:   bsp\bsp.c

   * Component: NordicSemiconductor::nRF_Libraries:app_button:4.0.0-2.alpha
      Source file:   button\app_button.c
      Include file:  button\app_button.h

   * Component: NordicSemiconductor::nRF_Libraries:app_error:4.0.0-2.alpha
      Source file:   util\app_error.c
      Include file:  util\app_error.h

   * Component: NordicSemiconductor::nRF_Libraries:app_simple_timer:4.0.0-2.alpha
      Source file:   simple_timer\app_simple_timer.c
      Include file:  simple_timer\app_simple_timer.h

   * Component: NordicSemiconductor::nRF_Libraries:nrf_assert:4.0.0-2.alpha
      Source file:   util\nrf_assert.c
      Include file:  util\nrf_assert.h

   * Component: NordicSemiconductor::nRF_Libraries:app_util:No_softdevice:4.0.0-2.alpha
      Source file:   util\app_util_platform.c

   * Component: NordicSemiconductor::nRF_Libraries:nordic_common:4.0.0-2.alpha

   * Component: NordicSemiconductor::nRF_Libraries:app_timer:default:4.0.0-2.alpha
      Source file:   timer\app_timer.c
      Include file:  timer\app_timer.h
Build Time Elapsed:  00:00:10
</pre>
</body>
</html>
