Component: ARM Compiler 5.06 update 1 (build 61) Tool: armlink [4d35a8]

==============================================================================

Section Cross References

    main.o(i.app_error_fault_handler) refers to nrf_delay.o(i.nrf_delay_ms) for nrf_delay_ms
    main.o(i.led_and_timer_control) refers to app_simple_timer.o(i.app_simple_timer_start) for app_simple_timer_start
    main.o(i.led_and_timer_control) refers to app_error.o(i.app_error_handler_bare) for app_error_handler_bare
    main.o(i.led_and_timer_control) refers to main.o(.data) for .data
    main.o(i.led_and_timer_control) refers to main.o(i.timeout_handler) for timeout_handler
    main.o(i.main) refers to app_simple_timer.o(i.app_simple_timer_init) for app_simple_timer_init
    main.o(i.main) refers to app_error.o(i.app_error_handler_bare) for app_error_handler_bare
    main.o(i.main) refers to nrf_delay.o(i.nrf_delay_ms) for nrf_delay_ms
    main.o(i.main) refers to main.o(i.state_machine_state_change) for state_machine_state_change
    main.o(i.state_machine_state_change) refers to app_error.o(i.app_error_handler_bare) for app_error_handler_bare
    main.o(i.state_machine_state_change) refers to main.o(i.led_and_timer_control) for led_and_timer_control
    main.o(i.state_machine_state_change) refers to main.o(.data) for .data
    main.o(i.timeout_handler) refers to app_simple_timer.o(i.app_simple_timer_start) for app_simple_timer_start
    main.o(i.timeout_handler) refers to app_error.o(i.app_error_handler_bare) for app_error_handler_bare
    main.o(i.timeout_handler) refers to app_simple_timer.o(i.app_simple_timer_stop) for app_simple_timer_stop
    main.o(i.timeout_handler) refers to nrf_delay.o(i.nrf_delay_ms) for nrf_delay_ms
    main.o(i.timeout_handler) refers to main.o(i.state_machine_state_change) for state_machine_state_change
    main.o(i.timeout_handler) refers to main.o(.data) for .data
    bsp.o(i.bsp_button_event_handler) refers to app_timer.o(i.app_timer_start) for app_timer_start
    bsp.o(i.bsp_button_event_handler) refers to app_timer.o(i.app_timer_stop) for app_timer_stop
    bsp.o(i.bsp_button_event_handler) refers to bsp.o(.constdata) for .constdata
    bsp.o(i.bsp_button_event_handler) refers to bsp.o(.data) for .data
    bsp.o(i.bsp_button_event_handler) refers to bsp.o(.bss) for .bss
    bsp.o(i.bsp_button_is_pressed) refers to bsp.o(.constdata) for .constdata
    bsp.o(i.bsp_buttons_disable) refers to app_button.o(i.app_button_disable) for app_button_disable
    bsp.o(i.bsp_buttons_enable) refers to app_button.o(i.app_button_enable) for app_button_enable
    bsp.o(i.bsp_buttons_state_get) refers to bsp.o(.constdata) for .constdata
    bsp.o(i.bsp_event_to_button_action_assign) refers to bsp.o(.bss) for .bss
    bsp.o(i.bsp_indication_set) refers to bsp.o(i.bsp_led_indication) for bsp_led_indication
    bsp.o(i.bsp_indication_set) refers to bsp.o(.data) for .data
    bsp.o(i.bsp_indication_text_set) refers to bsp.o(i.bsp_indication_set) for bsp_indication_set
    bsp.o(i.bsp_init) refers to bsp.o(i.bsp_event_to_button_action_assign) for bsp_event_to_button_action_assign
    bsp.o(i.bsp_init) refers to app_button.o(i.app_button_init) for app_button_init
    bsp.o(i.bsp_init) refers to app_button.o(i.app_button_enable) for app_button_enable
    bsp.o(i.bsp_init) refers to app_timer.o(i.app_timer_create) for app_timer_create
    bsp.o(i.bsp_init) refers to bsp.o(.data) for .data
    bsp.o(i.bsp_init) refers to bsp.o(.constdata) for .constdata
    bsp.o(i.bsp_init) refers to bsp.o(i.button_timer_handler) for button_timer_handler
    bsp.o(i.bsp_init) refers to bsp.o(i.leds_timer_handler) for leds_timer_handler
    bsp.o(i.bsp_init) refers to bsp.o(i.alert_timer_handler) for alert_timer_handler
    bsp.o(i.bsp_led_indication) refers to app_timer.o(i.app_timer_start) for app_timer_start
    bsp.o(i.bsp_led_indication) refers to app_timer.o(i.app_timer_stop) for app_timer_stop
    bsp.o(i.bsp_led_indication) refers to bsp.o(.data) for .data
    bsp.o(i.bsp_led_indication) refers to bsp.o(.constdata) for .constdata
    bsp.o(i.bsp_wakeup_buttons_set) refers to bsp.o(.constdata) for .constdata
    bsp.o(i.button_timer_handler) refers to bsp.o(i.bsp_button_event_handler) for bsp_button_event_handler
    bsp.o(i.leds_timer_handler) refers to bsp.o(i.bsp_led_indication) for bsp_led_indication
    bsp.o(i.leds_timer_handler) refers to bsp.o(.data) for .data
    bsp.o(.constdata) refers to bsp.o(.bss) for m_leds_timer_id_data
    bsp.o(.constdata) refers to bsp.o(.bss) for m_alert_timer_id_data
    bsp.o(.constdata) refers to bsp.o(.bss) for m_button_timer_id_data
    bsp.o(.constdata) refers to bsp.o(i.bsp_button_event_handler) for bsp_button_event_handler
    arm_startup_nrf52.o(RESET) refers to arm_startup_nrf52.o(STACK) for __initial_sp
    arm_startup_nrf52.o(RESET) refers to arm_startup_nrf52.o(.text) for Reset_Handler
    arm_startup_nrf52.o(RESET) refers to nrf_drv_gpiote.o(i.GPIOTE_IRQHandler) for GPIOTE_IRQHandler
    arm_startup_nrf52.o(RESET) refers to nrf_drv_timer.o(i.TIMER1_IRQHandler) for TIMER1_IRQHandler
    arm_startup_nrf52.o(RESET) refers to app_timer.o(i.RTC1_IRQHandler) for RTC1_IRQHandler
    arm_startup_nrf52.o(RESET) refers to app_timer.o(i.SWI0_EGU0_IRQHandler) for SWI0_EGU0_IRQHandler
    arm_startup_nrf52.o(.text) refers to system_nrf52.o(i.SystemInit) for SystemInit
    arm_startup_nrf52.o(.text) refers to entry.o(.ARM.Collect$$$$00000000) for __main
    system_nrf52.o(i.SystemCoreClockUpdate) refers to system_nrf52.o(.data) for .data
    system_nrf52.o(i.SystemInit) refers to system_nrf52.o(.data) for .data
    nrf_soc.o(i.sd_nvic_critical_region_enter) refers to nrf_soc.o(.data) for .data
    nrf_soc.o(i.sd_nvic_critical_region_exit) refers to nrf_soc.o(.data) for .data
    nrf_delay.o(i.nrf_delay_ms) refers to nrf_delay.o(.emb_text) for __asm___11_nrf_delay_c_532987f3__nrf_delay_us
    nrf_drv_gpiote.o(i.GPIOTE_IRQHandler) refers to nrf_drv_gpiote.o(i.nrf_gpiote_event_is_set) for nrf_gpiote_event_is_set
    nrf_drv_gpiote.o(i.GPIOTE_IRQHandler) refers to nrf_drv_gpiote.o(i.nrf_gpiote_event_clear) for nrf_gpiote_event_clear
    nrf_drv_gpiote.o(i.GPIOTE_IRQHandler) refers to nrf_drv_gpiote.o(i.channel_port_get) for channel_port_get
    nrf_drv_gpiote.o(i.GPIOTE_IRQHandler) refers to nrf_drv_gpiote.o(i.nrf_gpio_cfg_sense_set) for nrf_gpio_cfg_sense_set
    nrf_drv_gpiote.o(i.GPIOTE_IRQHandler) refers to nrf_drv_gpiote.o(.bss) for .bss
    nrf_drv_gpiote.o(i.channel_free) refers to nrf_drv_gpiote.o(.bss) for .bss
    nrf_drv_gpiote.o(i.channel_port_alloc) refers to nrf_drv_gpiote.o(.bss) for .bss
    nrf_drv_gpiote.o(i.channel_port_get) refers to nrf_drv_gpiote.o(.bss) for .bss
    nrf_drv_gpiote.o(i.nrf_drv_gpiote_in_event_addr_get) refers to nrf_drv_gpiote.o(i.channel_port_get) for channel_port_get
    nrf_drv_gpiote.o(i.nrf_drv_gpiote_in_event_disable) refers to nrf_drv_gpiote.o(i.pin_in_use_by_port) for pin_in_use_by_port
    nrf_drv_gpiote.o(i.nrf_drv_gpiote_in_event_disable) refers to nrf_drv_gpiote.o(i.nrf_gpio_cfg_sense_set) for nrf_gpio_cfg_sense_set
    nrf_drv_gpiote.o(i.nrf_drv_gpiote_in_event_disable) refers to nrf_drv_gpiote.o(i.pin_in_use_by_te) for pin_in_use_by_te
    nrf_drv_gpiote.o(i.nrf_drv_gpiote_in_event_disable) refers to nrf_drv_gpiote.o(i.channel_port_get) for channel_port_get
    nrf_drv_gpiote.o(i.nrf_drv_gpiote_in_event_enable) refers to nrf_drv_gpiote.o(i.pin_in_use_by_port) for pin_in_use_by_port
    nrf_drv_gpiote.o(i.nrf_drv_gpiote_in_event_enable) refers to nrf_drv_gpiote.o(i.channel_port_get) for channel_port_get
    nrf_drv_gpiote.o(i.nrf_drv_gpiote_in_event_enable) refers to nrf_drv_gpiote.o(i.nrf_gpio_cfg_sense_set) for nrf_gpio_cfg_sense_set
    nrf_drv_gpiote.o(i.nrf_drv_gpiote_in_event_enable) refers to nrf_drv_gpiote.o(i.pin_in_use_by_te) for pin_in_use_by_te
    nrf_drv_gpiote.o(i.nrf_drv_gpiote_in_event_enable) refers to nrf_drv_gpiote.o(i.nrf_gpiote_event_clear) for nrf_gpiote_event_clear
    nrf_drv_gpiote.o(i.nrf_drv_gpiote_in_event_enable) refers to nrf_drv_gpiote.o(.bss) for .bss
    nrf_drv_gpiote.o(i.nrf_drv_gpiote_in_init) refers to nrf_drv_gpiote.o(i.channel_port_alloc) for channel_port_alloc
    nrf_drv_gpiote.o(i.nrf_drv_gpiote_in_init) refers to nrf_drv_gpiote.o(i.nrf_gpio_cfg) for nrf_gpio_cfg
    nrf_drv_gpiote.o(i.nrf_drv_gpiote_in_init) refers to nrf_drv_gpiote.o(.bss) for .bss
    nrf_drv_gpiote.o(i.nrf_drv_gpiote_in_uninit) refers to nrf_drv_gpiote.o(i.nrf_drv_gpiote_in_event_disable) for nrf_drv_gpiote_in_event_disable
    nrf_drv_gpiote.o(i.nrf_drv_gpiote_in_uninit) refers to nrf_drv_gpiote.o(i.pin_in_use_by_te) for pin_in_use_by_te
    nrf_drv_gpiote.o(i.nrf_drv_gpiote_in_uninit) refers to nrf_drv_gpiote.o(i.channel_port_get) for channel_port_get
    nrf_drv_gpiote.o(i.nrf_drv_gpiote_in_uninit) refers to nrf_drv_gpiote.o(i.nrf_gpio_cfg_default) for nrf_gpio_cfg_default
    nrf_drv_gpiote.o(i.nrf_drv_gpiote_in_uninit) refers to nrf_drv_gpiote.o(i.channel_free) for channel_free
    nrf_drv_gpiote.o(i.nrf_drv_gpiote_in_uninit) refers to nrf_drv_gpiote.o(.bss) for .bss
    nrf_drv_gpiote.o(i.nrf_drv_gpiote_init) refers to nrf_drv_gpiote.o(i.channel_free) for channel_free
    nrf_drv_gpiote.o(i.nrf_drv_gpiote_init) refers to nrf_drv_common.o(i.nrf_drv_common_irq_enable) for nrf_drv_common_irq_enable
    nrf_drv_gpiote.o(i.nrf_drv_gpiote_init) refers to nrf_drv_gpiote.o(.bss) for .bss
    nrf_drv_gpiote.o(i.nrf_drv_gpiote_is_init) refers to nrf_drv_gpiote.o(.bss) for .bss
    nrf_drv_gpiote.o(i.nrf_drv_gpiote_out_init) refers to nrf_drv_gpiote.o(i.channel_port_alloc) for channel_port_alloc
    nrf_drv_gpiote.o(i.nrf_drv_gpiote_out_init) refers to nrf_drv_gpiote.o(i.nrf_gpio_cfg) for nrf_gpio_cfg
    nrf_drv_gpiote.o(i.nrf_drv_gpiote_out_init) refers to nrf_drv_gpiote.o(.bss) for .bss
    nrf_drv_gpiote.o(i.nrf_drv_gpiote_out_task_addr_get) refers to nrf_drv_gpiote.o(i.channel_port_get) for channel_port_get
    nrf_drv_gpiote.o(i.nrf_drv_gpiote_out_task_disable) refers to nrf_drv_gpiote.o(.bss) for .bss
    nrf_drv_gpiote.o(i.nrf_drv_gpiote_out_task_enable) refers to nrf_drv_gpiote.o(.bss) for .bss
    nrf_drv_gpiote.o(i.nrf_drv_gpiote_out_task_force) refers to nrf_drv_gpiote.o(.bss) for .bss
    nrf_drv_gpiote.o(i.nrf_drv_gpiote_out_task_trigger) refers to nrf_drv_gpiote.o(i.channel_port_get) for channel_port_get
    nrf_drv_gpiote.o(i.nrf_drv_gpiote_out_uninit) refers to nrf_drv_gpiote.o(i.pin_in_use_by_te) for pin_in_use_by_te
    nrf_drv_gpiote.o(i.nrf_drv_gpiote_out_uninit) refers to nrf_drv_gpiote.o(i.channel_port_get) for channel_port_get
    nrf_drv_gpiote.o(i.nrf_drv_gpiote_out_uninit) refers to nrf_drv_gpiote.o(i.channel_free) for channel_free
    nrf_drv_gpiote.o(i.nrf_drv_gpiote_out_uninit) refers to nrf_drv_gpiote.o(i.nrf_gpio_cfg_default) for nrf_gpio_cfg_default
    nrf_drv_gpiote.o(i.nrf_drv_gpiote_out_uninit) refers to nrf_drv_gpiote.o(.bss) for .bss
    nrf_drv_gpiote.o(i.nrf_drv_gpiote_uninit) refers to nrf_drv_gpiote.o(i.nrf_drv_gpiote_in_uninit) for nrf_drv_gpiote_in_uninit
    nrf_drv_gpiote.o(i.nrf_drv_gpiote_uninit) refers to nrf_drv_gpiote.o(i.nrf_drv_gpiote_out_uninit) for nrf_drv_gpiote_out_uninit
    nrf_drv_gpiote.o(i.nrf_drv_gpiote_uninit) refers to nrf_drv_gpiote.o(.bss) for .bss
    nrf_drv_gpiote.o(i.nrf_gpio_cfg_default) refers to nrf_drv_gpiote.o(i.nrf_gpio_cfg) for nrf_gpio_cfg
    nrf_drv_gpiote.o(i.pin_in_use_by_port) refers to nrf_drv_gpiote.o(.bss) for .bss
    nrf_drv_gpiote.o(i.pin_in_use_by_te) refers to nrf_drv_gpiote.o(.bss) for .bss
    nrf_drv_timer.o(i.TIMER1_IRQHandler) refers to nrf_drv_timer.o(.bss) for .bss
    nrf_drv_timer.o(i.nrf_drv_timer_disable) refers to nrf_drv_timer.o(.bss) for .bss
    nrf_drv_timer.o(i.nrf_drv_timer_enable) refers to nrf_drv_timer.o(.bss) for .bss
    nrf_drv_timer.o(i.nrf_drv_timer_extended_compare) refers to nrf_drv_timer.o(i.nrf_drv_timer_compare) for nrf_drv_timer_compare
    nrf_drv_timer.o(i.nrf_drv_timer_init) refers to nrf_drv_common.o(i.nrf_drv_common_irq_enable) for nrf_drv_common_irq_enable
    nrf_drv_timer.o(i.nrf_drv_timer_init) refers to nrf_drv_timer.o(.bss) for .bss
    nrf_drv_timer.o(i.nrf_drv_timer_init) refers to nrf_drv_timer.o(.constdata) for .constdata
    nrf_drv_timer.o(i.nrf_drv_timer_uninit) refers to nrf_drv_timer.o(i.nrf_drv_timer_disable) for nrf_drv_timer_disable
    nrf_drv_timer.o(i.nrf_drv_timer_uninit) refers to nrf_drv_timer.o(.bss) for .bss
    app_button.o(i.app_button_disable) refers to nrf_drv_gpiote.o(i.nrf_drv_gpiote_in_event_disable) for nrf_drv_gpiote_in_event_disable
    app_button.o(i.app_button_disable) refers to app_timer.o(i.app_timer_stop) for app_timer_stop
    app_button.o(i.app_button_disable) refers to app_button.o(.data) for .data
    app_button.o(i.app_button_disable) refers to app_button.o(.constdata) for .constdata
    app_button.o(i.app_button_enable) refers to nrf_drv_gpiote.o(i.nrf_drv_gpiote_in_event_enable) for nrf_drv_gpiote_in_event_enable
    app_button.o(i.app_button_enable) refers to app_button.o(.data) for .data
    app_button.o(i.app_button_init) refers to nrf_drv_gpiote.o(i.nrf_drv_gpiote_is_init) for nrf_drv_gpiote_is_init
    app_button.o(i.app_button_init) refers to nrf_drv_gpiote.o(i.nrf_drv_gpiote_init) for nrf_drv_gpiote_init
    app_button.o(i.app_button_init) refers to nrf_drv_gpiote.o(i.nrf_drv_gpiote_in_init) for nrf_drv_gpiote_in_init
    app_button.o(i.app_button_init) refers to app_timer.o(i.app_timer_create) for app_timer_create
    app_button.o(i.app_button_init) refers to app_button.o(.data) for .data
    app_button.o(i.app_button_init) refers to app_button.o(.constdata) for .constdata
    app_button.o(i.app_button_init) refers to app_button.o(i.gpiote_event_handler) for gpiote_event_handler
    app_button.o(i.app_button_init) refers to app_button.o(i.detection_delay_timeout_handler) for detection_delay_timeout_handler
    app_button.o(i.app_button_is_pushed) refers to nrf_drv_gpiote.o(i.nrf_drv_gpiote_in_is_set) for nrf_drv_gpiote_in_is_set
    app_button.o(i.app_button_is_pushed) refers to app_button.o(.data) for .data
    app_button.o(i.detection_delay_timeout_handler) refers to nrf_drv_gpiote.o(i.nrf_drv_gpiote_in_is_set) for nrf_drv_gpiote_in_is_set
    app_button.o(i.detection_delay_timeout_handler) refers to app_button.o(.data) for .data
    app_button.o(i.gpiote_event_handler) refers to app_timer.o(i.app_timer_stop) for app_timer_stop
    app_button.o(i.gpiote_event_handler) refers to nrf_drv_gpiote.o(i.nrf_drv_gpiote_in_is_set) for nrf_drv_gpiote_in_is_set
    app_button.o(i.gpiote_event_handler) refers to app_timer.o(i.app_timer_start) for app_timer_start
    app_button.o(i.gpiote_event_handler) refers to app_button.o(.constdata) for .constdata
    app_button.o(i.gpiote_event_handler) refers to app_button.o(.data) for .data
    app_button.o(.constdata) refers to app_button.o(.bss) for m_detection_delay_timer_id_data
    app_error.o(i.app_error_handler) refers to main.o(i.app_error_fault_handler) for app_error_fault_handler
    app_error.o(i.app_error_handler_bare) refers to main.o(i.app_error_fault_handler) for app_error_fault_handler
    app_error.o(i.app_error_save_and_stop) refers to app_error.o(.bss) for .bss
    app_simple_timer.o(i.app_simple_timer_event_handler) refers to app_simple_timer.o(.data) for .data
    app_simple_timer.o(i.app_simple_timer_init) refers to nrf_drv_timer.o(i.nrf_drv_timer_init) for nrf_drv_timer_init
    app_simple_timer.o(i.app_simple_timer_init) refers to app_simple_timer.o(i.app_simple_timer_event_handler) for app_simple_timer_event_handler
    app_simple_timer.o(i.app_simple_timer_init) refers to app_simple_timer.o(.constdata) for .constdata
    app_simple_timer.o(i.app_simple_timer_init) refers to app_simple_timer.o(.data) for .data
    app_simple_timer.o(i.app_simple_timer_start) refers to app_simple_timer.o(i.app_simple_timer_stop) for app_simple_timer_stop
    app_simple_timer.o(i.app_simple_timer_start) refers to app_error.o(i.app_error_handler_bare) for app_error_handler_bare
    app_simple_timer.o(i.app_simple_timer_start) refers to nrf_drv_timer.o(i.nrf_drv_timer_clear) for nrf_drv_timer_clear
    app_simple_timer.o(i.app_simple_timer_start) refers to nrf_drv_timer.o(i.nrf_drv_timer_extended_compare) for nrf_drv_timer_extended_compare
    app_simple_timer.o(i.app_simple_timer_start) refers to nrf_drv_timer.o(i.nrf_drv_timer_enable) for nrf_drv_timer_enable
    app_simple_timer.o(i.app_simple_timer_start) refers to nrf_drv_timer.o(i.nrf_drv_timer_resume) for nrf_drv_timer_resume
    app_simple_timer.o(i.app_simple_timer_start) refers to app_simple_timer.o(.data) for .data
    app_simple_timer.o(i.app_simple_timer_start) refers to app_simple_timer.o(.constdata) for .constdata
    app_simple_timer.o(i.app_simple_timer_stop) refers to nrf_drv_timer.o(i.nrf_drv_timer_pause) for nrf_drv_timer_pause
    app_simple_timer.o(i.app_simple_timer_stop) refers to app_simple_timer.o(.data) for .data
    app_simple_timer.o(i.app_simple_timer_stop) refers to app_simple_timer.o(.constdata) for .constdata
    app_simple_timer.o(i.app_simple_timer_uninit) refers to nrf_drv_timer.o(i.nrf_drv_timer_uninit) for nrf_drv_timer_uninit
    app_simple_timer.o(i.app_simple_timer_uninit) refers to app_simple_timer.o(.data) for .data
    app_simple_timer.o(i.app_simple_timer_uninit) refers to app_simple_timer.o(.constdata) for .constdata
    app_timer.o(i.RTC1_IRQHandler) refers to app_timer.o(i.timer_timeouts_check) for timer_timeouts_check
    app_timer.o(i.SWI0_EGU0_IRQHandler) refers to app_timer.o(i.timer_list_handler) for timer_list_handler
    app_timer.o(i.app_timer_create) refers to app_timer.o(.data) for .data
    app_timer.o(i.app_timer_init) refers to app_timer.o(i.rtc1_stop) for rtc1_stop
    app_timer.o(i.app_timer_init) refers to app_timer.o(i.NVIC_ClearPendingIRQ) for NVIC_ClearPendingIRQ
    app_timer.o(i.app_timer_init) refers to app_timer.o(i.NVIC_SetPriority) for NVIC_SetPriority
    app_timer.o(i.app_timer_init) refers to app_timer.o(i.NVIC_EnableIRQ) for NVIC_EnableIRQ
    app_timer.o(i.app_timer_init) refers to app_timer.o(.data) for .data
    app_timer.o(i.app_timer_start) refers to app_timer.o(i.user_id_get) for user_id_get
    app_timer.o(i.app_timer_start) refers to app_timer.o(i.user_op_alloc) for user_op_alloc
    app_timer.o(i.app_timer_start) refers to app_timer.o(i.NVIC_SetPendingIRQ) for NVIC_SetPendingIRQ
    app_timer.o(i.app_timer_start) refers to app_timer.o(.data) for .data
    app_timer.o(i.app_timer_stop) refers to app_timer.o(i.user_id_get) for user_id_get
    app_timer.o(i.app_timer_stop) refers to app_timer.o(i.user_op_alloc) for user_op_alloc
    app_timer.o(i.app_timer_stop) refers to app_timer.o(i.NVIC_SetPendingIRQ) for NVIC_SetPendingIRQ
    app_timer.o(i.app_timer_stop) refers to app_timer.o(.data) for .data
    app_timer.o(i.app_timer_stop_all) refers to app_timer.o(i.user_id_get) for user_id_get
    app_timer.o(i.app_timer_stop_all) refers to app_timer.o(i.user_op_alloc) for user_op_alloc
    app_timer.o(i.app_timer_stop_all) refers to app_timer.o(i.NVIC_SetPendingIRQ) for NVIC_SetPendingIRQ
    app_timer.o(i.app_timer_stop_all) refers to app_timer.o(.data) for .data
    app_timer.o(i.compare_reg_update) refers to app_timer.o(i.NVIC_ClearPendingIRQ) for NVIC_ClearPendingIRQ
    app_timer.o(i.compare_reg_update) refers to app_timer.o(i.NVIC_EnableIRQ) for NVIC_EnableIRQ
    app_timer.o(i.compare_reg_update) refers to app_timer.o(.emb_text) for __asm___11_app_timer_c_cd27f9c3__nrf_delay_us
    app_timer.o(i.compare_reg_update) refers to app_timer.o(i.NVIC_SetPendingIRQ) for NVIC_SetPendingIRQ
    app_timer.o(i.compare_reg_update) refers to app_timer.o(i.rtc1_stop) for rtc1_stop
    app_timer.o(i.compare_reg_update) refers to app_timer.o(.data) for .data
    app_timer.o(i.elapsed_ticks_acquire) refers to app_timer.o(.data) for .data
    app_timer.o(i.list_deletions_handler) refers to app_timer.o(.data) for .data
    app_timer.o(i.list_insertions_handler) refers to app_timer.o(i.timer_list_insert) for timer_list_insert
    app_timer.o(i.list_insertions_handler) refers to app_timer.o(.data) for .data
    app_timer.o(i.rtc1_stop) refers to app_timer.o(.emb_text) for __asm___11_app_timer_c_cd27f9c3__nrf_delay_us
    app_timer.o(i.rtc1_stop) refers to app_timer.o(.data) for .data
    app_timer.o(i.timer_list_handler) refers to app_timer.o(i.elapsed_ticks_acquire) for elapsed_ticks_acquire
    app_timer.o(i.timer_list_handler) refers to app_timer.o(i.list_deletions_handler) for list_deletions_handler
    app_timer.o(i.timer_list_handler) refers to app_timer.o(i.list_insertions_handler) for list_insertions_handler
    app_timer.o(i.timer_list_handler) refers to app_timer.o(i.compare_reg_update) for compare_reg_update
    app_timer.o(i.timer_list_handler) refers to app_timer.o(.data) for .data
    app_timer.o(i.timer_list_insert) refers to app_timer.o(.data) for .data
    app_timer.o(i.timer_timeouts_check) refers to app_error.o(i.app_error_handler_bare) for app_error_handler_bare
    app_timer.o(i.timer_timeouts_check) refers to app_timer.o(i.NVIC_SetPendingIRQ) for NVIC_SetPendingIRQ
    app_timer.o(i.timer_timeouts_check) refers to app_timer.o(.data) for .data
    app_util_platform.o(i.critical_region_enter) refers to app_util_platform.o(.data) for .data
    app_util_platform.o(i.critical_region_exit) refers to app_util_platform.o(.data) for .data
    entry.o(.ARM.Collect$$$$00000000) refers (Special) to entry10a.o(.ARM.Collect$$$$0000000D) for __rt_final_cpp
    entry.o(.ARM.Collect$$$$00000000) refers (Special) to entry11a.o(.ARM.Collect$$$$0000000F) for __rt_final_exit
    entry.o(.ARM.Collect$$$$00000000) refers (Special) to entry7b.o(.ARM.Collect$$$$00000008) for _main_clock
    entry.o(.ARM.Collect$$$$00000000) refers (Special) to entry8b.o(.ARM.Collect$$$$0000000A) for _main_cpp_init
    entry.o(.ARM.Collect$$$$00000000) refers (Special) to entry9a.o(.ARM.Collect$$$$0000000B) for _main_init
    entry.o(.ARM.Collect$$$$00000000) refers (Special) to entry5.o(.ARM.Collect$$$$00000004) for _main_scatterload
    entry.o(.ARM.Collect$$$$00000000) refers (Special) to entry2.o(.ARM.Collect$$$$00000001) for _main_stk
    entry2.o(.ARM.Collect$$$$00000001) refers to entry2.o(.ARM.Collect$$$$00002712) for __lit__00000000
    entry2.o(.ARM.Collect$$$$00002712) refers to arm_startup_nrf52.o(STACK) for __initial_sp
    entry2.o(__vectab_stack_and_reset_area) refers to arm_startup_nrf52.o(STACK) for __initial_sp
    entry2.o(__vectab_stack_and_reset_area) refers to entry.o(.ARM.Collect$$$$00000000) for __main
    entry5.o(.ARM.Collect$$$$00000004) refers to init.o(.text) for __scatterload
    entry9a.o(.ARM.Collect$$$$0000000B) refers to main.o(i.main) for main
    entry9b.o(.ARM.Collect$$$$0000000C) refers to main.o(i.main) for main
    init.o(.text) refers to entry5.o(.ARM.Collect$$$$00000004) for __main_after_scatterload


==============================================================================

Removing Unused input sections from the image.

    Removing main.o(.rev16_text), (4 bytes).
    Removing main.o(.revsh_text), (4 bytes).
    Removing main.o(.rrx_text), (6 bytes).
    Removing main.o(.emb_text), (118 bytes).
    Removing bsp.o(.rev16_text), (4 bytes).
    Removing bsp.o(.revsh_text), (4 bytes).
    Removing bsp.o(.rrx_text), (6 bytes).
    Removing bsp.o(i.alert_timer_handler), (32 bytes).
    Removing bsp.o(i.bsp_button_event_handler), (168 bytes).
    Removing bsp.o(i.bsp_button_is_pressed), (44 bytes).
    Removing bsp.o(i.bsp_buttons_disable), (4 bytes).
    Removing bsp.o(i.bsp_buttons_enable), (4 bytes).
    Removing bsp.o(i.bsp_buttons_state_get), (60 bytes).
    Removing bsp.o(i.bsp_event_to_button_action_assign), (68 bytes).
    Removing bsp.o(i.bsp_indication_set), (24 bytes).
    Removing bsp.o(i.bsp_indication_text_set), (4 bytes).
    Removing bsp.o(i.bsp_init), (164 bytes).
    Removing bsp.o(i.bsp_led_indication), (548 bytes).
    Removing bsp.o(i.bsp_wakeup_buttons_set), (60 bytes).
    Removing bsp.o(i.button_timer_handler), (8 bytes).
    Removing bsp.o(i.leds_timer_handler), (20 bytes).
    Removing bsp.o(.bss), (32 bytes).
    Removing bsp.o(.bss), (32 bytes).
    Removing bsp.o(.bss), (12 bytes).
    Removing bsp.o(.bss), (32 bytes).
    Removing bsp.o(.constdata), (60 bytes).
    Removing bsp.o(.data), (24 bytes).
    Removing arm_startup_nrf52.o(HEAP), (8192 bytes).
    Removing system_nrf52.o(.rev16_text), (4 bytes).
    Removing system_nrf52.o(.revsh_text), (4 bytes).
    Removing system_nrf52.o(.rrx_text), (6 bytes).
    Removing system_nrf52.o(i.SystemCoreClockUpdate), (16 bytes).
    Removing nrf_soc.o(.rev16_text), (4 bytes).
    Removing nrf_soc.o(.revsh_text), (4 bytes).
    Removing nrf_soc.o(.rrx_text), (6 bytes).
    Removing nrf_soc.o(i.sd_app_evt_wait), (6 bytes).
    Removing nrf_soc.o(i.sd_nvic_ClearPendingIRQ), (24 bytes).
    Removing nrf_soc.o(i.sd_nvic_DisableIRQ), (24 bytes).
    Removing nrf_soc.o(i.sd_nvic_EnableIRQ), (24 bytes).
    Removing nrf_soc.o(i.sd_nvic_GetPendingIRQ), (42 bytes).
    Removing nrf_soc.o(i.sd_nvic_GetPriority), (40 bytes).
    Removing nrf_soc.o(i.sd_nvic_SetPendingIRQ), (24 bytes).
    Removing nrf_soc.o(i.sd_nvic_SetPriority), (34 bytes).
    Removing nrf_soc.o(i.sd_nvic_SystemReset), (36 bytes).
    Removing nrf_soc.o(i.sd_nvic_critical_region_enter), (28 bytes).
    Removing nrf_soc.o(i.sd_nvic_critical_region_exit), (24 bytes).
    Removing nrf_soc.o(.data), (1 bytes).
    Removing nrf_drv_common.o(.rev16_text), (4 bytes).
    Removing nrf_drv_common.o(.revsh_text), (4 bytes).
    Removing nrf_drv_common.o(.rrx_text), (6 bytes).
    Removing nrf_delay.o(.rev16_text), (4 bytes).
    Removing nrf_delay.o(.revsh_text), (4 bytes).
    Removing nrf_delay.o(.rrx_text), (6 bytes).
    Removing nrf_drv_gpiote.o(.rev16_text), (4 bytes).
    Removing nrf_drv_gpiote.o(.revsh_text), (4 bytes).
    Removing nrf_drv_gpiote.o(.rrx_text), (6 bytes).
    Removing nrf_drv_gpiote.o(i.channel_free), (28 bytes).
    Removing nrf_drv_gpiote.o(i.channel_port_alloc), (72 bytes).
    Removing nrf_drv_gpiote.o(i.nrf_drv_gpiote_in_event_addr_get), (28 bytes).
    Removing nrf_drv_gpiote.o(i.nrf_drv_gpiote_in_event_disable), (72 bytes).
    Removing nrf_drv_gpiote.o(i.nrf_drv_gpiote_in_event_enable), (164 bytes).
    Removing nrf_drv_gpiote.o(i.nrf_drv_gpiote_in_init), (184 bytes).
    Removing nrf_drv_gpiote.o(i.nrf_drv_gpiote_in_is_set), (20 bytes).
    Removing nrf_drv_gpiote.o(i.nrf_drv_gpiote_in_uninit), (72 bytes).
    Removing nrf_drv_gpiote.o(i.nrf_drv_gpiote_init), (84 bytes).
    Removing nrf_drv_gpiote.o(i.nrf_drv_gpiote_is_init), (20 bytes).
    Removing nrf_drv_gpiote.o(i.nrf_drv_gpiote_out_clear), (16 bytes).
    Removing nrf_drv_gpiote.o(i.nrf_drv_gpiote_out_init), (184 bytes).
    Removing nrf_drv_gpiote.o(i.nrf_drv_gpiote_out_set), (16 bytes).
    Removing nrf_drv_gpiote.o(i.nrf_drv_gpiote_out_task_addr_get), (20 bytes).
    Removing nrf_drv_gpiote.o(i.nrf_drv_gpiote_out_task_disable), (36 bytes).
    Removing nrf_drv_gpiote.o(i.nrf_drv_gpiote_out_task_enable), (52 bytes).
    Removing nrf_drv_gpiote.o(i.nrf_drv_gpiote_out_task_force), (40 bytes).
    Removing nrf_drv_gpiote.o(i.nrf_drv_gpiote_out_task_trigger), (24 bytes).
    Removing nrf_drv_gpiote.o(i.nrf_drv_gpiote_out_toggle), (32 bytes).
    Removing nrf_drv_gpiote.o(i.nrf_drv_gpiote_out_uninit), (68 bytes).
    Removing nrf_drv_gpiote.o(i.nrf_drv_gpiote_uninit), (56 bytes).
    Removing nrf_drv_gpiote.o(i.nrf_gpio_cfg), (34 bytes).
    Removing nrf_drv_gpiote.o(i.nrf_gpio_cfg_default), (18 bytes).
    Removing nrf_drv_gpiote.o(i.pin_in_use_by_port), (24 bytes).
    Removing nrf_drv_gpiote.o(i.pin_in_use_by_te), (24 bytes).
    Removing nrf_drv_timer.o(.rev16_text), (4 bytes).
    Removing nrf_drv_timer.o(.revsh_text), (4 bytes).
    Removing nrf_drv_timer.o(.rrx_text), (6 bytes).
    Removing nrf_drv_timer.o(i.nrf_drv_timer_capture), (30 bytes).
    Removing nrf_drv_timer.o(i.nrf_drv_timer_compare_int_disable), (14 bytes).
    Removing nrf_drv_timer.o(i.nrf_drv_timer_compare_int_enable), (32 bytes).
    Removing nrf_drv_timer.o(i.nrf_drv_timer_disable), (28 bytes).
    Removing nrf_drv_timer.o(i.nrf_drv_timer_increment), (8 bytes).
    Removing nrf_drv_timer.o(i.nrf_drv_timer_uninit), (80 bytes).
    Removing app_button.o(.rev16_text), (4 bytes).
    Removing app_button.o(.revsh_text), (4 bytes).
    Removing app_button.o(.rrx_text), (6 bytes).
    Removing app_button.o(i.app_button_disable), (48 bytes).
    Removing app_button.o(i.app_button_enable), (36 bytes).
    Removing app_button.o(i.app_button_init), (112 bytes).
    Removing app_button.o(i.app_button_is_pushed), (44 bytes).
    Removing app_button.o(i.detection_delay_timeout_handler), (96 bytes).
    Removing app_button.o(i.gpiote_event_handler), (88 bytes).
    Removing app_button.o(.bss), (32 bytes).
    Removing app_button.o(.constdata), (8 bytes).
    Removing app_button.o(.data), (20 bytes).
    Removing app_error.o(.rev16_text), (4 bytes).
    Removing app_error.o(.revsh_text), (4 bytes).
    Removing app_error.o(.rrx_text), (6 bytes).
    Removing app_error.o(i.app_error_fault_handler), (36 bytes).
    Removing app_error.o(i.app_error_handler), (22 bytes).
    Removing app_error.o(i.app_error_save_and_stop), (100 bytes).
    Removing app_error.o(.bss), (32 bytes).
    Removing app_simple_timer.o(.rev16_text), (4 bytes).
    Removing app_simple_timer.o(.revsh_text), (4 bytes).
    Removing app_simple_timer.o(.rrx_text), (6 bytes).
    Removing app_simple_timer.o(i.app_simple_timer_uninit), (32 bytes).
    Removing app_timer.o(.rev16_text), (4 bytes).
    Removing app_timer.o(.revsh_text), (4 bytes).
    Removing app_timer.o(.rrx_text), (6 bytes).
    Removing app_timer.o(i.NVIC_SetPriority), (32 bytes).
    Removing app_timer.o(i.app_timer_cnt_diff_compute), (12 bytes).
    Removing app_timer.o(i.app_timer_cnt_get), (16 bytes).
    Removing app_timer.o(i.app_timer_create), (36 bytes).
    Removing app_timer.o(i.app_timer_init), (144 bytes).
    Removing app_timer.o(i.app_timer_start), (128 bytes).
    Removing app_timer.o(i.app_timer_stop), (80 bytes).
    Removing app_timer.o(i.app_timer_stop_all), (72 bytes).
    Removing app_timer.o(i.user_id_get), (68 bytes).
    Removing app_timer.o(i.user_op_alloc), (40 bytes).
    Removing app_util_platform.o(.rev16_text), (4 bytes).
    Removing app_util_platform.o(.revsh_text), (4 bytes).
    Removing app_util_platform.o(.rrx_text), (6 bytes).
    Removing app_util_platform.o(i.critical_region_enter), (16 bytes).
    Removing app_util_platform.o(i.critical_region_exit), (20 bytes).
    Removing app_util_platform.o(.data), (4 bytes).
    Removing nrf_assert.o(.rev16_text), (4 bytes).
    Removing nrf_assert.o(.revsh_text), (4 bytes).
    Removing nrf_assert.o(.rrx_text), (6 bytes).

135 unused section(s) (total 13183 bytes) removed from the image.

==============================================================================

Image Symbol Table

    Local Symbols

    Symbol Name                              Value     Ov Type        Size  Object(Section)

    RESET                                    0x00000000   Section     1024  arm_startup_nrf52.o(RESET)
    ../clib/microlib/init/entry.s            0x00000000   Number         0  entry11a.o ABSOLUTE
    ../clib/microlib/init/entry.s            0x00000000   Number         0  entry5.o ABSOLUTE
    ../clib/microlib/init/entry.s            0x00000000   Number         0  entry7a.o ABSOLUTE
    ../clib/microlib/init/entry.s            0x00000000   Number         0  entry8a.o ABSOLUTE
    ../clib/microlib/init/entry.s            0x00000000   Number         0  entry11b.o ABSOLUTE
    ../clib/microlib/init/entry.s            0x00000000   Number         0  entry10b.o ABSOLUTE
    ../clib/microlib/init/entry.s            0x00000000   Number         0  entry10a.o ABSOLUTE
    ../clib/microlib/init/entry.s            0x00000000   Number         0  entry9b.o ABSOLUTE
    ../clib/microlib/init/entry.s            0x00000000   Number         0  entry7b.o ABSOLUTE
    ../clib/microlib/init/entry.s            0x00000000   Number         0  entry.o ABSOLUTE
    ../clib/microlib/init/entry.s            0x00000000   Number         0  entry8b.o ABSOLUTE
    ../clib/microlib/init/entry.s            0x00000000   Number         0  entry2.o ABSOLUTE
    ../clib/microlib/init/entry.s            0x00000000   Number         0  entry9a.o ABSOLUTE
    ..\..\main.c                             0x00000000   Number         0  main.o ABSOLUTE
    ..\\..\\main.c                           0x00000000   Number         0  main.o ABSOLUTE
    RTE\Board_Support\nRF52832_xxAA\bsp.c    0x00000000   Number         0  bsp.o ABSOLUTE
    RTE\Device\nRF52832_xxAA\arm_startup_nrf52.s 0x00000000   Number         0  arm_startup_nrf52.o ABSOLUTE
    RTE\Device\nRF52832_xxAA\system_nrf52.c  0x00000000   Number         0  system_nrf52.o ABSOLUTE
    RTE\\Board_Support\\nRF52832_xxAA\\bsp.c 0x00000000   Number         0  bsp.o ABSOLUTE
    RTE\\Device\\nRF52832_xxAA\\system_nrf52.c 0x00000000   Number         0  system_nrf52.o ABSOLUTE
    RTE\\nRF_Drivers\\nRF52832_xxAA\\nrf_soc.c 0x00000000   Number         0  nrf_soc.o ABSOLUTE
    RTE\\nRF_Libraries\\nRF52832_xxAA\\app_button.c 0x00000000   Number         0  app_button.o ABSOLUTE
    RTE\\nRF_Libraries\\nRF52832_xxAA\\app_error.c 0x00000000   Number         0  app_error.o ABSOLUTE
    RTE\\nRF_Libraries\\nRF52832_xxAA\\app_simple_timer.c 0x00000000   Number         0  app_simple_timer.o ABSOLUTE
    RTE\\nRF_Libraries\\nRF52832_xxAA\\app_timer.c 0x00000000   Number         0  app_timer.o ABSOLUTE
    RTE\\nRF_Libraries\\nRF52832_xxAA\\app_util_platform.c 0x00000000   Number         0  app_util_platform.o ABSOLUTE
    RTE\\nRF_Libraries\\nRF52832_xxAA\\nrf_assert.c 0x00000000   Number         0  nrf_assert.o ABSOLUTE
    RTE\nRF_Drivers\nRF52832_xxAA\nrf_soc.c  0x00000000   Number         0  nrf_soc.o ABSOLUTE
    RTE\nRF_Libraries\nRF52832_xxAA\app_button.c 0x00000000   Number         0  app_button.o ABSOLUTE
    RTE\nRF_Libraries\nRF52832_xxAA\app_error.c 0x00000000   Number         0  app_error.o ABSOLUTE
    RTE\nRF_Libraries\nRF52832_xxAA\app_simple_timer.c 0x00000000   Number         0  app_simple_timer.o ABSOLUTE
    RTE\nRF_Libraries\nRF52832_xxAA\app_timer.c 0x00000000   Number         0  app_timer.o ABSOLUTE
    RTE\nRF_Libraries\nRF52832_xxAA\app_util_platform.c 0x00000000   Number         0  app_util_platform.o ABSOLUTE
    RTE\nRF_Libraries\nRF52832_xxAA\nrf_assert.c 0x00000000   Number         0  nrf_assert.o ABSOLUTE
    d:\Keil_v5\ARM\PACK\NordicSemiconductor\nRF_Drivers\4.0.0-2.alpha\common\nrf_drv_common.c 0x00000000   Number         0  nrf_drv_common.o ABSOLUTE
    d:\Keil_v5\ARM\PACK\NordicSemiconductor\nRF_Drivers\4.0.0-2.alpha\delay\nrf_delay.c 0x00000000   Number         0  nrf_delay.o ABSOLUTE
    d:\Keil_v5\ARM\PACK\NordicSemiconductor\nRF_Drivers\4.0.0-2.alpha\gpiote\nrf_drv_gpiote.c 0x00000000   Number         0  nrf_drv_gpiote.o ABSOLUTE
    d:\Keil_v5\ARM\PACK\NordicSemiconductor\nRF_Drivers\4.0.0-2.alpha\timer\nrf_drv_timer.c 0x00000000   Number         0  nrf_drv_timer.o ABSOLUTE
    d:\\Keil_v5\\ARM\\PACK\\NordicSemiconductor\\nRF_Drivers\\4.0.0-2.alpha\\common\\nrf_drv_common.c 0x00000000   Number         0  nrf_drv_common.o ABSOLUTE
    d:\\Keil_v5\\ARM\\PACK\\NordicSemiconductor\\nRF_Drivers\\4.0.0-2.alpha\\delay\\nrf_delay.c 0x00000000   Number         0  nrf_delay.o ABSOLUTE
    d:\\Keil_v5\\ARM\\PACK\\NordicSemiconductor\\nRF_Drivers\\4.0.0-2.alpha\\gpiote\\nrf_drv_gpiote.c 0x00000000   Number         0  nrf_drv_gpiote.o ABSOLUTE
    d:\\Keil_v5\\ARM\\PACK\\NordicSemiconductor\\nRF_Drivers\\4.0.0-2.alpha\\timer\\nrf_drv_timer.c 0x00000000   Number         0  nrf_drv_timer.o ABSOLUTE
    dc.s                                     0x00000000   Number         0  dc.o ABSOLUTE
    handlers.s                               0x00000000   Number         0  handlers.o ABSOLUTE
    init.s                                   0x00000000   Number         0  init.o ABSOLUTE
    .ARM.Collect$$$$00000000                 0x00000400   Section        0  entry.o(.ARM.Collect$$$$00000000)
    .ARM.Collect$$$$00000001                 0x00000400   Section        4  entry2.o(.ARM.Collect$$$$00000001)
    .ARM.Collect$$$$00000004                 0x00000404   Section        4  entry5.o(.ARM.Collect$$$$00000004)
    .ARM.Collect$$$$00000008                 0x00000408   Section        0  entry7b.o(.ARM.Collect$$$$00000008)
    .ARM.Collect$$$$0000000A                 0x00000408   Section        0  entry8b.o(.ARM.Collect$$$$0000000A)
    .ARM.Collect$$$$0000000B                 0x00000408   Section        8  entry9a.o(.ARM.Collect$$$$0000000B)
    .ARM.Collect$$$$0000000D                 0x00000410   Section        0  entry10a.o(.ARM.Collect$$$$0000000D)
    .ARM.Collect$$$$0000000F                 0x00000410   Section        0  entry11a.o(.ARM.Collect$$$$0000000F)
    .ARM.Collect$$$$00002712                 0x00000410   Section        4  entry2.o(.ARM.Collect$$$$00002712)
    __lit__00000000                          0x00000410   Data           4  entry2.o(.ARM.Collect$$$$00002712)
    .emb_text                                0x00000414   Section      118  nrf_delay.o(.emb_text)
    $v0                                      0x00000414   Number         0  nrf_delay.o(.emb_text)
    .emb_text                                0x0000048c   Section      118  app_timer.o(.emb_text)
    $v0                                      0x0000048c   Number         0  app_timer.o(.emb_text)
    .text                                    0x00000504   Section       36  arm_startup_nrf52.o(.text)
    $v0                                      0x00000504   Number         0  arm_startup_nrf52.o(.text)
    .text                                    0x00000528   Section       36  init.o(.text)
    i.GPIOTE_IRQHandler                      0x0000054c   Section        0  nrf_drv_gpiote.o(i.GPIOTE_IRQHandler)
    i.NVIC_ClearPendingIRQ                   0x00000650   Section        0  app_timer.o(i.NVIC_ClearPendingIRQ)
    NVIC_ClearPendingIRQ                     0x00000651   Thumb Code    22  app_timer.o(i.NVIC_ClearPendingIRQ)
    i.NVIC_EnableIRQ                         0x00000666   Section        0  app_timer.o(i.NVIC_EnableIRQ)
    NVIC_EnableIRQ                           0x00000667   Thumb Code    22  app_timer.o(i.NVIC_EnableIRQ)
    i.NVIC_SetPendingIRQ                     0x0000067c   Section        0  app_timer.o(i.NVIC_SetPendingIRQ)
    NVIC_SetPendingIRQ                       0x0000067d   Thumb Code    22  app_timer.o(i.NVIC_SetPendingIRQ)
    i.RTC1_IRQHandler                        0x00000694   Section        0  app_timer.o(i.RTC1_IRQHandler)
    i.SWI0_EGU0_IRQHandler                   0x000006b8   Section        0  app_timer.o(i.SWI0_EGU0_IRQHandler)
    i.SystemInit                             0x000006bc   Section        0  system_nrf52.o(i.SystemInit)
    i.TIMER1_IRQHandler                      0x00000918   Section        0  nrf_drv_timer.o(i.TIMER1_IRQHandler)
    i.__scatterload_copy                     0x00000960   Section       14  handlers.o(i.__scatterload_copy)
    i.__scatterload_null                     0x0000096e   Section        2  handlers.o(i.__scatterload_null)
    i.__scatterload_zeroinit                 0x00000970   Section       14  handlers.o(i.__scatterload_zeroinit)
    i.app_error_fault_handler                0x00000980   Section        0  main.o(i.app_error_fault_handler)
    i.app_error_handler_bare                 0x000009ac   Section        0  app_error.o(i.app_error_handler_bare)
    i.app_simple_timer_event_handler         0x000009c0   Section        0  app_simple_timer.o(i.app_simple_timer_event_handler)
    app_simple_timer_event_handler           0x000009c1   Thumb Code    24  app_simple_timer.o(i.app_simple_timer_event_handler)
    i.app_simple_timer_init                  0x000009dc   Section        0  app_simple_timer.o(i.app_simple_timer_init)
    i.app_simple_timer_start                 0x00000a00   Section        0  app_simple_timer.o(i.app_simple_timer_start)
    i.app_simple_timer_stop                  0x00000a84   Section        0  app_simple_timer.o(i.app_simple_timer_stop)
    i.channel_port_get                       0x00000aa4   Section        0  nrf_drv_gpiote.o(i.channel_port_get)
    channel_port_get                         0x00000aa5   Thumb Code    10  nrf_drv_gpiote.o(i.channel_port_get)
    i.compare_reg_update                     0x00000ab4   Section        0  app_timer.o(i.compare_reg_update)
    compare_reg_update                       0x00000ab5   Thumb Code   160  app_timer.o(i.compare_reg_update)
    i.elapsed_ticks_acquire                  0x00000b60   Section        0  app_timer.o(i.elapsed_ticks_acquire)
    elapsed_ticks_acquire                    0x00000b61   Thumb Code    58  app_timer.o(i.elapsed_ticks_acquire)
    i.led_and_timer_control                  0x00000ba0   Section        0  main.o(i.led_and_timer_control)
    led_and_timer_control                    0x00000ba1   Thumb Code    62  main.o(i.led_and_timer_control)
    i.list_deletions_handler                 0x00000bec   Section        0  app_timer.o(i.list_deletions_handler)
    list_deletions_handler                   0x00000bed   Thumb Code   178  app_timer.o(i.list_deletions_handler)
    i.list_insertions_handler                0x00000ca8   Section        0  app_timer.o(i.list_insertions_handler)
    list_insertions_handler                  0x00000ca9   Thumb Code   196  app_timer.o(i.list_insertions_handler)
    i.main                                   0x00000d74   Section        0  main.o(i.main)
    i.nrf_delay_ms                           0x00000dc8   Section        0  nrf_delay.o(i.nrf_delay_ms)
    i.nrf_drv_common_irq_enable              0x00000de2   Section        0  nrf_drv_common.o(i.nrf_drv_common_irq_enable)
    i.nrf_drv_timer_clear                    0x00000e1a   Section        0  nrf_drv_timer.o(i.nrf_drv_timer_clear)
    i.nrf_drv_timer_compare                  0x00000e22   Section        0  nrf_drv_timer.o(i.nrf_drv_timer_compare)
    i.nrf_drv_timer_enable                   0x00000e44   Section        0  nrf_drv_timer.o(i.nrf_drv_timer_enable)
    i.nrf_drv_timer_extended_compare         0x00000e60   Section        0  nrf_drv_timer.o(i.nrf_drv_timer_extended_compare)
    i.nrf_drv_timer_init                     0x00000e8c   Section        0  nrf_drv_timer.o(i.nrf_drv_timer_init)
    i.nrf_drv_timer_pause                    0x00000f2c   Section        0  nrf_drv_timer.o(i.nrf_drv_timer_pause)
    i.nrf_drv_timer_resume                   0x00000f34   Section        0  nrf_drv_timer.o(i.nrf_drv_timer_resume)
    i.nrf_gpio_cfg_sense_set                 0x00000f3c   Section        0  nrf_drv_gpiote.o(i.nrf_gpio_cfg_sense_set)
    nrf_gpio_cfg_sense_set                   0x00000f3d   Thumb Code    28  nrf_drv_gpiote.o(i.nrf_gpio_cfg_sense_set)
    i.nrf_gpiote_event_clear                 0x00000f58   Section        0  nrf_drv_gpiote.o(i.nrf_gpiote_event_clear)
    nrf_gpiote_event_clear                   0x00000f59   Thumb Code    16  nrf_drv_gpiote.o(i.nrf_gpiote_event_clear)
    i.nrf_gpiote_event_is_set                0x00000f6c   Section        0  nrf_drv_gpiote.o(i.nrf_gpiote_event_is_set)
    nrf_gpiote_event_is_set                  0x00000f6d   Thumb Code    12  nrf_drv_gpiote.o(i.nrf_gpiote_event_is_set)
    i.rtc1_stop                              0x00000f7c   Section        0  app_timer.o(i.rtc1_stop)
    rtc1_stop                                0x00000f7d   Thumb Code    52  app_timer.o(i.rtc1_stop)
    i.state_machine_state_change             0x00000fb8   Section        0  main.o(i.state_machine_state_change)
    state_machine_state_change               0x00000fb9   Thumb Code    34  main.o(i.state_machine_state_change)
    i.timeout_handler                        0x00000fe0   Section        0  main.o(i.timeout_handler)
    i.timer_list_handler                     0x0000108c   Section        0  app_timer.o(i.timer_list_handler)
    timer_list_handler                       0x0000108d   Thumb Code   134  app_timer.o(i.timer_list_handler)
    i.timer_list_insert                      0x00001118   Section        0  app_timer.o(i.timer_list_insert)
    timer_list_insert                        0x00001119   Thumb Code    56  app_timer.o(i.timer_list_insert)
    i.timer_timeouts_check                   0x00001154   Section        0  app_timer.o(i.timer_timeouts_check)
    timer_timeouts_check                     0x00001155   Thumb Code   124  app_timer.o(i.timer_timeouts_check)
    .constdata                               0x000011d8   Section        8  nrf_drv_timer.o(.constdata)
    m_default_config                         0x000011d8   Data           8  nrf_drv_timer.o(.constdata)
    .constdata                               0x000011e0   Section        8  app_simple_timer.o(.constdata)
    .data                                    0x20000000   Section       12  main.o(.data)
    m_state                                  0x20000000   Data           1  main.o(.data)
    m_state_transit_counter                  0x20000004   Data           4  main.o(.data)
    m_toggle_led_counter                     0x20000008   Data           4  main.o(.data)
    .data                                    0x2000000c   Section        4  system_nrf52.o(.data)
    __tagsym$$used                           0x2000000c   Number         0  system_nrf52.o(.data)
    .data                                    0x20000010   Section       12  app_simple_timer.o(.data)
    m_simple_timer_state                     0x20000010   Data           1  app_simple_timer.o(.data)
    m_mode                                   0x20000011   Data           1  app_simple_timer.o(.data)
    m_timeout_handler                        0x20000014   Data           4  app_simple_timer.o(.data)
    mp_timeout_handler_context               0x20000018   Data           4  app_simple_timer.o(.data)
    .data                                    0x2000001c   Section       32  app_timer.o(.data)
    m_user_array_size                        0x2000001c   Data           1  app_timer.o(.data)
    m_ticks_elapsed_q_read_ind               0x2000001d   Data           1  app_timer.o(.data)
    m_ticks_elapsed_q_write_ind              0x2000001e   Data           1  app_timer.o(.data)
    m_rtc1_running                           0x2000001f   Data           1  app_timer.o(.data)
    m_rtc1_reset                             0x20000020   Data           1  app_timer.o(.data)
    mp_users                                 0x20000024   Data           4  app_timer.o(.data)
    mp_timer_id_head                         0x20000028   Data           4  app_timer.o(.data)
    m_ticks_latest                           0x2000002c   Data           4  app_timer.o(.data)
    m_evt_schedule_func                      0x20000030   Data           4  app_timer.o(.data)
    m_ticks_elapsed                          0x20000034   Data           8  app_timer.o(.data)
    .bss                                     0x2000003c   Section       88  nrf_drv_gpiote.o(.bss)
    m_cb                                     0x2000003c   Data          88  nrf_drv_gpiote.o(.bss)
    .bss                                     0x20000094   Section       12  nrf_drv_timer.o(.bss)
    m_cb                                     0x20000094   Data          12  nrf_drv_timer.o(.bss)
    STACK                                    0x200000a0   Section     8192  arm_startup_nrf52.o(STACK)

    Global Symbols

    Symbol Name                              Value     Ov Type        Size  Object(Section)

    BuildAttributes$$THM_ISAv4$E$P$D$K$B$S$7EM$VFPi3$EXTD16$VFPS$VFMA$PE$A:L22UL41UL21$X:L11$S22US41US21$IEEE1$IW$USESV6$~STKCKD$USESV7$~SHL$OSPACE$EBA8$MICROLIB$REQ8$PRES8$EABIv2 0x00000000   Number         0  anon$$obj.o ABSOLUTE
    __ARM_use_no_argv                        0x00000000   Number         0  main.o ABSOLUTE
    __Vectors                                0x00000000   Data           4  arm_startup_nrf52.o(RESET)
    __cpp_initialize__aeabi_                  - Undefined Weak Reference
    __cxa_finalize                            - Undefined Weak Reference
    __decompress                              - Undefined Weak Reference
    _clock_init                               - Undefined Weak Reference
    _microlib_exit                            - Undefined Weak Reference
    __Vectors_End                            0x00000400   Data           0  arm_startup_nrf52.o(RESET)
    __Vectors_Size                           0x00000400   Number         0  arm_startup_nrf52.o ABSOLUTE
    __main                                   0x00000401   Thumb Code     0  entry.o(.ARM.Collect$$$$00000000)
    _main_stk                                0x00000401   Thumb Code     0  entry2.o(.ARM.Collect$$$$00000001)
    _main_scatterload                        0x00000405   Thumb Code     0  entry5.o(.ARM.Collect$$$$00000004)
    __main_after_scatterload                 0x00000409   Thumb Code     0  entry5.o(.ARM.Collect$$$$00000004)
    _main_clock                              0x00000409   Thumb Code     0  entry7b.o(.ARM.Collect$$$$00000008)
    _main_cpp_init                           0x00000409   Thumb Code     0  entry8b.o(.ARM.Collect$$$$0000000A)
    _main_init                               0x00000409   Thumb Code     0  entry9a.o(.ARM.Collect$$$$0000000B)
    __rt_final_cpp                           0x00000411   Thumb Code     0  entry10a.o(.ARM.Collect$$$$0000000D)
    __rt_final_exit                          0x00000411   Thumb Code     0  entry11a.o(.ARM.Collect$$$$0000000F)
    __asm___11_nrf_delay_c_532987f3__nrf_delay_us 0x00000415   Thumb Code   118  nrf_delay.o(.emb_text)
    __asm___11_app_timer_c_cd27f9c3__nrf_delay_us 0x0000048d   Thumb Code   118  app_timer.o(.emb_text)
    Reset_Handler                            0x00000505   Thumb Code     8  arm_startup_nrf52.o(.text)
    NMI_Handler                              0x0000050d   Thumb Code     2  arm_startup_nrf52.o(.text)
    HardFault_Handler                        0x0000050f   Thumb Code     2  arm_startup_nrf52.o(.text)
    MemoryManagement_Handler                 0x00000511   Thumb Code     2  arm_startup_nrf52.o(.text)
    BusFault_Handler                         0x00000513   Thumb Code     2  arm_startup_nrf52.o(.text)
    UsageFault_Handler                       0x00000515   Thumb Code     2  arm_startup_nrf52.o(.text)
    SVC_Handler                              0x00000517   Thumb Code     2  arm_startup_nrf52.o(.text)
    PendSV_Handler                           0x00000519   Thumb Code     2  arm_startup_nrf52.o(.text)
    SysTick_Handler                          0x0000051b   Thumb Code     2  arm_startup_nrf52.o(.text)
    CCM_AAR_IRQHandler                       0x0000051d   Thumb Code     0  arm_startup_nrf52.o(.text)
    COMP_LPCOMP_IRQHandler                   0x0000051d   Thumb Code     0  arm_startup_nrf52.o(.text)
    ECB_IRQHandler                           0x0000051d   Thumb Code     0  arm_startup_nrf52.o(.text)
    I2S_IRQHandler                           0x0000051d   Thumb Code     0  arm_startup_nrf52.o(.text)
    MWU_IRQHandler                           0x0000051d   Thumb Code     0  arm_startup_nrf52.o(.text)
    NFCT_IRQHandler                          0x0000051d   Thumb Code     0  arm_startup_nrf52.o(.text)
    PDM_IRQHandler                           0x0000051d   Thumb Code     0  arm_startup_nrf52.o(.text)
    POWER_CLOCK_IRQHandler                   0x0000051d   Thumb Code     0  arm_startup_nrf52.o(.text)
    PWM0_IRQHandler                          0x0000051d   Thumb Code     0  arm_startup_nrf52.o(.text)
    PWM1_IRQHandler                          0x0000051d   Thumb Code     0  arm_startup_nrf52.o(.text)
    PWM2_IRQHandler                          0x0000051d   Thumb Code     0  arm_startup_nrf52.o(.text)
    QDEC_IRQHandler                          0x0000051d   Thumb Code     0  arm_startup_nrf52.o(.text)
    RADIO_IRQHandler                         0x0000051d   Thumb Code     0  arm_startup_nrf52.o(.text)
    RNG_IRQHandler                           0x0000051d   Thumb Code     0  arm_startup_nrf52.o(.text)
    RTC0_IRQHandler                          0x0000051d   Thumb Code     0  arm_startup_nrf52.o(.text)
    RTC2_IRQHandler                          0x0000051d   Thumb Code     0  arm_startup_nrf52.o(.text)
    SAADC_IRQHandler                         0x0000051d   Thumb Code     0  arm_startup_nrf52.o(.text)
    SPIM0_SPIS0_TWIM0_TWIS0_SPI0_TWI0_IRQHandler 0x0000051d   Thumb Code     0  arm_startup_nrf52.o(.text)
    SPIM1_SPIS1_TWIM1_TWIS1_SPI1_TWI1_IRQHandler 0x0000051d   Thumb Code     0  arm_startup_nrf52.o(.text)
    SPIM2_SPIS2_SPI2_IRQHandler              0x0000051d   Thumb Code     0  arm_startup_nrf52.o(.text)
    SWI1_EGU1_IRQHandler                     0x0000051d   Thumb Code     0  arm_startup_nrf52.o(.text)
    SWI2_EGU2_IRQHandler                     0x0000051d   Thumb Code     0  arm_startup_nrf52.o(.text)
    SWI3_EGU3_IRQHandler                     0x0000051d   Thumb Code     0  arm_startup_nrf52.o(.text)
    SWI4_EGU4_IRQHandler                     0x0000051d   Thumb Code     0  arm_startup_nrf52.o(.text)
    SWI5_EGU5_IRQHandler                     0x0000051d   Thumb Code     0  arm_startup_nrf52.o(.text)
    TEMP_IRQHandler                          0x0000051d   Thumb Code     0  arm_startup_nrf52.o(.text)
    TIMER0_IRQHandler                        0x0000051d   Thumb Code     0  arm_startup_nrf52.o(.text)
    TIMER2_IRQHandler                        0x0000051d   Thumb Code     0  arm_startup_nrf52.o(.text)
    TIMER3_IRQHandler                        0x0000051d   Thumb Code     0  arm_startup_nrf52.o(.text)
    TIMER4_IRQHandler                        0x0000051d   Thumb Code     0  arm_startup_nrf52.o(.text)
    UARTE0_UART0_IRQHandler                  0x0000051d   Thumb Code     0  arm_startup_nrf52.o(.text)
    WDT_IRQHandler                           0x0000051d   Thumb Code     0  arm_startup_nrf52.o(.text)
    __scatterload                            0x00000529   Thumb Code    28  init.o(.text)
    __scatterload_rt2                        0x00000529   Thumb Code     0  init.o(.text)
    GPIOTE_IRQHandler                        0x0000054d   Thumb Code   248  nrf_drv_gpiote.o(i.GPIOTE_IRQHandler)
    RTC1_IRQHandler                          0x00000695   Thumb Code    32  app_timer.o(i.RTC1_IRQHandler)
    SWI0_EGU0_IRQHandler                     0x000006b9   Thumb Code     4  app_timer.o(i.SWI0_EGU0_IRQHandler)
    SystemInit                               0x000006bd   Thumb Code   562  system_nrf52.o(i.SystemInit)
    TIMER1_IRQHandler                        0x00000919   Thumb Code    64  nrf_drv_timer.o(i.TIMER1_IRQHandler)
    __scatterload_copy                       0x00000961   Thumb Code    14  handlers.o(i.__scatterload_copy)
    __scatterload_null                       0x0000096f   Thumb Code     2  handlers.o(i.__scatterload_null)
    __scatterload_zeroinit                   0x00000971   Thumb Code    14  handlers.o(i.__scatterload_zeroinit)
    app_error_fault_handler                  0x00000981   Thumb Code    40  main.o(i.app_error_fault_handler)
    app_error_handler_bare                   0x000009ad   Thumb Code    20  app_error.o(i.app_error_handler_bare)
    app_simple_timer_init                    0x000009dd   Thumb Code    24  app_simple_timer.o(i.app_simple_timer_init)
    app_simple_timer_start                   0x00000a01   Thumb Code   124  app_simple_timer.o(i.app_simple_timer_start)
    app_simple_timer_stop                    0x00000a85   Thumb Code    24  app_simple_timer.o(i.app_simple_timer_stop)
    main                                     0x00000d75   Thumb Code    78  main.o(i.main)
    nrf_delay_ms                             0x00000dc9   Thumb Code    26  nrf_delay.o(i.nrf_delay_ms)
    nrf_drv_common_irq_enable                0x00000de3   Thumb Code    56  nrf_drv_common.o(i.nrf_drv_common_irq_enable)
    nrf_drv_timer_clear                      0x00000e1b   Thumb Code     8  nrf_drv_timer.o(i.nrf_drv_timer_clear)
    nrf_drv_timer_compare                    0x00000e23   Thumb Code    34  nrf_drv_timer.o(i.nrf_drv_timer_compare)
    nrf_drv_timer_enable                     0x00000e45   Thumb Code    24  nrf_drv_timer.o(i.nrf_drv_timer_enable)
    nrf_drv_timer_extended_compare           0x00000e61   Thumb Code    42  nrf_drv_timer.o(i.nrf_drv_timer_extended_compare)
    nrf_drv_timer_init                       0x00000e8d   Thumb Code   150  nrf_drv_timer.o(i.nrf_drv_timer_init)
    nrf_drv_timer_pause                      0x00000f2d   Thumb Code     8  nrf_drv_timer.o(i.nrf_drv_timer_pause)
    nrf_drv_timer_resume                     0x00000f35   Thumb Code     8  nrf_drv_timer.o(i.nrf_drv_timer_resume)
    timeout_handler                          0x00000fe1   Thumb Code   164  main.o(i.timeout_handler)
    SIMPLE_TIMER                             0x000011e0   Data           8  app_simple_timer.o(.constdata)
    Region$$Table$$Base                      0x000011e8   Number         0  anon$$obj.o(Region$$Table)
    Region$$Table$$Limit                     0x00001208   Number         0  anon$$obj.o(Region$$Table)
    SystemCoreClock                          0x2000000c   Data           4  system_nrf52.o(.data)
    __initial_sp                             0x200020a0   Data           0  arm_startup_nrf52.o(STACK)



==============================================================================

Memory Map of the image

  Image Entry point : 0x00000401

  Load Region LR_IROM1 (Base: 0x00000000, Size: 0x00001244, Max: 0x00080000, ABSOLUTE)

    Execution Region ER_IROM1 (Base: 0x00000000, Size: 0x00001208, Max: 0x00080000, ABSOLUTE)

    Base Addr    Size         Type   Attr      Idx    E Section Name        Object

    0x00000000   0x00000400   Data   RO          256    RESET               arm_startup_nrf52.o
    0x00000400   0x00000000   Code   RO         1209  * .ARM.Collect$$$$00000000  mc_w.l(entry.o)
    0x00000400   0x00000004   Code   RO         1212    .ARM.Collect$$$$00000001  mc_w.l(entry2.o)
    0x00000404   0x00000004   Code   RO         1215    .ARM.Collect$$$$00000004  mc_w.l(entry5.o)
    0x00000408   0x00000000   Code   RO         1217    .ARM.Collect$$$$00000008  mc_w.l(entry7b.o)
    0x00000408   0x00000000   Code   RO         1219    .ARM.Collect$$$$0000000A  mc_w.l(entry8b.o)
    0x00000408   0x00000008   Code   RO         1220    .ARM.Collect$$$$0000000B  mc_w.l(entry9a.o)
    0x00000410   0x00000000   Code   RO         1222    .ARM.Collect$$$$0000000D  mc_w.l(entry10a.o)
    0x00000410   0x00000000   Code   RO         1224    .ARM.Collect$$$$0000000F  mc_w.l(entry11a.o)
    0x00000410   0x00000004   Code   RO         1213    .ARM.Collect$$$$00002712  mc_w.l(entry2.o)
    0x00000414   0x00000076   Code   RO          450    .emb_text           nrf_delay.o
    0x0000048a   0x00000002   PAD
    0x0000048c   0x00000076   Code   RO          997    .emb_text           app_timer.o
    0x00000502   0x00000002   PAD
    0x00000504   0x00000024   Code   RO          257    .text               arm_startup_nrf52.o
    0x00000528   0x00000024   Code   RO         1226    .text               mc_w.l(init.o)
    0x0000054c   0x00000104   Code   RO          481    i.GPIOTE_IRQHandler  nrf_drv_gpiote.o
    0x00000650   0x00000016   Code   RO          998    i.NVIC_ClearPendingIRQ  app_timer.o
    0x00000666   0x00000016   Code   RO          999    i.NVIC_EnableIRQ    app_timer.o
    0x0000067c   0x00000016   Code   RO         1000    i.NVIC_SetPendingIRQ  app_timer.o
    0x00000692   0x00000002   PAD
    0x00000694   0x00000024   Code   RO         1002    i.RTC1_IRQHandler   app_timer.o
    0x000006b8   0x00000004   Code   RO         1003    i.SWI0_EGU0_IRQHandler  app_timer.o
    0x000006bc   0x0000025c   Code   RO          265    i.SystemInit        system_nrf52.o
    0x00000918   0x00000048   Code   RO          680    i.TIMER1_IRQHandler  nrf_drv_timer.o
    0x00000960   0x0000000e   Code   RO         1230    i.__scatterload_copy  mc_w.l(handlers.o)
    0x0000096e   0x00000002   Code   RO         1231    i.__scatterload_null  mc_w.l(handlers.o)
    0x00000970   0x0000000e   Code   RO         1232    i.__scatterload_zeroinit  mc_w.l(handlers.o)
    0x0000097e   0x00000002   PAD
    0x00000980   0x0000002c   Code   RO            5    i.app_error_fault_handler  main.o
    0x000009ac   0x00000014   Code   RO          882    i.app_error_handler_bare  app_error.o
    0x000009c0   0x0000001c   Code   RO          937    i.app_simple_timer_event_handler  app_simple_timer.o
    0x000009dc   0x00000024   Code   RO          938    i.app_simple_timer_init  app_simple_timer.o
    0x00000a00   0x00000084   Code   RO          939    i.app_simple_timer_start  app_simple_timer.o
    0x00000a84   0x00000020   Code   RO          940    i.app_simple_timer_stop  app_simple_timer.o
    0x00000aa4   0x00000010   Code   RO          484    i.channel_port_get  nrf_drv_gpiote.o
    0x00000ab4   0x000000ac   Code   RO         1011    i.compare_reg_update  app_timer.o
    0x00000b60   0x00000040   Code   RO         1012    i.elapsed_ticks_acquire  app_timer.o
    0x00000ba0   0x0000004c   Code   RO            6    i.led_and_timer_control  main.o
    0x00000bec   0x000000bc   Code   RO         1013    i.list_deletions_handler  app_timer.o
    0x00000ca8   0x000000cc   Code   RO         1014    i.list_insertions_handler  app_timer.o
    0x00000d74   0x00000054   Code   RO            7    i.main              main.o
    0x00000dc8   0x0000001a   Code   RO          451    i.nrf_delay_ms      nrf_delay.o
    0x00000de2   0x00000038   Code   RO          400    i.nrf_drv_common_irq_enable  nrf_drv_common.o
    0x00000e1a   0x00000008   Code   RO          682    i.nrf_drv_timer_clear  nrf_drv_timer.o
    0x00000e22   0x00000022   Code   RO          683    i.nrf_drv_timer_compare  nrf_drv_timer.o
    0x00000e44   0x0000001c   Code   RO          687    i.nrf_drv_timer_enable  nrf_drv_timer.o
    0x00000e60   0x0000002a   Code   RO          688    i.nrf_drv_timer_extended_compare  nrf_drv_timer.o
    0x00000e8a   0x00000002   PAD
    0x00000e8c   0x000000a0   Code   RO          690    i.nrf_drv_timer_init  nrf_drv_timer.o
    0x00000f2c   0x00000008   Code   RO          691    i.nrf_drv_timer_pause  nrf_drv_timer.o
    0x00000f34   0x00000008   Code   RO          692    i.nrf_drv_timer_resume  nrf_drv_timer.o
    0x00000f3c   0x0000001c   Code   RO          506    i.nrf_gpio_cfg_sense_set  nrf_drv_gpiote.o
    0x00000f58   0x00000014   Code   RO          507    i.nrf_gpiote_event_clear  nrf_drv_gpiote.o
    0x00000f6c   0x00000010   Code   RO          508    i.nrf_gpiote_event_is_set  nrf_drv_gpiote.o
    0x00000f7c   0x0000003c   Code   RO         1015    i.rtc1_stop         app_timer.o
    0x00000fb8   0x00000028   Code   RO            8    i.state_machine_state_change  main.o
    0x00000fe0   0x000000ac   Code   RO            9    i.timeout_handler   main.o
    0x0000108c   0x0000008c   Code   RO         1016    i.timer_list_handler  app_timer.o
    0x00001118   0x0000003c   Code   RO         1017    i.timer_list_insert  app_timer.o
    0x00001154   0x00000084   Code   RO         1018    i.timer_timeouts_check  app_timer.o
    0x000011d8   0x00000008   Data   RO          695    .constdata          nrf_drv_timer.o
    0x000011e0   0x00000008   Data   RO          942    .constdata          app_simple_timer.o
    0x000011e8   0x00000020   Data   RO         1228    Region$$Table       anon$$obj.o


    Execution Region RW_IRAM1 (Base: 0x20000000, Size: 0x000020a0, Max: 0x00008000, ABSOLUTE)

    Base Addr    Size         Type   Attr      Idx    E Section Name        Object

    0x20000000   0x0000000c   Data   RW           10    .data               main.o
    0x2000000c   0x00000004   Data   RW          266    .data               system_nrf52.o
    0x20000010   0x0000000c   Data   RW          943    .data               app_simple_timer.o
    0x2000001c   0x00000020   Data   RW         1021    .data               app_timer.o
    0x2000003c   0x00000058   Zero   RW          511    .bss                nrf_drv_gpiote.o
    0x20000094   0x0000000c   Zero   RW          694    .bss                nrf_drv_timer.o
    0x200000a0   0x00002000   Zero   RW          254    STACK               arm_startup_nrf52.o


==============================================================================

Image component sizes


      Code (inc. data)   RO Data    RW Data    ZI Data      Debug   Object Name

         0          0          0          0          0       1776   app_button.o
        20          0          0          0          0       2101   app_error.o
       228         32          8         12          0      11752   app_simple_timer.o
      1244         66          0         32          0      41708   app_timer.o
        36         10       1024          0       8192        844   arm_startup_nrf52.o
       416         38          0         12          0      43511   main.o
       144          0          0          0          0       1811   nrf_delay.o
        56          0          0          0          0      28819   nrf_drv_common.o
       340         26          0          0         88      14632   nrf_drv_gpiote.o
       360         22          8          0         12      16898   nrf_drv_timer.o
       604         42          0          4          0      28934   system_nrf52.o

    ----------------------------------------------------------------------
      3456        236       1072         60       8292     192786   Object Totals
         0          0         32          0          0          0   (incl. Generated)
         8          0          0          0          0          0   (incl. Padding)

    ----------------------------------------------------------------------

      Code (inc. data)   RO Data    RW Data    ZI Data      Debug   Library Member Name

         0          0          0          0          0          0   entry.o
         0          0          0          0          0          0   entry10a.o
         0          0          0          0          0          0   entry11a.o
         8          4          0          0          0          0   entry2.o
         4          0          0          0          0          0   entry5.o
         0          0          0          0          0          0   entry7b.o
         0          0          0          0          0          0   entry8b.o
         8          4          0          0          0          0   entry9a.o
        30          0          0          0          0          0   handlers.o
        36          8          0          0          0         68   init.o

    ----------------------------------------------------------------------
        88         16          0          0          0         68   Library Totals
         2          0          0          0          0          0   (incl. Padding)

    ----------------------------------------------------------------------

      Code (inc. data)   RO Data    RW Data    ZI Data      Debug   Library Name

        86         16          0          0          0         68   mc_w.l

    ----------------------------------------------------------------------
        88         16          0          0          0         68   Library Totals

    ----------------------------------------------------------------------

==============================================================================


      Code (inc. data)   RO Data    RW Data    ZI Data      Debug   

      3544        252       1072         60       8292     189458   Grand Totals
      3544        252       1072         60       8292     189458   ELF Image Totals
      3544        252       1072         60          0          0   ROM Totals

==============================================================================

    Total RO  Size (Code + RO Data)                 4616 (   4.51kB)
    Total RW  Size (RW Data + ZI Data)              8352 (   8.16kB)
    Total ROM Size (Code + RO Data + RW Data)       4676 (   4.57kB)

==============================================================================

