<html>
<body>
<pre>
<h1>µVision Build Log</h1>
<h2>Tool Versions:</h2>
IDE-Version: ¦ÌVision V5.17.0.0
Copyright (C) 2015 ARM Ltd and ARM Germany GmbH. All rights reserved.
License Information: h s, f, LIC=IK1CX-HSUZF-12PLE-5XG4Q-GD9AH-WXK8G
 
Tool Versions:
Toolchain:       MDK-ARM Standard  Version: 5.17
Toolchain Path:  d:\Keil_v5\ARM\ARMCC\Bin
C Compiler:      Armcc.exe V5.06 update 1 (build 61)
Assembler:       Armasm.exe V5.06 update 1 (build 61)
Linker/Locator:  ArmLink.exe V5.06 update 1 (build 61)
Library Manager: ArmAr.exe V5.06 update 1 (build 61)
Hex Converter:   FromElf.exe V5.06 update 1 (build 61)
CPU DLL:         SARMCM3.DLL V5.17
Dialog DLL:      DARMCM1.DLL V1.12.0.0
Target DLL:      UL2CM3.DLL V1.156.1.0
Dialog DLL:      TARMCM1.DLL V1.9.0.0
 
<h2>Project:</h2>
E:\projects\HeartRate\MXD2660_blood_pressure\projects\evaluation_sample\evaluation_sample.uvprojx
Project File Date:  09/22/2017

<h2>Output:</h2>
*** Using Compiler 'V5.06 update 1 (build 61)', folder: 'd:\Keil_v5\ARM\ARMCC\Bin'
Rebuild target 'Evaluation_sample'
assembling cm0plus_startup.s...
compiling sys.c...
compiling mxd_trx_service.c...
compiling ancs_service.c...
compiling calendar.c...
compiling utility.c...
compiling debug.c...
compiling err_debug.c...
compiling hci_cmd.c...
compiling hci_msg_api.c...
compiling hci_api.c...
compiling hci_event.c...
compiling led.c...
compiling app_ble.c...
compiling app_main.c...
compiling app_task.c...
compiling app_ota.c...
linking...
Program Size: Code=5312 RO-data=288 RW-data=100 ZI-data=1360  
FromELF: creating hex file...
After Build - User command #1: d:\Keil_v5\ARM\ARMCC\bin\fromelf.exe --bin -o ./Objects/evaluation.bin  ./Objects/evaluation.axf
After Build - User command #2: ..\..\tools\ota\ota_crc.exe .\Objects\evaluation.bin
.\Objects\evaluation.bin
.\Objects\evaluation.bin_ota
5700
".\Objects\evaluation.axf" - 0 Error(s), 0 Warning(s).

<h2>Collection of Component include folders:</h2>
  E:\projects\HeartRate\MXD2660_blood_pressure\projects\evaluation_sample\RTE
  d:\Keil_v5\ARM\PACK\ARM\CMSIS\5.0.1\Device\ARM\ARMCM0plus\Include

<h2>Collection of Component Files used:</h2>
Build Time Elapsed:  00:00:03
</pre>
</body>
</html>
